################################################################################
#                                                                              #
#      IAR Universal Linker V5.3.2.26                                          #
#                                                                              #
#           Link time     =  27/Mar/2024  20:07:32                             #
#           Target CPU    =  MSP430                                            #
#           List file     =  F:\Code\PUMP\T98-40\code\Modelreplacement\T9840_2 #
#                            30907\bin\52350\List\52350.map                    #
#           Output file 1 =  F:\Code\PUMP\T98-40\code\Modelreplacement\T9840_2 #
#                            30907\bin\52350\Exe\52350.hex                     #
#                            Format: intel-extended                            #
#           Output file 2 =  F:\Code\PUMP\T98-40\code\Modelreplacement\T9840_2 #
#                            30907\bin\52350\Exe\52350.d43                     #
#                            Format: debug                                     #
#                            UBROF version 10.0.6                              #
#                            Using library modules for C-SPY (-rt)             #
#           Command line  =  F:\Code\PUMP\T98-40\code\Modelreplacement\T9840_2 #
#                            30907\bin\52350\Obj\ADCSample.r43                 #
#                            F:\Code\PUMP\T98-40\code\Modelreplacement\T9840_2 #
#                            30907\bin\52350\Obj\AppMain.r43                   #
#                            F:\Code\PUMP\T98-40\code\Modelreplacement\T9840_2 #
#                            30907\bin\52350\Obj\AppMain_data.r43              #
#                            F:\Code\PUMP\T98-40\code\Modelreplacement\T9840_2 #
#                            30907\bin\52350\Obj\DTC.r43                       #
#                            F:\Code\PUMP\T98-40\code\Modelreplacement\T9840_2 #
#                            30907\bin\52350\Obj\ECUFaultDiag.r43              #
#                            F:\Code\PUMP\T98-40\code\Modelreplacement\T9840_2 #
#                            30907\bin\52350\Obj\FeedBack.r43                  #
#                            F:\Code\PUMP\T98-40\code\Modelreplacement\T9840_2 #
#                            30907\bin\52350\Obj\IsrHandler.r43                #
#                            F:\Code\PUMP\T98-40\code\Modelreplacement\T9840_2 #
#                            30907\bin\52350\Obj\MotorAPI.r43                  #
#                            F:\Code\PUMP\T98-40\code\Modelreplacement\T9840_2 #
#                            30907\bin\52350\Obj\MotorRestartAndFaultCnt.r43   #
#                            F:\Code\PUMP\T98-40\code\Modelreplacement\T9840_2 #
#                            30907\bin\52350\Obj\MotorTargetSpeedMux.r43       #
#                            F:\Code\PUMP\T98-40\code\Modelreplacement\T9840_2 #
#                            30907\bin\52350\Obj\PwmIn.r43                     #
#                            F:\Code\PUMP\T98-40\code\Modelreplacement\T9840_2 #
#                            30907\bin\52350\Obj\PwmInParamEval.r43            #
#                            F:\Code\PUMP\T98-40\code\Modelreplacement\T9840_2 #
#                            30907\bin\52350\Obj\PwmInTargetSpeedEval.r43      #
#                            F:\Code\PUMP\T98-40\code\Modelreplacement\T9840_2 #
#                            30907\bin\52350\Obj\VBatMonitor.r43               #
#                            F:\Code\PUMP\T98-40\code\Modelreplacement\T9840_2 #
#                            30907\bin\52350\Obj\bemf_control.r43              #
#                            F:\Code\PUMP\T98-40\code\Modelreplacement\T9840_2 #
#                            30907\bin\52350\Obj\cctimer.r43                   #
#                            F:\Code\PUMP\T98-40\code\Modelreplacement\T9840_2 #
#                            30907\bin\52350\Obj\commons.r43                   #
#                            F:\Code\PUMP\T98-40\code\Modelreplacement\T9840_2 #
#                            30907\bin\52350\Obj\crc16.r43                     #
#                            F:\Code\PUMP\T98-40\code\Modelreplacement\T9840_2 #
#                            30907\bin\52350\Obj\crcccitt.r43                  #
#                            F:\Code\PUMP\T98-40\code\Modelreplacement\T9840_2 #
#                            30907\bin\52350\Obj\debug.r43                     #
#                            F:\Code\PUMP\T98-40\code\Modelreplacement\T9840_2 #
#                            30907\bin\52350\Obj\divider.r43                   #
#                            F:\Code\PUMP\T98-40\code\Modelreplacement\T9840_2 #
#                            30907\bin\52350\Obj\driver_52350.r43              #
#                            F:\Code\PUMP\T98-40\code\Modelreplacement\T9840_2 #
#                            30907\bin\52350\Obj\driver_generic.r43            #
#                            F:\Code\PUMP\T98-40\code\Modelreplacement\T9840_2 #
#                            30907\bin\52350\Obj\flash_ctrl.r43                #
#                            F:\Code\PUMP\T98-40\code\Modelreplacement\T9840_2 #
#                            30907\bin\52350\Obj\freemaster_appcmd.r43         #
#                            F:\Code\PUMP\T98-40\code\Modelreplacement\T9840_2 #
#                            30907\bin\52350\Obj\freemaster_e52352.r43         #
#                            F:\Code\PUMP\T98-40\code\Modelreplacement\T9840_2 #
#                            30907\bin\52350\Obj\freemaster_pipes.r43          #
#                            F:\Code\PUMP\T98-40\code\Modelreplacement\T9840_2 #
#                            30907\bin\52350\Obj\freemaster_protocol.r43       #
#                            F:\Code\PUMP\T98-40\code\Modelreplacement\T9840_2 #
#                            30907\bin\52350\Obj\freemaster_rec.r43            #
#                            F:\Code\PUMP\T98-40\code\Modelreplacement\T9840_2 #
#                            30907\bin\52350\Obj\freemaster_scope.r43          #
#                            F:\Code\PUMP\T98-40\code\Modelreplacement\T9840_2 #
#                            30907\bin\52350\Obj\freemaster_serial.r43         #
#                            F:\Code\PUMP\T98-40\code\Modelreplacement\T9840_2 #
#                            30907\bin\52350\Obj\freemaster_sfio.r43           #
#                            F:\Code\PUMP\T98-40\code\Modelreplacement\T9840_2 #
#                            30907\bin\52350\Obj\freemaster_tsa.r43            #
#                            F:\Code\PUMP\T98-40\code\Modelreplacement\T9840_2 #
#                            30907\bin\52350\Obj\gpio.r43                      #
#                            F:\Code\PUMP\T98-40\code\Modelreplacement\T9840_2 #
#                            30907\bin\52350\Obj\h430_mul.r43                  #
#                            F:\Code\PUMP\T98-40\code\Modelreplacement\T9840_2 #
#                            30907\bin\52350\Obj\iomux_ctrl.r43                #
#                            F:\Code\PUMP\T98-40\code\Modelreplacement\T9840_2 #
#                            30907\bin\52350\Obj\main.r43                      #
#                            F:\Code\PUMP\T98-40\code\Modelreplacement\T9840_2 #
#                            30907\bin\52350\Obj\mem_prot.r43                  #
#                            F:\Code\PUMP\T98-40\code\Modelreplacement\T9840_2 #
#                            30907\bin\52350\Obj\motor.r43                     #
#                            F:\Code\PUMP\T98-40\code\Modelreplacement\T9840_2 #
#                            30907\bin\52350\Obj\parameters.r43                #
#                            F:\Code\PUMP\T98-40\code\Modelreplacement\T9840_2 #
#                            30907\bin\52350\Obj\pi_controller.r43             #
#                            F:\Code\PUMP\T98-40\code\Modelreplacement\T9840_2 #
#                            30907\bin\52350\Obj\pre_pwm.r43                   #
#                            F:\Code\PUMP\T98-40\code\Modelreplacement\T9840_2 #
#                            30907\bin\52350\Obj\pre_pwm_helper.r43            #
#                            F:\Code\PUMP\T98-40\code\Modelreplacement\T9840_2 #
#                            30907\bin\52350\Obj\pre_pwm_helper_addon.r43      #
#                            F:\Code\PUMP\T98-40\code\Modelreplacement\T9840_2 #
#                            30907\bin\52350\Obj\pre_pwm_module.r43            #
#                            F:\Code\PUMP\T98-40\code\Modelreplacement\T9840_2 #
#                            30907\bin\52350\Obj\pre_pwm_tables.r43            #
#                            F:\Code\PUMP\T98-40\code\Modelreplacement\T9840_2 #
#                            30907\bin\52350\Obj\pwm_module.r43                #
#                            F:\Code\PUMP\T98-40\code\Modelreplacement\T9840_2 #
#                            30907\bin\52350\Obj\pwmn.r43                      #
#                            F:\Code\PUMP\T98-40\code\Modelreplacement\T9840_2 #
#                            30907\bin\52350\Obj\rt_sys_ECUFaultDiag_0.r43     #
#                            F:\Code\PUMP\T98-40\code\Modelreplacement\T9840_2 #
#                            30907\bin\52350\Obj\saradc_ctrl.r43               #
#                            F:\Code\PUMP\T98-40\code\Modelreplacement\T9840_2 #
#                            30907\bin\52350\Obj\saradc_module.r43             #
#                            F:\Code\PUMP\T98-40\code\Modelreplacement\T9840_2 #
#                            30907\bin\52350\Obj\saradc_tables.r43             #
#                            F:\Code\PUMP\T98-40\code\Modelreplacement\T9840_2 #
#                            30907\bin\52350\Obj\sci.r43                       #
#                            F:\Code\PUMP\T98-40\code\Modelreplacement\T9840_2 #
#                            30907\bin\52350\Obj\spi.r43                       #
#                            F:\Code\PUMP\T98-40\code\Modelreplacement\T9840_2 #
#                            30907\bin\52350\Obj\sys_state.r43                 #
#                            F:\Code\PUMP\T98-40\code\Modelreplacement\T9840_2 #
#                            30907\bin\52350\Obj\testmode.r43                  #
#                            F:\Code\PUMP\T98-40\code\Modelreplacement\T9840_2 #
#                            30907\bin\52350\Obj\u_f_table.r43                 #
#                            F:\Code\PUMP\T98-40\code\Modelreplacement\T9840_2 #
#                            30907\bin\52350\Obj\uartdebug.r43                 #
#                            F:\Code\PUMP\T98-40\code\Modelreplacement\T9840_2 #
#                            30907\bin\52350\Obj\utils.r43                     #
#                            F:\Code\PUMP\T98-40\code\Modelreplacement\T9840_2 #
#                            30907\bin\52350\Obj\vic.r43                       #
#                            F:\Code\PUMP\T98-40\code\Modelreplacement\T9840_2 #
#                            30907\bin\52350\Obj\wdog.r43                      #
#                            -o                                                #
#                            F:\Code\PUMP\T98-40\code\Modelreplacement\T9840_2 #
#                            30907\bin\52350\Exe\52350.d43                     #
#                            -l                                                #
#                            F:\Code\PUMP\T98-40\code\Modelreplacement\T9840_2 #
#                            30907\bin\52350\List\52350.map                    #
#                            -xesnio                                           #
#                            -IF:\Sofeware\IAR52352\Sofeware\430\LIB\ -f       #
#                            F:\Sofeware\IAR52352\Sofeware\430\CONFIG\lnkEL_M5 #
#                            2399B.xcl                                         #
#                            (-cmsp430                                         #
#                            -Z(DATA)DATA16_I,DATA16_Z,DATA16_N,DATA16_HEAP+_D #
#                            ATA16_HEAP_SIZE=1000-2000                         #
#                            -Z(DATA)CODE_I -Z(DATA)CSTACK+_STACK_SIZE#        #
#                            -Z(CONST)DATA16_C,DATA16_ID,DIFUNCT,CHECKSUM=8000 #
#                            -FFFB                                             #
#                            -Z(CODE)CSTART,ISR_CODE,CODE_ID=8000-FFFB         #
#                            -P(CODE)CODE=8000-FFFB -Z(CODE)INTVEC=FFFC-FFFF   #
#                            -Z(CODE)RESET=FFFE-FFFF) -f                       #
#                            F:\Sofeware\IAR52352\Sofeware\430\config\multipli #
#                            er.xcl                                            #
#                            (-e?Mul8Hw=?Mul8 -e?Mul16Hw=?Mul16                #
#                            -e?Mul16to32uHw=?Mul16to32u                       #
#                            -e?Mul16to32sHw=?Mul16to32s -e?Mul32Hw=?Mul32     #
#                            -e_Mul64iHw=_Mul64i                               #
#                            -e_Mul32u32uto64iHw=_Mul32u32uto64i               #
#                            -e?Mul32fHw=_Mul32f -e_Mul64fHwPtr=_Mul64fPtr)    #
#                            -D_STACK_SIZE=200 -rt                             #
#                            F:\Sofeware\IAR52352\Sofeware\430\LIB\DLIB\dl430d #
#                            n.r43                                             #
#                            -e_PrintfSmall=_Printf -e_ScanfSmall=_Scanf       #
#                            -D_DATA16_HEAP_SIZE=0                             #
#                            -Ointel-extended=F:\Code\PUMP\T98-40\code\Modelre #
#                            placement\T9840_230907\bin\52350\Exe\52350.hex    #
#                            -s __program_start -D_DATA20_HEAP_SIZE=50         #
#                                                                              #
#                           Copyright (C) 1987-2012 IAR Systems AB.            #
################################################################################





                ****************************************
                *                                      *
                *           CROSS REFERENCE            *
                *                                      *
                ****************************************

       Program entry at :           8B66  Relocatable, from module : ?cstart




                ****************************************
                *                                      *
                *            RUNTIME MODEL             *
                *                                      *
                ****************************************

  __Heap_Handler             = Basic
  __SystemLibrary            = DLib
  __core                     = 430
  __dlib_file_descriptor     = 0
  __dlib_full_locale_support = 0
  __double_size              = 64
  __pic                      = no
  __reg_r4                   = free
  __reg_r5                   = free
  __rt_version               = 3

                ****************************************
                *                                      *
                *    AUTOMATIC SYMBOL REDIRECTIONS     *
                *                                      *
                ****************************************

                  There are no automatic symbol redirections.

                ****************************************
                *                                      *
                *              ENTRY LIST              *
                *                                      *
                ****************************************

Module  Entry                                                         Address
------  -----                                                         -------
?FILLER_BYTES
?ABS_ENTRY_MOD
        _DATA20_HEAP_SIZE                                              0050
        _DATA16_HEAP_SIZE                                              0000
        _STACK_SIZE                                                    0200
ADCSample ( F:\Code\PUMP\T98-40\code\Modelreplacement\T9840_230907\bin\52350\Obj\ADCSample.r43 )
        ADCResults                                                     1856
        ADC_VarInit                                                    E55A
        ADC_PeriodTask                                                 B7A2
        ?setjmp_save_r4                                                NOT NEEDED
        ?setjmp_save_r5                                                NOT NEEDED
        CurrentLp                                                      1890
        ?Subroutine3                                                   E5AE
        ?Subroutine2                                                   FA8C
        ?Subroutine1                                                   FB0C
        ?Subroutine4                                                   E882
        ?Subroutine5                                                   E89A
        ?Subroutine0                                                   E8A0
        ADC_GetChipTemperature                                         E490
        BatVoltageFilter                                               D6EA
        BatVoltageFilter::FilterDiff                                   189C
        BatVoltageFilter::FilterTime                                   189E
        BatVoltageFilter::IsBatFilteredLow                             1844
AppMain ( F:\Code\PUMP\T98-40\code\Modelreplacement\T9840_230907\bin\52350\Obj\AppMain.r43 )
        B                                                              18A0
        DW                                                             18C8
        U                                                              1940
        Y                                                              1958
        M                                                              NOT NEEDED
        look1_is16lu32n16Ds32_binlcs                                   CE06
        mul_wide_u32                                                   D2C0
        mul_u32_sat                                                    EEFE
        asr_s32                                                        EEC8
        AppMain_step                                                   CC10
        AppMain_initialize                                             E03E
        ?setjmp_save_r4                                                NOT NEEDED
        ?setjmp_save_r5                                                NOT NEEDED
        M_                                                             1C06
AppMain_data ( F:\Code\PUMP\T98-40\code\Modelreplacement\T9840_230907\bin\52350\Obj\AppMain_data.r43 )
        ConstP                                                         8002
        ?setjmp_save_r4                                                NOT NEEDED
        ?setjmp_save_r5                                                NOT NEEDED
DTC ( F:\Code\PUMP\T98-40\code\Modelreplacement\T9840_230907\bin\52350\Obj\DTC.r43 )
        DTCVar                                                         196A
        DTC_ClrDFlashEn                                                1C08
        IsDTCUpdated                                                   1C09
        DTC_Init                                                       D07C
        DTC_RAM2Flash                                                  DC4A
        DTC_UpdateRecord                                               F0B4
        DTC_GetRecord                                                  NOT NEEDED
        DTC_ClrDFlash                                                  F230
        ?setjmp_save_r4                                                NOT NEEDED
        ?setjmp_save_r5                                                NOT NEEDED
        DTCDataStartAddr                                               199C
        DTCVarBytesLen                                                 199E
        DTCVarWordsLen                                                 19A0
        ?Subroutine0                                                   FA98
ECUFaultDiag ( F:\Code\PUMP\T98-40\code\Modelreplacement\T9840_230907\bin\52350\Obj\ECUFaultDiag.r43 )
        AmbTemperatureDiag_Init                                        NOT NEEDED
        AmbTemperatureDiag                                             F1E8
        VoltageDiag_Init                                               F2DE
        VoltageDiag                                                    CB10
        ECUFaultDiag_Init                                              F278
        ECUFaultDiag                                                   E786
        ?setjmp_save_r4                                                NOT NEEDED
        ?setjmp_save_r5                                                NOT NEEDED
        UpdateStateCnt_hvit                                            EC3C
        ?Subroutine0                                                   FAE0
FeedBack ( F:\Code\PUMP\T98-40\code\Modelreplacement\T9840_230907\bin\52350\Obj\FeedBack.r43 )
        DelayOut_Init                                                  F77C
        DelayOut                                                       B5DC
        FeedBackDelay                                                  B66C
        FeedBack                                                       B6BA
        FeedBackDelay_Init                                             NOT NEEDED
        FeedBack_Init                                                  F536
        ?setjmp_save_r4                                                NOT NEEDED
        ?setjmp_save_r5                                                NOT NEEDED
        ?Subroutine0                                                   B666
IsrHandler ( F:\Code\PUMP\T98-40\code\Modelreplacement\T9840_230907\bin\52350\Obj\IsrHandler.r43 )
        Time                                                           19A2
        MotorDrv_IO_Err_Handler                                        FCA0
        SCIRxHandler                                                   FCA4
        SCITxHandler                                                   FCA8
        CCTimer0_A_RestartHandler                                      F7D6
        CCTimer0_B_RestartHandler                                      FCCE
        CCTimer2_A_RestartHandler                                      FCB0
        CCTimer2_A_CaptureHandler                                      FCB4
        CCTimer2_A_OverflowHandler                                     FCB8
        CCTimer2_B_RestartHandler                                      FCD0
        CCTimer2_B_CaptureHandler                                      FCC0
        CCTimer2_B_OverflowHandler                                     FCC4
        ADCListDoneHandler                                             FCBC
        ADCDMAErrorHandler                                             FC80
        ?setjmp_save_r4                                                NOT NEEDED
        ?setjmp_save_r5                                                NOT NEEDED
        ADCDMAErrorHandler::Cnt                                        1C0A
MotorAPI ( F:\Code\PUMP\T98-40\code\Modelreplacement\T9840_230907\bin\52350\Obj\MotorAPI.r43 )
        MotorVar                                                       19A4
        wm                                                             19EA
        driver_status                                                  1A1C
        last_driver_error                                              1A1E
        bldc_mode                                                      1C0B
        driver_maximal_multiplier                                      13A0
        Motor_Init                                                     FC00
        Motor_CaculateWindmillPosition                                 9962
        Motor_DrvErrHandler                                            9B90
        Motor_PeriodTask                                               9F30
        Motor_SetSpeed                                                 A0F2
        ?setjmp_save_r4                                                NOT NEEDED
        ?setjmp_save_r5                                                NOT NEEDED
        Motor_HardWareInit                                             DFC6
        Motor_SoftWareInit                                             D794
        Motor_BLDCModeInit                                             E1A2
        Motor_TargetSpeedTrimedByShuntCurrent::ShuntCurrentErrorLast   1A20
        Motor_TargetSpeedTrimedByShuntCurrent::SpdIOut                 1A22
        Motor_TargetSpeedTrimedByShuntCurrent::OCRecoverDelayCnt       1C0C
        Motor_TargetSpeedTrimedByShuntCurrent::SpdIOutChange           1A24
        Motor_ModeTimeCnt::LastMode                                    1845
        Motor_SpeedMonitor::InverseLast                                1C0D
        Motor_CurrentMonitor::InverseLast                              1C0E
        Motor_DrvErrHandler::last_error_code                           1A26
        MotorAPI_MotorDryRunningMonitor                                97A8
        Motor_LockMonitor                                              984E
        ?Subroutine3                                                   9B84
        Motor_CurrentMonitor                                           9C22
        Motor_SpeedMonitor                                             9C6E
        Motor_diagBemf                                                 9CE0
        ?Subroutine7                                                   9D70
        ?Subroutine4                                                   9D76
        Motor_StopHook                                                 9D86
        ?Subroutine8                                                   9DCC
        Motor_ModeTimeCnt                                              9DDA
        Motor_UpdateSpeed                                              9E4C
        ?Subroutine6                                                   9EC6
        ?Subroutine5                                                   9ED0
        ?Subroutine1                                                   9EDA
        ?Subroutine9                                                   9F1C
        ?Subroutine0                                                   A002
        Motor_TargetSpeedTrimedByShuntCurrent                          A008
        Motor_TargetSpeedTrimedByWindMilling                           A0B4
        ?Subroutine2                                                   FA02
MotorRestartAndFaultCnt ( F:\Code\PUMP\T98-40\code\Modelreplacement\T9840_230907\bin\52350\Obj\MotorRestartAndFaultCnt.r43 )
        Short                                                          NOT NEEDED
        MotorRestartAndFaultCnt_Init                                   F502
        MotorRestartAndFaultCnt                                        B932
        ?setjmp_save_r4                                                NOT NEEDED
        ?setjmp_save_r5                                                NOT NEEDED
        ?Subroutine0                                                   FA2C
MotorTargetSpeedMux ( F:\Code\PUMP\T98-40\code\Modelreplacement\T9840_230907\bin\52350\Obj\MotorTargetSpeedMux.r43 )
        MotorTargetSpeedMux                                            FB34
        ?setjmp_save_r4                                                NOT NEEDED
        ?setjmp_save_r5                                                NOT NEEDED
PwmIn ( F:\Code\PUMP\T98-40\code\Modelreplacement\T9840_230907\bin\52350\Obj\PwmIn.r43 )
        PwmInAPI                                                       13B0
        PwmIn_LowPulseHigh2LowHandler                                  FB3E
        PwmIn_LowPulseCaptureTimerOverFlowHandler                      FA68
        PwmIn_LowPulseLow2HighCaptureHandler                           E91C
        PwmIn_PeriodPulseCaptureTimerOverFlowHandler                   FA74
        PwmIn_PeriodPulseCaptureAndRestartHandler                      EA32
        PwmIn_PeriodTask                                               BEC8
        ?setjmp_save_r4                                                NOT NEEDED
        ?setjmp_save_r5                                                NOT NEEDED
        PwmInVar                                                       13A2
        ?Subroutine1                                                   F5C6
        ?Subroutine2                                                   F94C
        ?Subroutine0                                                   F49A
        ?Subroutine3                                                   F8DE
PwmInParamEval ( F:\Code\PUMP\T98-40\code\Modelreplacement\T9840_230907\bin\52350\Obj\PwmInParamEval.r43 )
        PwmInshortDetect                                               EFCE
        PwmInParamEval                                                 F81E
        ?setjmp_save_r4                                                NOT NEEDED
        ?setjmp_save_r5                                                NOT NEEDED
PwmInTargetSpeedEval ( F:\Code\PUMP\T98-40\code\Modelreplacement\T9840_230907\bin\52350\Obj\PwmInTargetSpeedEval.r43 )
        FreqValidJudge_Reset                                           B0B6
        PwmInNotShort_Reset                                            B0CC
        PwmInShort                                                     B0DA
        PwmInShort_Reset                                               B118
        PwmInNotShort_Disable                                          B122
        PwmInSpeedCtrl                                                 B12E
        PwmInSpeedCtrl_Disable                                         B2AC
        PwmInTargetSpeedEval                                           B2C0
        SpeedDelayOut_Init                                             B302
        DutyFilter_Init                                                B314
        FreqValidJudge_Init                                            B332
        PwmInNotShort_Init                                             B334
        PwmInShort_Init                                                B360
        DutyBufUpdate                                                  F2BC
        BufDataSameFirstCnt                                            E730
        DutyFilter_Reset                                               F35E
        DutyFilter_Disable                                             NOT NEEDED
        DutyFilter                                                     C6FA
        FreqValidJudge                                                 DBC0
        PwmInNotShort                                                  DF4C
        SpeedCurve                                                     BAAE
        SpeedDelayOut                                                  E682
        PwmInSpeedCtrl_Init                                            F12E
        PwmInTargetSpeedEval_Init                                      FC28
        ?setjmp_save_r4                                                NOT NEEDED
        ?setjmp_save_r5                                                NOT NEEDED
        ?Subroutine0                                                   B0B6
        ?Subroutine1                                                   B118
        ?Subroutine5                                                   B262
        ?Subroutine4                                                   B272
        ?Subroutine2                                                   B30E
        ?Subroutine6                                                   B34E
        ?Subroutine3                                                   F758
VBatMonitor ( F:\Code\PUMP\T98-40\code\Modelreplacement\T9840_230907\bin\52350\Obj\VBatMonitor.r43 )
        IsVBatLoss                                                     FC7A
        PowerUpTimeCnt                                                 F4B4
        PowerUpBlank                                                   FBB6
        BatMonitor                                                     EE90
        ?setjmp_save_r4                                                NOT NEEDED
        ?setjmp_save_r5                                                NOT NEEDED
        PowerUpTime                                                    1A28
        IsBatLossInMotorOff                                            1C0F
        BatLossMonitorMotorOff::FilterTime                             1A2A
bemf_control ( F:\Code\PUMP\T98-40\code\Modelreplacement\T9840_230907\bin\52350\Obj\bemf_control.r43 )
        FilteredBat                                                    1A2C
        target                                                         1A2E
        current                                                        1A32
        inc_controller                                                 1A3A
        mult_controller                                                1A58
        shift_wave                                                     1A76
        Motor_IsSpeedUp                                                ECF8
        Motor_SpeedRamp                                                C908
        Motor_BreakEnable                                              8C3A
        Motor_StillStateDiag                                           8F7A
        bemf_control_get_mode                                          8FE0
        bemf_control_reset                                             9184
        Motor_ChangeModeTo                                             919A
        Motor_ModeStateMachine                                         93DC
        Motor_SetTargetMode                                            94BA
        mult_controller_fun                                            94C2
        inc_controller_fun                                             95CC
        bemf_control_call                                              95FE
        Motor_IsWindmillPresent                                        F666
        ?setjmp_save_r4                                                NOT NEEDED
        ?setjmp_save_r5                                                NOT NEEDED
        MOTOR_REF_VOLTAGE                                              13B8
        filter_bits                                                    13BA
        enable_startup_current                                         1846
        voltage_devider_time                                           13BC
        SectorCnt                                                      1C10
        waiting_for_controller                                         1A78
        ?Subroutine3                                                   FBCA
        ?Subroutine21                                                  F9E6
        ?Subroutine15                                                  FBC0
        mult_controller_fun::diff_torque_rest                          1A7A
        bemf_control_call{9}::mult_max                                 13BE
        BemfComtrol_store                                              8B8E
        ?Subroutine0                                                   8BD0
        Motor_GenerateAndMeasureEstimatePulse                          8BD6
        ?Subroutine4                                                   8C2E
        Motor_EstimateStartAngle                                       8C64
        ?Subroutine14                                                  8F44
        ?Subroutine12                                                  8F52
        ?Subroutine6                                                   8F5E
        ?Subroutine5                                                   8F68
        Motor_StartRoutine                                             8FE6
        ?Subroutine9                                                   9166
        ?Subroutine20                                                  918C
        ?Subroutine19                                                  9336
        ?Subroutine22                                                  9344
        ?Subroutine13                                                  934A
        ?Subroutine11                                                  9358
        ?Subroutine10                                                  936A
        ?Subroutine8                                                   9376
        ?Subroutine7                                                   9386
        ?Subroutine2                                                   9396
        ?Subroutine1                                                   93A4
        ?Subroutine17                                                  9790
        ?Subroutine16                                                  979A
        Motor_WindmillInit                                             EBFC
cctimer ( F:\Code\PUMP\T98-40\code\Modelreplacement\T9840_230907\bin\52350\Obj\cctimer.r43 )
        cctimer_set_prescaler                                          F6A8
        cctimer_get_prescaler                                          NOT NEEDED
        cctimer_config                                                 DB32
        cctimer_set_presel                                             NOT NEEDED
        cctimer_restart                                                NOT NEEDED
        cctimer_get_capture                                            NOT NEEDED
        cctimer_get_counter                                            NOT NEEDED
        cctimer_get_compare                                            NOT NEEDED
        cctimer_set_compare                                            EBBC
        cctimer_enable                                                 NOT NEEDED
        cctimer_bases                                                  800E
        cctimer_vic_irqs                                               1847
        cctimer_get_index                                              EBDA
        cctimer_handler_init                                           EABA
        cctimer_handler_register                                       F95A
        cctimer_enable_irq                                             F67C
        cctimer_get_irq_status                                         NOT NEEDED
        cctimer_clear_all_irq_events                                   NOT NEEDED
        ?setjmp_save_r4                                                NOT NEEDED
        ?setjmp_save_r5                                                NOT NEEDED
        ?Subroutine5                                                   F992
        ?Subroutine3                                                   FAB0
        ?Subroutine2                                                   EBD4
        callback                                                       1A7E
        ?Subroutine4                                                   FB2A
commons ( F:\Code\PUMP\T98-40\code\Modelreplacement\T9840_230907\bin\52350\Obj\commons.r43 )
        atanLUTBP                                                      8016
        sinLUTBP                                                       NOT NEEDED
        BCD2u16                                                        NOT NEEDED
        look1_is16ls32n10Ds32_linlags                                  NOT NEEDED
        linear_regression_result                                       NOT NEEDED
        linear_regression_succ                                         NOT NEEDED
        linear_regression_init                                         NOT NEEDED
        printuint_short                                                NOT NEEDED
        printuint                                                      NOT NEEDED
        printuint_better                                               NOT NEEDED
        printint                                                       NOT NEEDED
        printhex                                                       NOT NEEDED
        utils_u16_limit                                                NOT NEEDED
        atan2Lerp_BP                                                   CFB6
        sin_BP                                                         NOT NEEDED
        Motor_BasePhaseLimit                                           F060
        take_nearest_bp                                                F07A
        putu16                                                         NOT NEEDED
        __write                                                        NOT NEEDED
        Mat_ExeLp                                                      D8D4
        ?setjmp_save_r4                                                NOT NEEDED
        ?setjmp_save_r5                                                NOT NEEDED
        x_avg                                                           LOCAL, NOT NEEDED
        y_avg                                                           LOCAL, NOT NEEDED
        sxx                                                             LOCAL, NOT NEEDED
        sxy                                                             LOCAL, NOT NEEDED
        ?Subroutine5                                                   CFAC
        printuint_generic                                               LOCAL, NOT NEEDED
        ?Subroutine8                                                   FB20
        ?Subroutine7                                                   FB16
        ?Subroutine2                                                   F06C
        ?Subroutine0                                                   F072
        ?Subroutine3                                                   F6BC
crc16 ( F:\Code\PUMP\T98-40\code\Modelreplacement\T9840_230907\bin\52350\Obj\crc16.r43 )
        crc16                                                          NOT NEEDED
        ?setjmp_save_r4                                                NOT NEEDED
        ?setjmp_save_r5                                                NOT NEEDED
crcccitt ( F:\Code\PUMP\T98-40\code\Modelreplacement\T9840_230907\bin\52350\Obj\crcccitt.r43 )
        crc16_ccitt                                                    NOT NEEDED
        crc16_ccitt_succ                                               NOT NEEDED
        crc16_ccitt_reset                                              NOT NEEDED
        ?setjmp_save_r4                                                NOT NEEDED
        ?setjmp_save_r5                                                NOT NEEDED
        crc_ccitt_tab                                                   LOCAL, NOT NEEDED
debug ( F:\Code\PUMP\T98-40\code\Modelreplacement\T9840_230907\bin\52350\Obj\debug.r43 )
        Version                                                        811A
        DebugVar                                                       13C0
        FlashCheckSum                                                  FBF0
        FlashECUInfo                                                   FBF4
        ?setjmp_save_r4                                                NOT NEEDED
        ?setjmp_save_r5                                                NOT NEEDED
divider ( F:\Code\PUMP\T98-40\code\Modelreplacement\T9840_230907\bin\52350\Obj\divider.r43 )
        divider_get_sdiv_remainder                                     ED70
        divider_sdiv                                                   ED76
        divider_get_udiv_remainder                                     NOT NEEDED
        divider_udiv_soft                                              ED8C
        divider_udiv                                                   ED9C
        divider_handler_init                                           NOT NEEDED
        ?setjmp_save_r4                                                NOT NEEDED
        ?setjmp_save_r5                                                NOT NEEDED
        ?Subroutine1                                                   ED70
        ?Subroutine0                                                   ED82
        callback                                                        LOCAL, NOT NEEDED
driver_52350 ( F:\Code\PUMP\T98-40\code\Modelreplacement\T9840_230907\bin\52350\Obj\driver_52350.r43 )
        SDK_HardWareInit                                               E358
        SDK_SWRst                                                      NOT NEEDED
        SDK_FeedWDOG                                                   FC30
        SDK_MotorDrvOff                                                A69A
        ChipFaults                                                     1AC6
        SDK_ChipReset                                                  NOT NEEDED
        SDK_ChipSleep                                                  NOT NEEDED
        SDK_IsChipFault                                                A69E
        SDK_InterruptDisable                                           A952
        SDK_InterruptEnable                                            A958
        SDK_SCITxIntEn                                                 A95C
        SDK_MCUDiagOut                                                 A96A
        SDK_MotorDrvOn                                                 A9B4
        SDK_MotorDrvClearError                                         A9C0
        SDK_MotorDrvGetStatus                                          A9E4
        SDK_MotorDrvLowPower                                           AA7E
        SDK_EEPROM_Write                                               NOT NEEDED
        SDK_SCIInitLater                                               E7DA
        ?setjmp_save_r4                                                NOT NEEDED
        ?setjmp_save_r5                                                NOT NEEDED
        PWMNStartEvt_Handler                                           FC9C
        SDK_ClockInit                                                  ECBA
        ?Subroutine3                                                   F5DE
        SDK_SystemStateModuleInit                                      DE58
        SDK_GPIOAInit                                                  E42A
        SDK_GPIOBInit                                                  E214
        ?Subroutine7                                                   FBD4
        ?Subroutine5                                                   FA1E
        SDK_CCTimerIntInit                                             ADE8
        ?Subroutine1                                                   AE9E
        ?Subroutine2                                                   AEA4
        SDK_CCTimerInit                                                AEB0
        SDK_GPIOIntInit                                                AF88
        SDK_GPIOCInit                                                  B010
        ?Subroutine4                                                   FAC8
        SDK_ADCInit                                                    E0B6
        SDK_ADCMUXTiming                                               EE1E
        SDK_ADCIntInit                                                 EA76
        SDK_MCUDiagOut::OverRun                                        1C11
        SDK_MCUDiagOut::LastOut                                        184B
        SDK_IsChipFault::Flag                                          1C12
        SDK_IsChipFault::reset_status                                  1ACA
        ?Subroutine6                                                   A944
        ?Subroutine0                                                   A9B4
driver_generic ( F:\Code\PUMP\T98-40\code\Modelreplacement\T9840_230907\bin\52350\Obj\driver_generic.r43 )
        ?setjmp_save_r4                                                NOT NEEDED
        ?setjmp_save_r5                                                NOT NEEDED
flash_ctrl ( F:\Code\PUMP\T98-40\code\Modelreplacement\T9840_230907\bin\52350\Obj\flash_ctrl.r43 )
        flash_erase_mass                                               NOT NEEDED
        flash_erase_pages                                              E6DA
        flash_program_rows                                             CD10
        flash_from_ram                                                 NOT NEEDED
        flash_read_info_word                                           F8FE
        flash_get_page_base_addr                                       F254
        flash_get_row_base_addr                                        NOT NEEDED
        flash_set_area_lock                                            NOT NEEDED
        flash_protect_info_area                                        NOT NEEDED
        flash_protect_main_area                                        NOT NEEDED
        flash_get_area_lock                                            NOT NEEDED
        flash_status                                                   NOT NEEDED
        flash_ecc_failure_addr                                         NOT NEEDED
        get_flash_mode                                                 NOT NEEDED
        ?setjmp_save_r4                                                NOT NEEDED
        ?setjmp_save_r5                                                NOT NEEDED
        flash_erase_mass::code                                          LOCAL, NOT NEEDED
        flash_erase_pages::code                                        13CA
        flash_program_rows::code                                       13E6
        ?Subroutine1                                                   FA5C
        flash_read_info_word::code                                     14A0
freemaster_appcmd ( F:\Code\PUMP\T98-40\code\Modelreplacement\T9840_230907\bin\52350\Obj\freemaster_appcmd.r43 )
        FMSTR_AppCmdAck                                                NOT NEEDED
        FMSTR_AppCmdSetResponseData                                    NOT NEEDED
        FMSTR_GetAppCmd                                                NOT NEEDED
        FMSTR_GetAppCmdData                                            NOT NEEDED
        FMSTR_RegisterAppCmdCall                                       NOT NEEDED
        ?setjmp_save_r4                                                NOT NEEDED
        ?setjmp_save_r5                                                NOT NEEDED
freemaster_e52352 ( F:\Code\PUMP\T98-40\code\Modelreplacement\T9840_230907\bin\52350\Obj\freemaster_e52352.r43 )
        ?setjmp_save_r4                                                NOT NEEDED
        ?setjmp_save_r5                                                NOT NEEDED
freemaster_pipes ( F:\Code\PUMP\T98-40\code\Modelreplacement\T9840_230907\bin\52350\Obj\freemaster_pipes.r43 )
        FMSTR_PipeOpen                                                 NOT NEEDED
        FMSTR_PipeClose                                                NOT NEEDED
        FMSTR_PipeWrite                                                NOT NEEDED
        FMSTR_PipeRead                                                 NOT NEEDED
        FMSTR_PipePrintfU8                                             NOT NEEDED
        FMSTR_PipePrintfS8                                             NOT NEEDED
        FMSTR_PipePrintfU16                                            NOT NEEDED
        FMSTR_PipePrintfS16                                            NOT NEEDED
        FMSTR_PipePrintfU32                                            NOT NEEDED
        FMSTR_PipePrintfS32                                            NOT NEEDED
        FMSTR_PipePrintf                                               NOT NEEDED
        ?setjmp_save_r4                                                NOT NEEDED
        ?setjmp_save_r5                                                NOT NEEDED
freemaster_protocol ( F:\Code\PUMP\T98-40\code\Modelreplacement\T9840_230907\bin\52350\Obj\freemaster_protocol.r43 )
        FMSTR_Init                                                     NOT NEEDED
        FMSTR_Poll                                                     NOT NEEDED
        FMSTR_Isr                                                      NOT NEEDED
        ?setjmp_save_r4                                                NOT NEEDED
        ?setjmp_save_r5                                                NOT NEEDED
freemaster_rec ( F:\Code\PUMP\T98-40\code\Modelreplacement\T9840_230907\bin\52350\Obj\freemaster_rec.r43 )
        FMSTR_Recorder                                                 NOT NEEDED
        FMSTR_TriggerRec                                               NOT NEEDED
        FMSTR_SetUpRecBuff                                             NOT NEEDED
        ?setjmp_save_r4                                                NOT NEEDED
        ?setjmp_save_r5                                                NOT NEEDED
freemaster_scope ( F:\Code\PUMP\T98-40\code\Modelreplacement\T9840_230907\bin\52350\Obj\freemaster_scope.r43 )
        ?setjmp_save_r4                                                NOT NEEDED
        ?setjmp_save_r5                                                NOT NEEDED
freemaster_serial ( F:\Code\PUMP\T98-40\code\Modelreplacement\T9840_230907\bin\52350\Obj\freemaster_serial.r43 )
        ?setjmp_save_r4                                                NOT NEEDED
        ?setjmp_save_r5                                                NOT NEEDED
freemaster_sfio ( F:\Code\PUMP\T98-40\code\Modelreplacement\T9840_230907\bin\52350\Obj\freemaster_sfio.r43 )
        ?setjmp_save_r4                                                NOT NEEDED
        ?setjmp_save_r5                                                NOT NEEDED
freemaster_tsa ( F:\Code\PUMP\T98-40\code\Modelreplacement\T9840_230907\bin\52350\Obj\freemaster_tsa.r43 )
        FMSTR_SetUpTsaBuff                                             NOT NEEDED
        FMSTR_TsaAddVar                                                NOT NEEDED
        ?setjmp_save_r4                                                NOT NEEDED
        ?setjmp_save_r5                                                NOT NEEDED
gpio ( F:\Code\PUMP\T98-40\code\Modelreplacement\T9840_230907\bin\52350\Obj\gpio.r43 )
        gpio_set_direction_lock                                        NOT NEEDED
        gpio_set_data_out                                              F37C
        gpio_set_output_enable                                         F37E
        gpio_set_input_enable                                          F394
        gpio_get_data_in                                               F92E
        gpio_write_direction_lock                                      NOT NEEDED
        gpio_write_data_out                                            NOT NEEDED
        gpio_write_output_enable                                       NOT NEEDED
        gpio_write_input_enable                                        NOT NEEDED
        gpio_read_data_in                                              NOT NEEDED
        gpio_bases                                                     8120
        gpio_vic_irqs                                                  184C
        gpio_get_index                                                 F57E
        gpio_handler_init                                              EDAA
        gpio_handler_register                                          F9CA
        gpio_enable_irq                                                F650
        gpio_get_irq_status                                            NOT NEEDED
        gpio_clear_all_irq_events                                      NOT NEEDED
        ?setjmp_save_r4                                                NOT NEEDED
        ?setjmp_save_r5                                                NOT NEEDED
        ?Subroutine0                                                   F380
        callback                                                       1ACC
        ?Subroutine2                                                   FB70
h430_mul ( F:\Code\PUMP\T98-40\code\Modelreplacement\T9840_230907\bin\52350\Obj\h430_mul.r43 )
        mult_set_accu                                                  NOT NEEDED
        multiply_s16_s08                                               NOT NEEDED
        multiply_u16_u08                                               NOT NEEDED
        multiply_s08_s16                                               NOT NEEDED
        multiply_u08_u16                                               NOT NEEDED
        multiply_s16_s16                                               NOT NEEDED
        multiply_u16_u16                                               NOT NEEDED
        multiply_s08_s08                                               NOT NEEDED
        multiply_u08_u08                                               NOT NEEDED
        multiply_sumext                                                NOT NEEDED
        ?setjmp_save_r4                                                NOT NEEDED
        ?setjmp_save_r5                                                NOT NEEDED
iomux_ctrl ( F:\Code\PUMP\T98-40\code\Modelreplacement\T9840_230907\bin\52350\Obj\iomux_ctrl.r43 )
        iomux_ctrl_select_a                                            FC50
        iomux_ctrl_select_b                                            FC4A
        iomux_ctrl_select_c                                            DAA0
        iomux_ctrl_set_lock_a                                          NOT NEEDED
        iomux_ctrl_set_lock_b                                          NOT NEEDED
        iomux_ctrl_set_lock_c                                          NOT NEEDED
        iomux_ctrl_get_lock_c                                          NOT NEEDED
        iomux_ctrl_get_lock_b                                          NOT NEEDED
        iomux_ctrl_get_lock_a                                          NOT NEEDED
        ?setjmp_save_r4                                                NOT NEEDED
        ?setjmp_save_r5                                                NOT NEEDED
        ?Subroutine6                                                   FB7A
        ?Subroutine5                                                   F7C4
        ?Subroutine8                                                   F87E
        ?Subroutine4                                                   FB8E
        ?Subroutine3                                                   F734
        ?Subroutine2                                                   F984
main ( F:\Code\PUMP\T98-40\code\Modelreplacement\T9840_230907\bin\52350\Obj\main.r43 )
        main                                                           D428
        ?setjmp_save_r4                                                NOT NEEDED
        ?setjmp_save_r5                                                NOT NEEDED
        cookie                                                         8000
        cookie2                                                        FFF2
        main{1}::LastTimeMs                                            1B2C
        AppMainInputUpdate                                             D970
        Task_10ms                                                      E620
        UpdateDTCRecords                                               A230
        ?Subroutine5                                                   FC18
        ?Subroutine4                                                   FABC
        ?Subroutine3                                                   F7B2
        ?Subroutine2                                                   FB98
        ?Subroutine1                                                   FBA2
        ?Subroutine0                                                   FAD4
        UpdateDTCRecords::LastMShortCnt                                1C13
        UpdateDTCRecords::LastMOpenCnt                                 1C14
        UpdateDTCRecords::LastMLockCnt                                 1C15
        UpdateDTCRecords::LastFaultFlag                                1B2E
        SCIEnMonitor::SCIEn                                            1C16
mem_prot ( F:\Code\PUMP\T98-40\code\Modelreplacement\T9840_230907\bin\52350\Obj\mem_prot.r43 )
        mem_prot_set_exec_enalbe                                       NOT NEEDED
        mem_prot_set_stack_enable                                      NOT NEEDED
        mem_prot_set_sram_wr_enable                                    NOT NEEDED
        mem_prot_get_access_addr                                       FC92
        mem_prot_get_access_pc                                         FC38
        mem_prot_get_access_type_bus                                   NOT NEEDED
        mem_prot_get_access_type_type                                  NOT NEEDED
        mem_prot_access_clear                                          FC3E
        mem_prot_handler_init                                          NOT NEEDED
        ?setjmp_save_r4                                                NOT NEEDED
        ?setjmp_save_r5                                                NOT NEEDED
        callback                                                        LOCAL, NOT NEEDED
motor ( F:\Code\PUMP\T98-40\code\Modelreplacement\T9840_230907\bin\52350\Obj\motor.r43 )
        m                                                              14BE
        ?setjmp_save_r4                                                NOT NEEDED
        ?setjmp_save_r5                                                NOT NEEDED
parameters ( F:\Code\PUMP\T98-40\code\Modelreplacement\T9840_230907\bin\52350\Obj\parameters.r43 )
        get_vbat_maximal_multiplier                                    FC68
        ?setjmp_save_r4                                                NOT NEEDED
        ?setjmp_save_r5                                                NOT NEEDED
pi_controller ( F:\Code\PUMP\T98-40\code\Modelreplacement\T9840_230907\bin\52350\Obj\pi_controller.r43 )
        pi_controller_reset                                            F60E
        pi_controller_init                                             E964
        pi_controller_call                                             C802
        pi_controller_sum_init                                         F320
        ?setjmp_save_r4                                                NOT NEEDED
        ?setjmp_save_r5                                                NOT NEEDED
        ?Subroutine1                                                   F60E
        ?Subroutine2                                                   F84E
        ?Subroutine0                                                   F720
pre_pwm ( F:\Code\PUMP\T98-40\code\Modelreplacement\T9840_230907\bin\52350\Obj\pre_pwm.r43 )
        pre_pwm_set_addr                                               D4E8
        pre_pwm_get_inc_sync                                           NOT NEEDED
        pre_pwm_set_inc_sync                                           NOT NEEDED
        pre_pwm_get_scale_sync                                         NOT NEEDED
        pre_pwm_set_scale_sync                                         NOT NEEDED
        pre_pwm_get_sync_ext_cfg                                       D508
        pre_pwm_set_sync_ext_cfg                                       D510
        pre_pwm_get_sync_en                                            D524
        pre_pwm_set_sync_en                                            D542
        pre_pwm_get_bp_sync1                                           NOT NEEDED
        pre_pwm_set_bp_sync1                                           D54C
        pre_pwm_get_bp_sync0                                           NOT NEEDED
        pre_pwm_set_bp_sync0                                           D552
        pre_pwm_get_scale_offset                                       NOT NEEDED
        pre_pwm_set_scale_offset                                       D558
        pre_pwm_get_base_phase                                         NOT NEEDED
        pre_pwm_set_base_phase                                         NOT NEEDED
        pre_pwm_get_acc                                                NOT NEEDED
        pre_pwm_set_acc                                                D56E
        pre_pwm_set_cmd                                                D574
        pre_pwm_get_addr_base                                          D57E
        pre_pwm_set_addr_base                                          NOT NEEDED
        pre_pwm_get_bp_max                                             NOT NEEDED
        pre_pwm_set_bp_max                                             NOT NEEDED
        pre_pwm_get_cfg                                                D584
        pre_pwm_set_cfg                                                FBAC
        pre_pwm_set_current                                            NOT NEEDED
        pre_pwm_set_reload                                             E9EE
        pre_pwm_get_addr                                               NOT NEEDED
        pre_pwm_get_reload                                             NOT NEEDED
        pre_pwm_get_current                                            NOT NEEDED
        pre_pwm_set_irq_mask                                           NOT NEEDED
        pre_pwm_get_irq_mask                                           NOT NEEDED
        pre_pwm_handler_init                                           F6E4
        ?setjmp_save_r4                                                NOT NEEDED
        ?setjmp_save_r5                                                NOT NEEDED
        ?Subroutine4                                                   D4DA
        ?Subroutine5                                                   D4E2
        ?Subroutine2                                                   D51A
        ?Subroutine0                                                   D52A
        callback                                                       1B32
pre_pwm_helper ( F:\Code\PUMP\T98-40\code\Modelreplacement\T9840_230907\bin\52350\Obj\pre_pwm_helper.r43 )
        get_phase_shift                                                NOT NEEDED
        pre_pwm_get_base_phase_state                                   NOT NEEDED
        pre_pwm_init_base_phase                                        FA10
        pre_pwm_sync_edge                                              NOT NEEDED
        pre_pwm_sync_intf_set                                          C27E
        pre_pwm_sync_cfg_intf                                          C2D0
        pre_pwm_sync_cfg_src                                           NOT NEEDED
        pre_pwm_enable_sync1                                           C2F4
        pre_pwm_enable_sync0                                           C31C
        pre_pwm_switch_gd_td                                           NOT NEEDED
        pre_pwm_swap_uv                                                NOT NEEDED
        pre_pwm_cfg_on_state                                           NOT NEEDED
        pre_pwm_enable_dma                                             C376
        pre_pwm_enable_inc                                             C39A
        ?setjmp_save_r4                                                NOT NEEDED
        ?setjmp_save_r5                                                NOT NEEDED
        ?Subroutine8                                                   C2BC
        ?Subroutine12                                                  C2C2
        ?Subroutine5                                                   C2EA
        ?Subroutine1                                                   C300
        ?Subroutine4                                                   C30E
        ?Subroutine9                                                   C32A
        ?Subroutine6                                                   C334
        ?Subroutine0                                                   C342
        ?Subroutine2                                                   C356
        ?Subroutine7                                                   C364
        ?Subroutine3                                                   C388
pre_pwm_helper_addon ( F:\Code\PUMP\T98-40\code\Modelreplacement\T9840_230907\bin\52350\Obj\pre_pwm_helper_addon.r43 )
        pre_pwm_get_offset_phase_shift                                 DDD6
        pre_pwm_get_offset_phase_shift_value                           D63C
        pre_pwm_set_initial_entry_direct                               BC18
        ?setjmp_save_r4                                                NOT NEEDED
        ?setjmp_save_r5                                                NOT NEEDED
        ?Subroutine4                                                   FC08
        ?Subroutine3                                                   F596
        ?Subroutine2                                                   F4CE
        ?Subroutine1                                                   F17A
        ?Subroutine0                                                   F0DE
        ?Subroutine5                                                   F9D8
pre_pwm_module ( F:\Code\PUMP\T98-40\code\Modelreplacement\T9840_230907\bin\52350\Obj\pre_pwm_module.r43 )
        pre_pwm_shadow_reg_smult                                       1B44
        pre_pwm_shadow_reg_sinc                                        1B46
        pre_pwm_shadow_reg_reverse_direction                           1C17
        pre_pwm_shadow_reg_inverse_torque                              NOT NEEDED
        pre_pwm_init                                                   E82E
        pre_pwm_config_online                                          F08A
        pre_pwm_config_online_inc                                      F40E
        pre_pwm_config_online_scale                                    F39A
        pre_pwm_set_phase                                              NOT NEEDED
        pre_pwm_config_offline                                         D206
        pre_pwm_set_default_table                                      ED34
        pre_pwm_irq_handler_bp_0_enable                                F7FA
        pre_pwm_irq_handler_bp_0                                       FBEE
        pre_pwm_irq_handler_bp_1                                       FAA4
        pre_pwm_get_sinc                                               FC44
        pre_pwm_get_smult                                              FC56
        pre_pwm_is_reverse                                             FC5C
        pre_pwm_get_angle                                              NOT NEEDED
        pre_pwm_set_sinc_smult_init                                    C4D8
        pre_pwm_set_sinc                                               NOT NEEDED
        pre_pwm_set_smult                                              F976
        pre_pwm_enable_float                                           F1C4
        is_pre_pwm_floating                                            F108
        ?setjmp_save_r4                                                NOT NEEDED
        ?setjmp_save_r5                                                NOT NEEDED
        ?Subroutine2                                                   F54E
        pre_pwm_set_phase_internal                                     E282
        ?Subroutine1                                                   FB84
        pre_pwm_set_sinc_smult_init::last_sampled_pwm_edges            184F
        ?Subroutine0                                                   F566
pre_pwm_tables ( F:\Code\PUMP\T98-40\code\Modelreplacement\T9840_230907\bin\52350\Obj\pre_pwm_tables.r43 )
        table_entry_trapez                                             8126
        table_entry_flat_bottom                                        8222
        table_entry_svm                                                831E
        ?setjmp_save_r4                                                NOT NEEDED
        ?setjmp_save_r5                                                NOT NEEDED
pwm_module ( F:\Code\PUMP\T98-40\code\Modelreplacement\T9840_230907\bin\52350\Obj\pwm_module.r43 )
        activate_pre_pwm_float_control                                 E5BE
        pwm_init                                                       D374
        pre_pwm_control_on_duty                                        EB3C
        pre_pwm_control                                                FC62
        enable_pwm                                                     F88E
        wait_next_cycle                                                FA50
        ?setjmp_save_r4                                                NOT NEEDED
        ?setjmp_save_r5                                                NOT NEEDED
        ?Subroutine6                                                   FC8C
        ?Subroutine8                                                   F93E
        ?Subroutine5                                                   FB5C
        ?Subroutine4                                                   FB52
        ?Subroutine0                                                   F9F4
        ?Subroutine7                                                   F002
        ?Subroutine10                                                  F008
        ?Subroutine3                                                   F00E
        ?Subroutine2                                                   F01A
        ?Subroutine1                                                   F028
        ?Subroutine9                                                   F8CE
pwmn ( F:\Code\PUMP\T98-40\code\Modelreplacement\T9840_230907\bin\52350\Obj\pwmn.r43 )
        pwmn_set_irq_status_u16_reg                                    NOT NEEDED
        pwmn_reset_to_default_irq_regs                                 NOT NEEDED
        pwmn_set_pwm_on_reload                                         NOT NEEDED
        pwmn_set_pwm_on_reload_u16                                     NOT NEEDED
        pwmn_set_pwm_c1_reload                                         NOT NEEDED
        pwmn_set_pwm_c1_reload_u16                                     NOT NEEDED
        pwmn_set_pwm_c0_reload                                         NOT NEEDED
        pwmn_set_pwm_c0_reload_u16                                     NOT NEEDED
        pwmn_set_pwm_on                                                NOT NEEDED
        pwmn_set_pwm_on_u16                                            NOT NEEDED
        pwmn_set_pwm_c1                                                NOT NEEDED
        pwmn_set_pwm_c1_u16                                            NOT NEEDED
        pwmn_set_pwm_c0                                                NOT NEEDED
        pwmn_set_pwm_c0_u16                                            NOT NEEDED
        pwmn_set_pwm_cfg                                               NOT NEEDED
        pwmn_set_pwm_cfg_u16                                           NOT NEEDED
        pwmn_set_dead_time_reload                                      NOT NEEDED
        pwmn_set_dead_time_reload_u16                                  NOT NEEDED
        pwmn_set_nth_start_reload                                      NOT NEEDED
        pwmn_set_nth_start_reload_u16                                  NOT NEEDED
        pwmn_set_prescaler_reload                                      NOT NEEDED
        pwmn_set_prescaler_reload_u16                                  NOT NEEDED
        pwmn_set_dead_time                                             NOT NEEDED
        pwmn_set_dead_time_u16                                         NOT NEEDED
        pwmn_set_nth_start                                             NOT NEEDED
        pwmn_set_nth_start_u16                                         NOT NEEDED
        pwmn_set_prescaler                                             NOT NEEDED
        pwmn_set_prescaler_u16                                         NOT NEEDED
        pwmn_set_cnt                                                   NOT NEEDED
        pwmn_set_cnt_u16                                               NOT NEEDED
        pwmn_set_cmd                                                   NOT NEEDED
        pwmn_set_cmd_u16                                               NOT NEEDED
        pwmn_set_cfg                                                   NOT NEEDED
        pwmn_set_cfg_u16                                               NOT NEEDED
        pwmn_set_cnt_max_reload                                        NOT NEEDED
        pwmn_set_cnt_max_reload_u16                                    NOT NEEDED
        pwmn_set_cnt_max                                               NOT NEEDED
        pwmn_set_cnt_max_u16                                           NOT NEEDED
        pwmn_reset_to_default                                          NOT NEEDED
        pwmn_get_irq_vno                                               NOT NEEDED
        pwmn_get_irq_vno_u16                                           NOT NEEDED
        pwmn_get_irq_vmax                                              NOT NEEDED
        pwmn_get_irq_vmax_u16                                          NOT NEEDED
        pwmn_get_irq_mask                                              NOT NEEDED
        pwmn_get_irq_mask_u16                                          NOT NEEDED
        pwmn_get_irq_status_reg                                        NOT NEEDED
        pwmn_get_irq_status_u16_reg                                    NOT NEEDED
        pwmn_get_pwm_on_reload                                         NOT NEEDED
        pwmn_get_pwm_on_reload_u16                                     NOT NEEDED
        pwmn_get_pwm_c1_reload                                         NOT NEEDED
        pwmn_get_pwm_c1_reload_u16                                     NOT NEEDED
        pwmn_get_pwm_c0_reload                                         NOT NEEDED
        pwmn_get_pwm_c0_reload_u16                                     NOT NEEDED
        pwmn_get_pwm_on                                                NOT NEEDED
        pwmn_get_pwm_on_u16                                            NOT NEEDED
        pwmn_get_pwm_c1                                                NOT NEEDED
        pwmn_get_pwm_c1_u16                                            NOT NEEDED
        pwmn_get_pwm_c0                                                NOT NEEDED
        pwmn_get_pwm_c0_u16                                            NOT NEEDED
        pwmn_get_pwm_cfg                                               NOT NEEDED
        pwmn_get_pwm_cfg_u16                                           NOT NEEDED
        pwmn_get_nth_start_reload                                      NOT NEEDED
        pwmn_get_dead_time_reload_u16                                  NOT NEEDED
        pwmn_get_nth_start_reload_u16                                  NOT NEEDED
        pwmn_get_prescaler_reload                                      NOT NEEDED
        pwmn_get_cnt_max_reload_u16                                    NOT NEEDED
        pwmn_get_prescaler_reload_u16                                  NOT NEEDED
        pwmn_get_dead_time                                             NOT NEEDED
        pwmn_get_dead_time_u16                                         NOT NEEDED
        pwmn_get_nth_start                                             NOT NEEDED
[...]
  04        gpio_set_input_enable
            | Stack used (prev) :  000000CC
            | + function block  :  00000002
            |  Already listed
  04        gpio_set_output_enable
            | Stack used (prev) :  000000CC
            | + function block  :  00000002
            |  Already listed
  04        gpio_set_data_out
            | Stack used (prev) :  00000000
            | + function block  :  00000002
            |  Already listed
  03      SDK_GPIOAInit
          | Stack used (prev) :  000000CE
          | + function block  :  00000004
  04        sys_state_reset_enable
            | Stack used (prev) :  000000CC
            | + function block  :  00000002
  04        sys_state_module_enable
            | Stack used (prev) :  000000CC
            | + function block  :  00000002
            |  Already listed
  03      SDK_SystemStateModuleInit
          | Stack used (prev) :  000000CE
          | + function block  :  00000004
  04        sys_state_set_target_clk
            | Stack used (prev) :  000000CC
            | + function block  :  00000004
  03      SDK_ClockInit
          | Stack used (prev) :  000000D0
          | + function block  :  00000004
  02    SDK_HardWareInit
        | Stack used (prev) :  000000DE
        | + function block  :  00000002
  02    BatMonitor
        | Stack used (prev) :  000000CC
        | + function block  :  00000002
  03      iomux_ctrl_select_c
          | Stack used (prev) :  000000CC
          | + function block  :  00000004
          |  Already listed
  02    PwmIn_PeriodTask
        | Stack used (prev) :  000000D0
        | + function block  :  00000008
  04        pi_controller_init
            | Stack used (prev) :  000000CC
            | + function block  :  0000000C
  05          pi_controller_reset
              | Stack used (prev) :  00000000
              | + function block  :  00000002
              |  Already listed
  04        bemf_control_reset
            | Stack used (prev) :  000000CC
            | + function block  :  00000002
  04        Motor_SetSpeed
            | Stack used (prev) :  000000D8
            | + function block  :  00000006
            |  Already listed
  05          saradc_swap_vw
              | Stack used (prev) :  00000014
              | + function block  :  00000004
              |  Already listed
  05          enable_pwm
              | Stack used (prev) :  00000000
              | + function block  :  00000002
              |  Already listed
  05          activate_pre_pwm_float_control
              | Stack used (prev) :  000000CC
              | + function block  :  00000004
  05          pre_pwm_enable_float
              | Stack used (prev) :  000000CC
              | + function block  :  00000004
  05          pre_pwm_is_reverse
              | Stack used (prev) :  00000000
              | + function block  :  00000002
              |  Already listed
  04        Motor_BLDCModeInit
            | Stack used (prev) :  000000D0
            | + function block  :  00000004
  03      Motor_SoftWareInit
          | Stack used (prev) :  000000D8
          | + function block  :  00000014
  04        pwm_init
            | Stack used (prev) :  000000CC
            | + function block  :  00000008
  04        pre_pwm_set_sinc_smult_init
            | Stack used (prev) :  0000004C
            | + function block  :  00000010
            |  Already listed
  05          irq_get_status
              | Stack used (prev) :  000000CC
              | + function block  :  00000002
  05          pre_pwm_set_default_table
              | Stack used (prev) :  000000CC
              | + function block  :  00000002
  05          pre_pwm_set_phase_internal
              | Stack used (prev) :  0000001E
              | + function block  :  0000002E
              |  Already listed
  05          pre_pwm_enable_inc
              | Stack used (prev) :  00000002
              | + function block  :  00000008
              |  Already listed
  05          pre_pwm_enable_dma
              | Stack used (prev) :  00000002
              | + function block  :  00000008
              |  Already listed
  06            pre_pwm_set_sync_ext_cfg
                | Stack used (prev) :  000000CC
                | + function block  :  00000002
  06            pre_pwm_get_sync_ext_cfg
                | Stack used (prev) :  000000CC
                | + function block  :  00000004
  05          pre_pwm_sync_cfg_intf
              | Stack used (prev) :  000000CE
              | + function block  :  00000008
  06            pre_pwm_set_sync_ext_cfg
                | Stack used (prev) :  000000CC
                | + function block  :  00000002
                |  Already listed
  06            pre_pwm_get_sync_ext_cfg
                | Stack used (prev) :  000000CC
                | + function block  :  00000004
                |  Already listed
  05          pre_pwm_sync_intf_set
              | Stack used (prev) :  000000CE
              | + function block  :  0000000A
  05          pre_pwm_set_cmd
              | Stack used (prev) :  000000CC
              | + function block  :  00000002
  04        pre_pwm_config_offline
            | Stack used (prev) :  000000D8
            | + function block  :  0000000C
  05          pre_pwm_set_sinc_smult_init
              | Stack used (prev) :  0000004C
              | + function block  :  00000010
              |  Already listed
  04        pre_pwm_config_online_scale
            | Stack used (prev) :  000000CC
            | + function block  :  00000004
  05          pre_pwm_set_sinc_smult_init
              | Stack used (prev) :  0000004C
              | + function block  :  00000010
              |  Already listed
  04        pre_pwm_config_online_inc
            | Stack used (prev) :  000000CC
            | + function block  :  00000004
  05          pre_pwm_init_base_phase
              | Stack used (prev) :  000000CC
              | + function block  :  00000002
  05          pre_pwm_set_scale_offset
              | Stack used (prev) :  000000CC
              | + function block  :  00000002
  04        pre_pwm_config_online
            | Stack used (prev) :  000000CE
            | + function block  :  00000006
  05          irq_enable
              | Stack used (prev) :  00000000
              | + function block  :  00000002
              |  Already listed
  05          irq_disable
              | Stack used (prev) :  00000000
              | + function block  :  00000002
              |  Already listed
  05          irq_handler_register
              | Stack used (prev) :  000000CC
              | + function block  :  00000002
              |  Already listed
  05          pre_pwm_enable_float
              | Stack used (prev) :  000000CC
              | + function block  :  00000004
              |  Already listed
  06            pre_pwm_set_sync_en
                | Stack used (prev) :  000000CC
                | + function block  :  00000002
  06            pre_pwm_get_sync_en
                | Stack used (prev) :  000000CC
                | + function block  :  00000004
  05          pre_pwm_enable_sync0
              | Stack used (prev) :  000000CE
              | + function block  :  00000008
  06            pre_pwm_set_sync_en
                | Stack used (prev) :  000000CC
                | + function block  :  00000002
                |  Already listed
  06            pre_pwm_get_sync_en
                | Stack used (prev) :  000000CC
                | + function block  :  00000004
                |  Already listed
  05          pre_pwm_enable_sync1
              | Stack used (prev) :  000000CE
              | + function block  :  00000008
  06            irq_handler_init
                | Stack used (prev) :  000000CC
                | + function block  :  00000002
                |  Already listed
  05          pre_pwm_handler_init
              | Stack used (prev) :  000000CE
              | + function block  :  00000002
  05          pre_pwm_set_bp_sync0
              | Stack used (prev) :  000000CC
              | + function block  :  00000002
  05          pre_pwm_set_bp_sync1
              | Stack used (prev) :  00000000
              | + function block  :  00000002
              |  Already listed
  04        pre_pwm_init
            | Stack used (prev) :  000000D6
            | + function block  :  00000004
  03      Motor_HardWareInit
          | Stack used (prev) :  000000E4
          | + function block  :  00000014
  02    Motor_Init
        | Stack used (prev) :  000000F8
        | + function block  :  00000002
  03      flash_get_page_base_addr
          | Stack used (prev) :  000000CC
          | + function block  :  00000002
  03      flash_read_info_word
          | Stack used (prev) :  000000CC
          | + function block  :  00000004
  02    DTC_Init
        | Stack used (prev) :  000000D0
        | + function block  :  00000008
  03      memset
          | Stack used (prev) :  00000000
          | + function block  :  00000002
          |  Already listed
  03      TemperatureState_Init
          | Stack used (prev) :  000000CC
          | + function block  :  00000002
  05          PwmInShort_Init
              | Stack used (prev) :  000000CC
              | + function block  :  00000002
  06            FreqValidJudge_Init
                | Stack used (prev) :  000000CC
                | + function block  :  00000002
  06            DutyFilter_Init
                | Stack used (prev) :  000000CC
                | + function block  :  00000002
  05          PwmInNotShort_Init
              | Stack used (prev) :  000000CE
              | + function block  :  00000004
  05          SpeedDelayOut_Init
              | Stack used (prev) :  000000CC
              | + function block  :  00000002
  04        PwmInSpeedCtrl_Init
            | Stack used (prev) :  000000D2
            | + function block  :  00000002
  03      PwmInTargetSpeedEval_Init
          | Stack used (prev) :  000000D4
          | + function block  :  00000002
  03      MotorRestartAndFaultCnt_Init
          | Stack used (prev) :  000000CC
          | + function block  :  00000002
  04        DelayOut_Init
            | Stack used (prev) :  000000CC
            | + function block  :  00000002
  04        DelayOut_Init
            | Stack used (prev) :  000000CC
            | + function block  :  00000002
            |  Already listed
  03      FeedBack_Init
          | Stack used (prev) :  000000CE
          | + function block  :  00000002
  04        TemperatureState_Init
            | Stack used (prev) :  000000CC
            | + function block  :  00000002
            |  Already listed
  04        VoltageDiag_Init
            | Stack used (prev) :  000000CC
            | + function block  :  00000002
  03      ECUFaultDiag_Init
          | Stack used (prev) :  000000CE
          | + function block  :  00000006
  02    AppMain_initialize
        | Stack used (prev) :  000000D6
        | + function block  :  00000004
  04        UpdateStateCnt
            | Stack used (prev) :  000000CC
            | + function block  :  00000004
  04        UpdateStateCnt
            | Stack used (prev) :  000000CC
            | + function block  :  00000004
            |  Already listed
  04        UpdateStateCnt
            | Stack used (prev) :  000000CC
            | + function block  :  00000004
            |  Already listed
  03      TemperatureState
          | Stack used (prev) :  000000D0
          | + function block  :  0000000A
  05          PwmInNotShort_Disable
              | Stack used (prev) :  000000CC
              | + function block  :  00000002
  04        PwmInSpeedCtrl_Disable
            | Stack used (prev) :  000000CE
            | + function block  :  00000002
  05          SpeedDelayOut
              | Stack used (prev) :  000000CC
              | + function block  :  00000004
  07              mul_wide_u32
                  | Stack used (prev) :  000000CC
                  | + function block  :  0000001E
  06            mul_u32_sat
                | Stack used (prev) :  000000EA
                | + function block  :  00000010
  05          SpeedCurve
              | Stack used (prev) :  000000FA
              | + function block  :  00000012
  06            FreqValidJudge
                | Stack used (prev) :  000000CC
                | + function block  :  00000004
  07              DutyFilter_Reset
                  | Stack used (prev) :  000000CC
                  | + function block  :  00000002
  07              BufDataSameFirstCnt
                  | Stack used (prev) :  000000CC
                  | + function block  :  00000008
  07              DutyBufUpdate
                  | Stack used (prev) :  000000CC
                  | + function block  :  00000002
  06            DutyFilter
                | Stack used (prev) :  000000D4
                | + function block  :  00000014
  05          PwmInNotShort
              | Stack used (prev) :  000000E8
              | + function block  :  0000000C
  05          PwmInNotShort_Disable
              | Stack used (prev) :  000000CC
              | + function block  :  00000002
              |  Already listed
  05          PwmInShort_Reset
              | Stack used (prev) :  000000CC
              | + function block  :  00000002
  05          PwmInShort
              | Stack used (prev) :  000000CC
              | + function block  :  00000002
  06            FreqValidJudge_Reset
                | Stack used (prev) :  000000CC
                | + function block  :  00000002
  05          PwmInNotShort_Reset
              | Stack used (prev) :  000000CE
              | + function block  :  00000004
  05          asr_s32
              | Stack used (prev) :  000000CC
              | + function block  :  0000000A
  06            asr_s32
                | Stack used (prev) :  000000CC
                | + function block  :  0000000A
                |  Already listed
  05          look1_is16lu32n16Ds32_binlcs
              | Stack used (prev) :  000000D6
              | + function block  :  00000010
  04        PwmInSpeedCtrl
            | Stack used (prev) :  0000010C
            | + function block  :  00000012
  03      PwmInTargetSpeedEval
          | Stack used (prev) :  0000011E
          | + function block  :  00000002
  04        PwmInshortDetect
            | Stack used (prev) :  000000CC
            | + function block  :  00000002
  03      PwmInParamEval
          | Stack used (prev) :  000000CE
          | + function block  :  00000002
  03      MotorTargetSpeedMux
          | Stack used (prev) :  000000CC
          | + function block  :  00000002
  03      MotorRestartAndFaultCnt
          | Stack used (prev) :  000000CC
          | + function block  :  00000012
  05          DelayOut
              | Stack used (prev) :  000000CC
              | + function block  :  00000006
  04        FeedBackDelay
            | Stack used (prev) :  000000D2
            | + function block  :  0000000A
  04        FeedBackDelay
            | Stack used (prev) :  000000D2
            | + function block  :  0000000A
            |  Already listed
  03      FeedBack
          | Stack used (prev) :  000000DC
          | + function block  :  00000008
  05          UpdateStateCnt_hvit
              | Stack used (prev) :  000000CC
              | + function block  :  00000004
  05          UpdateStateCnt_hvit
              | Stack used (prev) :  000000CC
              | + function block  :  00000004
              |  Already listed
  05          UpdateStateCnt_hvit
              | Stack used (prev) :  000000CC
              | + function block  :  00000004
              |  Already listed
  04        VoltageDiag
            | Stack used (prev) :  000000D0
            | + function block  :  00000002
  05          TemperatureState
              | Stack used (prev) :  000000D0
              | + function block  :  0000000A
              |  Already listed
  04        AmbTemperatureDiag
            | Stack used (prev) :  000000DA
            | + function block  :  0000000C
  03      ECUFaultDiag
          | Stack used (prev) :  000000E6
          | + function block  :  0000000E
  02    AppMain_step
        | Stack used (prev) :  00000120
        | + function block  :  00000004
  03      Mat_ExeLp
          | Stack used (prev) :  000000CC
          | + function block  :  0000000C
  03      BatVoltageFilter
          | Stack used (prev) :  000000CC
          | + function block  :  00000004
  03      ADC_GetChipTemperature
          | Stack used (prev) :  000000CC
          | + function block  :  00000006
  02    ADC_PeriodTask
        | Stack used (prev) :  000000D8
        | + function block  :  00000008
  03      memset
          | Stack used (prev) :  00000000
          | + function block  :  00000002
          |  Already listed
  02    ADC_VarInit
        | Stack used (prev) :  000000CC
        | + function block  :  00000002
  01  main
      | Stack used (prev) :  00000124
      | + function block  :  00000004
  <-Sub-tree of type: Function tree
    | Stack used          :  00000128


  ->Sub-tree of type: Function tree
                             CSTACK
    | Stack used (prev) :  00000128
  01  exit
      | Stack used (prev) :  00000128
      | + function block  :  00000002
  <-Sub-tree of type: Function tree
    | Stack used          :  0000012A


  ->Sub-tree of type: Function tree
                             CSTACK
    | Stack used (prev) :  0000012A
  01  __data16_memzero
      | Stack used (prev) :  0000012A
      | + function block  :  00000002
  <-Sub-tree of type: Function tree
    | Stack used          :  0000012C


  ->Sub-tree of type: Function tree
                             CSTACK
    | Stack used (prev) :  0000012C
  02    memcpy
        | Stack used (prev) :  0000012C
        | + function block  :  00000002
  01  __data16_memcpy
      | Stack used (prev) :  0000012E
      | + function block  :  00000002
  <-Sub-tree of type: Function tree
    | Stack used          :  00000130




                ****************************************
                *                                      *
                *      SEGMENTS IN ADDRESS ORDER       *
                *                                      *
                ****************************************


SEGMENT              SPACE    START ADDRESS   END ADDRESS     SIZE  TYPE  ALIGN
=======              =====    =============   ===========     ====  ====  =====
DATA16_AN                              1000 - 139F             3A0   rel    0
DATA16_I                               13A0 - 1855             4B6   rel    1
DATA16_Z                               1856 - 1C3D             3E8   rel    1
CSTACK                                 1E00 - 1FFF             200   rel    1
DATA16_AC                              8000 - 8001               2   rel    0
DATA16_C                               8002 - 86AF             6AE   rel    1
DATA16_ID                              86B0 - 8B65             4B6   rel    1
CSTART                                 8B66 - 8B8D              28   rel    1
<CODE> 1                               8B8E - FBEF            7062   rel    1
DATA16_AC                              FBF0 - FBFF              10   rel    0
<CODE> 2                               FC00 - FCD1              D2   rel    1
DATA16_AC                              FFF2 - FFF3               2   rel    0
RESET                                  FFFE - FFFF               2   rel    1

                ****************************************
                *                                      *
                *        END OF CROSS REFERENCE        *
                *                                      *
                ****************************************

 29 022 bytes of CODE  memory
  2 718 bytes of DATA  memory (+ 928 absolute )
  2 916 bytes of CONST memory (+  20 absolute )

Errors: none
Warnings: none

