Component: ARM Compiler 5.06 update 7 (build 960) Tool: armlink [4d3601]

==============================================================================

Section Cross References

    main.o(i.Emo_calIShuntZero) refers to emo.o(i.Emo_calcIShuntZero) for Emo_calcIShuntZero
    main.o(i.Emo_calIShuntZero) refers to dtc.o(.bss) for DTCVar
    main.o(i.Emo_calIShuntZero) refers to adcsample.o(.bss) for ADCResults
    main.o(i.Emo_calIShuntZero) refers to dtc.o(.data) for DtcIShuntWriteEn
    main.o(i.Emo_calIShuntZero) refers to motorapi.o(.data) for CSAZeroFault
    main.o(i.Emo_calIShuntZero) refers to emo_ram.o(.bss) for Emo_Svm
    main.o(i.Main_AppMainInputUpdate) refers to appmain.o(.bss) for U
    main.o(i.Main_AppMainInputUpdate) refers to lindatapro.o(.data) for LinRx
    main.o(i.Main_AppMainInputUpdate) refers to adcsample.o(.bss) for ADCResults
    main.o(i.Main_AppMainInputUpdate) refers to sdk.o(.data) for ECUFaults
    main.o(i.Main_AppMainInputUpdate) refers to motorapi.o(.bss) for MotorAPIVar
    main.o(i.main) refers to sdk.o(i.SDK_HardwareInit) for SDK_HardwareInit
    main.o(i.main) refers to sdk.o(i.SDK_Mem_Check) for SDK_Mem_Check
    main.o(i.main) refers to dtc.o(i.DTC_Init) for DTC_Init
    main.o(i.main) refers to motorapi.o(i.MotorAPI_MotorInit) for MotorAPI_MotorInit
    main.o(i.main) refers to main.o(i.Emo_calIShuntZero) for Emo_calIShuntZero
    main.o(i.main) refers to appmain.o(i.AppMain_initialize) for AppMain_initialize
    main.o(i.main) refers to lin_common_api.o(i.l_sys_init) for l_sys_init
    main.o(i.main) refers to lin_common_api.o(i.l_ifc_init) for l_ifc_init
    main.o(i.main) refers to adcsample.o(i.ADCSample_PeriodTask) for ADCSample_PeriodTask
    main.o(i.main) refers to sdk.o(i.SDK_EcuFaultDiag) for SDK_EcuFaultDiag
    main.o(i.main) refers to main.o(i.Main_AppMainInputUpdate) for Main_AppMainInputUpdate
    main.o(i.main) refers to appmain.o(i.AppMain_step) for AppMain_step
    main.o(i.main) refers to motorapi.o(i.MotorAPI_MotorSetSpeed) for MotorAPI_MotorSetSpeed
    main.o(i.main) refers to motorapi.o(i.MotorAPI_MotorPeriodTask) for MotorAPI_MotorPeriodTask
    main.o(i.main) refers to sdk.o(i.SDK_FeedWDog) for SDK_FeedWDog
    main.o(i.main) refers to testmode.o(i.TestMode_FactoryTest) for TestMode_FactoryTest
    main.o(i.main) refers to testmode.o(i.TestMode_UartDebugPeriodTask) for TestMode_UartDebugPeriodTask
    main.o(i.main) refers to lindatapro.o(i.LIN_Rx) for LIN_Rx
    main.o(i.main) refers to lindatapro.o(i.LIN_Tx) for LIN_Tx
    main.o(i.main) refers to dtc.o(i.DTC_PeriodTask) for DTC_PeriodTask
    main.o(i.main) refers to dtc.o(i.DTC_DataSave) for DTC_DataSave
    main.o(i.main) refers to sdk.o(i.SDK_GoToSleepMode) for SDK_GoToSleepMode
    main.o(i.main) refers to sdk.o(i.SDK_SystemReset) for SDK_SystemReset
    main.o(i.main) refers to appmain.o(.bss) for U
    main.o(i.main) refers to testmode.o(.data) for IsInTestMode
    main.o(i.main) refers to lindatapro.o(.data) for LinRx
    main.o(i.main) refers to globalvars.o(.data) for PowerUpTimeMs
    main.o(i.main) refers to main.o(.data) for .data
    main.o(i.main) refers to sdk.o(.data) for ECUFaults
    main.o(i.main) refers to motorapi.o(.bss) for MotorAPIVar
    main.o(i.main) refers to lin_lld_sci.o(.data) for IDEA_TimeOut
    testmode.o(i.Fct_CalIShuntZero) refers to emo.o(i.Emo_calcIShuntZero) for Emo_calcIShuntZero
    testmode.o(i.Fct_CalIShuntZero) refers to testmode.o(.data) for .data
    testmode.o(i.Fct_CalIShuntZero) refers to adcsample.o(.bss) for ADCResults
    testmode.o(i.Fct_CalIShuntZero) refers to dtc.o(.bss) for DTCVar
    testmode.o(i.Fct_CalIShuntZero) refers to motorapi.o(.data) for CSAZeroFault
    testmode.o(i.Fct_CalIShuntZero) refers to dtc.o(.data) for DtcIShuntWriteEn
    testmode.o(i.Fct_CalIShuntZero) refers to emo_ram.o(.bss) for Emo_Svm
    testmode.o(i.TestMode_FactoryTest) refers to testmode.o(i.TestMode_FctTest) for TestMode_FctTest
    testmode.o(i.TestMode_FactoryTest) refers to testmode.o(.data) for .data
    testmode.o(i.TestMode_FctTest) refers to fancomtest.o(i.FanComTest_GetRxID) for FanComTest_GetRxID
    testmode.o(i.TestMode_FctTest) refers to fancomtest.o(i.FanComTest_ReadU8) for FanComTest_ReadU8
    testmode.o(i.TestMode_FctTest) refers to motorapi.o(i.MotorAPI_MotorSetSpeed) for MotorAPI_MotorSetSpeed
    testmode.o(i.TestMode_FctTest) refers to sdk.o(i.SDK_BDRV_Off) for SDK_BDRV_Off
    testmode.o(i.TestMode_FctTest) refers to lin_common_api.o(i.l_u16_rd) for l_u16_rd
    testmode.o(i.TestMode_FctTest) refers to lin_common_api.o(i.l_u8_wr) for l_u8_wr
    testmode.o(i.TestMode_FctTest) refers to testmode.o(i.Fct_CalIShuntZero) for Fct_CalIShuntZero
    testmode.o(i.TestMode_FctTest) refers to sdk.o(i.SDK_BDRVGetShortStatus) for SDK_BDRVGetShortStatus
    testmode.o(i.TestMode_FctTest) refers to testmode.o(i.TestMode_TestMOS) for TestMode_TestMOS
[...]
    .data                                    0x18000178   Section       28  lin_lld_sci.o(.data)
    ifc                                      0x18000178   Data           1  lin_lld_sci.o(.data)
    state                                    0x18000179   Data           1  lin_lld_sci.o(.data)
    cnt_byte                                 0x1800017a   Data           1  lin_lld_sci.o(.data)
    current_id                               0x1800017b   Data           1  lin_lld_sci.o(.data)
    pid                                      0x1800017c   Data           1  lin_lld_sci.o(.data)
    lastbyte_tx                              0x1800017d   Data           1  lin_lld_sci.o(.data)
    frame_timeout_cnt                        0x18000180   Data           2  lin_lld_sci.o(.data)
    res_frame_timeout_cnt                    0x18000182   Data           2  lin_lld_sci.o(.data)
    idle_timeout_cnt                         0x18000184   Data           2  lin_lld_sci.o(.data)
    l_status                                 0x18000186   Data           3  lin_lld_sci.o(.data)
    ptr                                      0x1800018c   Data           4  lin_lld_sci.o(.data)
    response_buffer                          0x18000190   Data           4  lin_lld_sci.o(.data)
    .data                                    0x18000194   Section        2  lin_common_proto.o(.data)
    .data                                    0x18000196   Section        1  lin_common_proto.o(.data)
    .data                                    0x18000198   Section        8  uart.o(.data)
    uart1                                    0x18000198   Data           4  uart.o(.data)
    uart2                                    0x1800019c   Data           4  uart.o(.data)
    .data                                    0x180001a0   Section        8  wdt1.o(.data)
    bSOWactive                               0x180001a0   Data           1  wdt1.o(.data)
    .bss                                     0x180001a8   Section      192  pwmin.o(.bss)
    PwmInVar                                 0x180001a8   Data         192  pwmin.o(.bss)
    .bss                                     0x18000268   Section       44  adcsample.o(.bss)
    .bss                                     0x18000294   Section       48  motorapi.o(.bss)
    .bss                                     0x180002c4   Section      196  dtc.o(.bss)
    FaultFlagAndCnt                          0x180002c4   Data          94  dtc.o(.bss)
    .bss                                     0x18000388   Section       36  fancomtest.o(.bss)
    Uart_RxState_Machine                     0x18000388   Data          18  fancomtest.o(.bss)
    Uart_TxState_Machine                     0x1800039a   Data          18  fancomtest.o(.bss)
    .bss                                     0x180003ac   Section      416  emo_ram.o(.bss)
    .bss                                     0x1800054c   Section       40  emo_ram.o(.bss)
    .bss                                     0x18000574   Section      224  appmain.o(.bss)
    .bss                                     0x18000654   Section       18  lin_cfg.o(.bss)
    .bss                                     0x18000666   Section       18  lin_cfg.o(.bss)
    .bss                                     0x18000678   Section       10  lin_cfg.o(.bss)
    STACK                                    0x18000688   Section     1024  startup_tle987x.o(STACK)

    Global Symbols

    Symbol Name                              Value     Ov Type        Size  Object(Section)

    BuildAttributes$$THM_ISAv4$P$D$K$B$S$PE$A:L22UL41UL21$X:L11$S22US41US21$IEEE1$IW$USESV6$~STKCKD$USESV7$~SHL$OTIME$ROPI$EBA8$MICROLIB$REQ8$PRES8$EABIv2 0x00000000   Number         0  anon$$obj.o ABSOLUTE
    __ARM_use_no_argv                        0x00000000   Number         0  main.o ABSOLUTE
    __arm_fini_                               - Undefined Weak Reference
    __cpp_initialize__aeabi_                  - Undefined Weak Reference
    __cxa_finalize                            - Undefined Weak Reference
    _clock_init                               - Undefined Weak Reference
    _microlib_exit                            - Undefined Weak Reference
    __Vectors_Size                           0x00000080   Number         0  startup_tle987x.o ABSOLUTE
    __Vectors                                0x11000000   Data           4  startup_tle987x.o(RESET)
    __Vectors_End                            0x11000080   Data           0  startup_tle987x.o(RESET)
    __main                                   0x11000081   Thumb Code     0  entry.o(.ARM.Collect$$$$00000000)
    _main_stk                                0x11000081   Thumb Code     0  entry2.o(.ARM.Collect$$$$00000001)
    _main_scatterload                        0x11000085   Thumb Code     0  entry5.o(.ARM.Collect$$$$00000004)
    __main_after_scatterload                 0x11000089   Thumb Code     0  entry5.o(.ARM.Collect$$$$00000004)
    _main_clock                              0x11000089   Thumb Code     0  entry7b.o(.ARM.Collect$$$$00000008)
    _main_cpp_init                           0x11000089   Thumb Code     0  entry8b.o(.ARM.Collect$$$$0000000A)
    _main_init                               0x11000089   Thumb Code     0  entry9a.o(.ARM.Collect$$$$0000000B)
    __rt_lib_shutdown_fini                   0x11000091   Thumb Code     0  entry12b.o(.ARM.Collect$$$$0000000E)
    __rt_final_cpp                           0x11000095   Thumb Code     0  entry10a.o(.ARM.Collect$$$$0000000F)
    __rt_final_exit                          0x11000095   Thumb Code     0  entry11a.o(.ARM.Collect$$$$00000011)
    Reset_Handler                            0x11000099   Thumb Code     8  startup_tle987x.o(.text)
    SVC_Handler_main                         0x110000a1   Thumb Code     2  startup_tle987x.o(.text)
    NMI_Handler                              0x110000a3   Thumb Code     2  startup_tle987x.o(.text)
    DebugMon_Handler                         0x110000c5   Thumb Code     2  startup_tle987x.o(.text)
    PendSV_Handler                           0x110000c7   Thumb Code     2  startup_tle987x.o(.text)
    ADC1_IRQHandler                          0x110000cb   Thumb Code     0  startup_tle987x.o(.text)
    ADC2_IRQHandler                          0x110000cb   Thumb Code     0  startup_tle987x.o(.text)
    BDRV_IRQHandler                          0x110000cb   Thumb Code     0  startup_tle987x.o(.text)
    CCU6SR0_IRQHandler                       0x110000cb   Thumb Code     0  startup_tle987x.o(.text)
    CCU6SR2_IRQHandler                       0x110000cb   Thumb Code     0  startup_tle987x.o(.text)
    CCU6SR3_IRQHandler                       0x110000cb   Thumb Code     0  startup_tle987x.o(.text)
    DMA_IRQHandler                           0x110000cb   Thumb Code     0  startup_tle987x.o(.text)
    EXINT0_IRQHandler                        0x110000cb   Thumb Code     0  startup_tle987x.o(.text)
    EXINT1_IRQHandler                        0x110000cb   Thumb Code     0  startup_tle987x.o(.text)
    GPT2_IRQHandler                          0x110000cb   Thumb Code     0  startup_tle987x.o(.text)
    SSC1_IRQHandler                          0x110000cb   Thumb Code     0  startup_tle987x.o(.text)
    SSC2_IRQHandler                          0x110000cb   Thumb Code     0  startup_tle987x.o(.text)
    abs                                      0x110000d9   Thumb Code     8  siabs.o(.text)
    __aeabi_memcpy                           0x110000e1   Thumb Code    36  memcpya.o(.text)
    __aeabi_memcpy4                          0x110000e1   Thumb Code     0  memcpya.o(.text)
    __aeabi_memcpy8                          0x110000e1   Thumb Code     0  memcpya.o(.text)
    __aeabi_memset                           0x11000105   Thumb Code    14  memseta.o(.text)
    __aeabi_memset4                          0x11000105   Thumb Code     0  memseta.o(.text)
    __aeabi_memset8                          0x11000105   Thumb Code     0  memseta.o(.text)
    __aeabi_memclr                           0x11000113   Thumb Code     4  memseta.o(.text)
    __aeabi_memclr4                          0x11000113   Thumb Code     0  memseta.o(.text)
    __aeabi_memclr8                          0x11000113   Thumb Code     0  memseta.o(.text)
    _memset$wrapper                          0x11000117   Thumb Code    18  memseta.o(.text)
    __aeabi_fmul                             0x11000129   Thumb Code   100  fmul.o(.text)
    __aeabi_fdiv                             0x1100018d   Thumb Code   124  fdiv.o(.text)
    __ARM_scalbnf                            0x11000209   Thumb Code    24  fscalb.o(.text)
    scalbnf                                  0x11000209   Thumb Code     0  fscalb.o(.text)
    __aeabi_dmul                             0x11000221   Thumb Code   228  dmul.o(.text)
    __aeabi_ddiv                             0x11000305   Thumb Code   222  ddiv.o(.text)
    __ARM_scalbn                             0x110003e3   Thumb Code    46  dscalb.o(.text)
    scalbn                                   0x110003e3   Thumb Code     0  dscalb.o(.text)
    __aeabi_ui2f                             0x11000411   Thumb Code    10  ffltui.o(.text)
    __aeabi_f2iz                             0x1100041b   Thumb Code    50  ffixi.o(.text)
    __aeabi_f2uiz                            0x1100044d   Thumb Code    40  ffixui.o(.text)
    __aeabi_d2iz                             0x11000475   Thumb Code    62  dfixi.o(.text)
    __aeabi_d2uiz                            0x110004b3   Thumb Code    50  dfixui.o(.text)
    __aeabi_f2d                              0x110004e5   Thumb Code    38  f2d.o(.text)
    __aeabi_d2f                              0x1100050b   Thumb Code    56  d2f.o(.text)
    __aeabi_llsl                             0x11000543   Thumb Code    30  llshl.o(.text)
    _ll_shift_l                              0x11000543   Thumb Code     0  llshl.o(.text)
    __aeabi_llsr                             0x11000561   Thumb Code    32  llushr.o(.text)
    _ll_ushift_r                             0x11000561   Thumb Code     0  llushr.o(.text)
    __I$use$fp                               0x11000581   Thumb Code     0  iusefp.o(.text)
    _float_round                             0x11000581   Thumb Code    18  fepilogue.o(.text)
    _float_epilogue                          0x11000593   Thumb Code    92  fepilogue.o(.text)
    _double_round                            0x110005ef   Thumb Code    30  depilogue.o(.text)
    _double_epilogue                         0x1100060d   Thumb Code   156  depilogue.o(.text)
    __scatterload                            0x110006a9   Thumb Code    28  init.o(.text)
    __scatterload_rt2                        0x110006a9   Thumb Code     0  init.o(.text)
    __decompress                             0x110006cd   Thumb Code     0  __dczerorl2.o(.text)
    __decompress1                            0x110006cd   Thumb Code    86  __dczerorl2.o(.text)
    ADC1_GetChResult                         0x11000725   Thumb Code    32  adc1.o(i.ADC1_GetChResult)
    ADC1_Init                                0x11000749   Thumb Code   112  adc1.o(i.ADC1_Init)
    ADC2_Init                                0x110007c5   Thumb Code    72  adc2.o(i.ADC2_Init)
    ADCSample_GetAmbT                        0x110008b5   Thumb Code    64  adcsample.o(i.ADCSample_GetAmbT)
    ADCSample_GetBat                         0x110008fd   Thumb Code    32  adcsample.o(i.ADCSample_GetBat)
    ADCSample_PeriodTask                     0x11000921   Thumb Code   162  adcsample.o(i.ADCSample_PeriodTask)
    AmbTOverDiag                             0x110009d1   Thumb Code   264  rt_sys_ecufaultdiag_0.o(i.AmbTOverDiag)
    AmbTOverDiag_Init                        0x11000add   Thumb Code    20  rt_sys_ecufaultdiag_0.o(i.AmbTOverDiag_Init)
    AmbTemperatureDiag                       0x11000af1   Thumb Code    28  ecufaultdiag.o(i.AmbTemperatureDiag)
    AmbTemperatureDiag_Init                  0x11000b0d   Thumb Code     4  ecufaultdiag.o(i.AmbTemperatureDiag_Init)
    AppMain_initialize                       0x11000b11   Thumb Code   100  appmain.o(i.AppMain_initialize)
    AppMain_step                             0x11000b7d   Thumb Code   280  appmain.o(i.AppMain_step)
    AppTimeBaseHandler                       0x11000c9d   Thumb Code    42  isrhandler.o(i.AppTimeBaseHandler)
    BDRV_Clr_Sts                             0x11000cd1   Thumb Code     8  bdrv.o(i.BDRV_Clr_Sts)
    BDRV_Init                                0x11000cdd   Thumb Code    68  bdrv.o(i.BDRV_Init)
    BDRV_Set_Bridge                          0x11000d39   Thumb Code   112  bdrv.o(i.BDRV_Set_Bridge)
    BufDataSameFirstCnt                      0x11000dad   Thumb Code    96  pwmintargetspeedeval.o(i.BufDataSameFirstCnt)
    BusFault_Handler                         0x11000e0d   Thumb Code     2  isr.o(i.BusFault_Handler)
    CCU6SR1_IRQHandler                       0x11000e11   Thumb Code    72  isr.o(i.CCU6SR1_IRQHandler)
    CCU6_Init                                0x11000e61   Thumb Code   108  ccu6.o(i.CCU6_Init)
    CSA_Init                                 0x11000ed1   Thumb Code    16  csa.o(i.CSA_Init)
    Common_CopyMem                           0x11000ee5   Thumb Code    20  common.o(i.Common_CopyMem)
    Common_ExeLookUpTable                    0x11000ef9   Thumb Code   110  common.o(i.Common_ExeLookUpTable)
    Common_SetStatusDelay                    0x11000f67   Thumb Code    30  common.o(i.Common_SetStatusDelay)
    DMA_Init                                 0x11000f85   Thumb Code    12  dma.o(i.DMA_Init)
    DTC_DataSave                             0x11001031   Thumb Code   142  dtc.o(i.DTC_DataSave)
    DTC_GetRecord                            0x110010e9   Thumb Code    30  dtc.o(i.DTC_GetRecord)
    DTC_Init                                 0x1100110d   Thumb Code    60  dtc.o(i.DTC_Init)
    DTC_PeriodTask                           0x11001159   Thumb Code   724  dtc.o(i.DTC_PeriodTask)
    DTC_SaveJudgments                        0x11001449   Thumb Code    38  lindatapro.o(i.DTC_SaveJudgments)
    DelayOut                                 0x110014fd   Thumb Code   112  feedback.o(i.DelayOut)
    DelayOut_Init                            0x1100156d   Thumb Code    12  feedback.o(i.DelayOut_Init)
    Delay_us                                 0x11001579   Thumb Code    80  wdt1.o(i.Delay_us)
    DutyBufUpdate                            0x110015c9   Thumb Code    30  pwmintargetspeedeval.o(i.DutyBufUpdate)
    DutyFilter                               0x110015e7   Thumb Code   178  pwmintargetspeedeval.o(i.DutyFilter)
    DutyFilter_Init                          0x11001699   Thumb Code    22  pwmintargetspeedeval.o(i.DutyFilter_Init)
    DutyFilter_Reset                         0x110016af   Thumb Code    18  pwmintargetspeedeval.o(i.DutyFilter_Reset)
    ECUFaultDiag                             0x110016c1   Thumb Code    62  ecufaultdiag.o(i.ECUFaultDiag)
    ECUFaultDiag_Init                        0x110016ff   Thumb Code    30  ecufaultdiag.o(i.ECUFaultDiag_Init)
    Emo_CaculateIShunt                       0x1100171d   Thumb Code    74  emo.o(i.Emo_CaculateIShunt)
    Emo_IShuntLimit                          0x11001771   Thumb Code   248  emo.o(i.Emo_IShuntLimit)
    Emo_Init                                 0x11001879   Thumb Code    28  emo.o(i.Emo_Init)
    Emo_MLowTask                             0x1100189d   Thumb Code   456  emo.o(i.Emo_MLowTask)
    Emo_RAM_CurrAdc1                         0x11001a75   Thumb Code   180  emo_ram.o(i.Emo_RAM_CurrAdc1)
    Emo_RAM_MHighTask                        0x11001b31   Thumb Code  1782  emo_ram.o(i.Emo_RAM_MHighTask)
    Emo_StartMotor                           0x110023a5   Thumb Code   152  emo.o(i.Emo_StartMotor)
    Emo_StopMotor                            0x1100244d   Thumb Code    58  emo.o(i.Emo_StopMotor)
    Emo_calcIShuntZero                       0x11002519   Thumb Code   294  emo.o(i.Emo_calcIShuntZero)
    Emo_lInitFocPar                          0x1100264d   Thumb Code  1478  emo.o(i.Emo_lInitFocPar)
    Emo_lInitFocVar                          0x11002c2d   Thumb Code   150  emo.o(i.Emo_lInitFocVar)
    FanComTest_GetRxID                       0x11002cd5   Thumb Code     6  fancomtest.o(i.FanComTest_GetRxID)
    FanComTest_ReadU8                        0x11002ce1   Thumb Code    14  fancomtest.o(i.FanComTest_ReadU8)
    FanComTest_ResetU8                       0x11002cf5   Thumb Code    12  fancomtest.o(i.FanComTest_ResetU8)
    FanComTest_RxHandler                     0x11002d05   Thumb Code   196  fancomtest.o(i.FanComTest_RxHandler)
    FanComTest_StartFrameTransmission        0x11002dd1   Thumb Code    38  fancomtest.o(i.FanComTest_StartFrameTransmission)
    FanComTest_TxHandler                     0x11002e01   Thumb Code    98  fancomtest.o(i.FanComTest_TxHandler)
    FanComTest_WriteS16                      0x11002e79   Thumb Code    32  fancomtest.o(i.FanComTest_WriteS16)
    FanComTest_WriteU16                      0x11002e9d   Thumb Code    32  fancomtest.o(i.FanComTest_WriteU16)
    FanComTest_WriteU8                       0x11002ec1   Thumb Code    10  fancomtest.o(i.FanComTest_WriteU8)
    FeedBack                                 0x11002f55   Thumb Code   452  feedback.o(i.FeedBack)
    FeedBackDelay                            0x1100312d   Thumb Code    54  feedback.o(i.FeedBackDelay)
    FeedBackDelay_Init                       0x11003163   Thumb Code     6  feedback.o(i.FeedBackDelay_Init)
    FeedBack_Init                            0x11003169   Thumb Code    60  feedback.o(i.FeedBack_Init)
    FreqValidJudge                           0x110031ad   Thumb Code   144  pwmintargetspeedeval.o(i.FreqValidJudge)
    FreqValidJudge_Init                      0x1100323d   Thumb Code    14  pwmintargetspeedeval.o(i.FreqValidJudge_Init)
    FreqValidJudge_Reset                     0x1100324b   Thumb Code    14  pwmintargetspeedeval.o(i.FreqValidJudge_Reset)
    GPT12E_Init                              0x11003259   Thumb Code    56  gpt12e.o(i.GPT12E_Init)
    GPT1_IRQHandler                          0x11003295   Thumb Code    58  isr.o(i.GPT1_IRQHandler)
    GPT1_T2_Handler                          0x110032d5   Thumb Code    26  isrhandler.o(i.GPT1_T2_Handler)
    GPT1_T4_Handler                          0x110032f9   Thumb Code     2  isrhandler.o(i.GPT1_T4_Handler)
    HardFault_Handler                        0x110032fb   Thumb Code     2  isr.o(i.HardFault_Handler)
    INT_Init                                 0x110032fd   Thumb Code   126  int.o(i.INT_Init)
    LIN_Init                                 0x11003399   Thumb Code    36  lin.o(i.LIN_Init)
    LIN_Rx                                   0x110033c1   Thumb Code    30  lindatapro.o(i.LIN_Rx)
    LIN_Tx                                   0x110033e5   Thumb Code   496  lindatapro.o(i.LIN_Tx)
    MON_Init                                 0x110035ed   Thumb Code    10  mon.o(i.MON_Init)
    MemManage_Handler                        0x110036a1   Thumb Code     2  isr.o(i.MemManage_Handler)
    MotorAPI_MotorInit                       0x11003729   Thumb Code    18  motorapi.o(i.MotorAPI_MotorInit)
    MotorAPI_MotorPeriodTask                 0x11003789   Thumb Code   328  motorapi.o(i.MotorAPI_MotorPeriodTask)
    MotorAPI_MotorSetSpeed                   0x110038e1   Thumb Code   198  motorapi.o(i.MotorAPI_MotorSetSpeed)
    MotorRestartAndFaultCnt                  0x11003b15   Thumb Code   468  motorrestartandfaultcnt.o(i.MotorRestartAndFaultCnt)
    MotorRestartAndFaultCnt_Init             0x11003ced   Thumb Code    24  motorrestartandfaultcnt.o(i.MotorRestartAndFaultCnt_Init)
    MotorTargetSpeedMux                      0x11003d05   Thumb Code    10  motortargetspeedmux.o(i.MotorTargetSpeedMux)
    PMU_Init                                 0x11003d11   Thumb Code    70  pmu.o(i.PMU_Init)
    PORT_Init                                0x11003d5d   Thumb Code    64  port.o(i.PORT_Init)
    ProgramPage                              0x11003da1   Thumb Code   110  bootrom.o(i.ProgramPage)
    PwmInNotShort                            0x11003e11   Thumb Code    92  pwmintargetspeedeval.o(i.PwmInNotShort)
    PwmInNotShort_Disable                    0x11003e75   Thumb Code    20  pwmintargetspeedeval.o(i.PwmInNotShort_Disable)
    PwmInNotShort_Init                       0x11003e8d   Thumb Code    28  pwmintargetspeedeval.o(i.PwmInNotShort_Init)
    PwmInNotShort_Reset                      0x11003eb1   Thumb Code    18  pwmintargetspeedeval.o(i.PwmInNotShort_Reset)
    PwmInParamEval                           0x11003ec9   Thumb Code    16  pwminparameval.o(i.PwmInParamEval)
    PwmInShort                               0x11003ee1   Thumb Code    54  pwmintargetspeedeval.o(i.PwmInShort)
    PwmInShort_Init                          0x11003f25   Thumb Code    10  pwmintargetspeedeval.o(i.PwmInShort_Init)
    PwmInShort_Reset                         0x11003f35   Thumb Code    10  pwmintargetspeedeval.o(i.PwmInShort_Reset)
    PwmInSpeedCtrl                           0x11003f45   Thumb Code   316  pwmintargetspeedeval.o(i.PwmInSpeedCtrl)
    PwmInSpeedCtrl_Disable                   0x11004095   Thumb Code    24  pwmintargetspeedeval.o(i.PwmInSpeedCtrl_Disable)
    PwmInSpeedCtrl_Init                      0x110040b1   Thumb Code    40  pwmintargetspeedeval.o(i.PwmInSpeedCtrl_Init)
    PwmInTargetSpeedEval                     0x110040e1   Thumb Code    66  pwmintargetspeedeval.o(i.PwmInTargetSpeedEval)
    PwmInTargetSpeedEval_Init                0x1100412d   Thumb Code    10  pwmintargetspeedeval.o(i.PwmInTargetSpeedEval_Init)
    PwmIn_CaptureHandler                     0x1100413d   Thumb Code   158  pwmin.o(i.PwmIn_CaptureHandler)
    PwmIn_CaptureTimerOverFlowHandler        0x110041e5   Thumb Code    40  pwmin.o(i.PwmIn_CaptureTimerOverFlowHandler)
    PwmInshortDetect                         0x11004211   Thumb Code    48  pwminparameval.o(i.PwmInshortDetect)
    SCU_ClkInit                              0x11004249   Thumb Code   316  scu.o(i.SCU_ClkInit)
    SCU_EnterSleepMode                       0x1100438d   Thumb Code    70  scu.o(i.SCU_EnterSleepMode)
    SCU_Init                                 0x110043e1   Thumb Code    52  scu.o(i.SCU_Init)
    SDK_ADCGetChResult                       0x11004415   Thumb Code    80  sdk.o(i.SDK_ADCGetChResult)
    SDK_BDRVGetShortStatus                   0x1100446d   Thumb Code    42  sdk.o(i.SDK_BDRVGetShortStatus)
    SDK_BDRV_Off                             0x110044a1   Thumb Code    20  sdk.o(i.SDK_BDRV_Off)
    SDK_BDRV_TestMos                         0x110044b5   Thumb Code   192  sdk.o(i.SDK_BDRV_TestMos)
    SDK_EEPROM_Read                          0x11004579   Thumb Code    20  sdk.o(i.SDK_EEPROM_Read)
    SDK_EcuFaultDiag                         0x1100458d   Thumb Code   678  sdk.o(i.SDK_EcuFaultDiag)
    SDK_FeedWDog                             0x1100484d   Thumb Code     4  sdk.o(i.SDK_FeedWDog)
    SDK_GoToSleepMode                        0x11004851   Thumb Code     4  sdk.o(i.SDK_GoToSleepMode)
    SDK_HardwareInit                         0x11004855   Thumb Code    14  sdk.o(i.SDK_HardwareInit)
    SDK_Mem_Check                            0x11004865   Thumb Code    90  sdk.o(i.SDK_Mem_Check)
    SDK_PwmInCaptureTimerReset               0x1100491d   Thumb Code    24  sdk.o(i.SDK_PwmInCaptureTimerReset)
    SDK_PwmInGetCaptureCnt                   0x11004939   Thumb Code    16  sdk.o(i.SDK_PwmInGetCaptureCnt)
    SDK_PwmInSetCaptureRisingEdge            0x1100494d   Thumb Code    12  sdk.o(i.SDK_PwmInSetCaptureRisingEdge)
    SDK_SystemReset                          0x110049d5   Thumb Code     8  sdk.o(i.SDK_SystemReset)
    SDK_UartReadU8                           0x110049e1   Thumb Code     6  sdk.o(i.SDK_UartReadU8)
    SDK_UartWriteU8                          0x110049ed   Thumb Code    12  sdk.o(i.SDK_UartWriteU8)
    SDK_clrDFlashError                       0x110049fd   Thumb Code    44  sdk.o(i.SDK_clrDFlashError)
    SDK_writeDFlash                          0x11004a39   Thumb Code    66  sdk.o(i.SDK_writeDFlash)
    SSC1_Init                                0x11004a81   Thumb Code    26  ssc.o(i.SSC1_Init)
    SSC2_Init                                0x11004aa1   Thumb Code    24  ssc.o(i.SSC2_Init)
    Short                                    0x11004abd   Thumb Code    16  motorrestartandfaultcnt.o(i.Short)
    SpeedCurve                               0x11004acd   Thumb Code   162  pwmintargetspeedeval.o(i.SpeedCurve)
    SpeedDelayOut                            0x11004b6f   Thumb Code    58  pwmintargetspeedeval.o(i.SpeedDelayOut)
    SpeedDelayOut_Init                       0x11004ba9   Thumb Code    12  pwmintargetspeedeval.o(i.SpeedDelayOut_Init)
    SysTick_Handler                          0x11004bb5   Thumb Code    16  isr.o(i.SysTick_Handler)
    SysTick_Init                             0x11004bc9   Thumb Code    40  wdt1.o(i.SysTick_Init)
    SystemInit                               0x11004bf1   Thumb Code    34  system_tle987x.o(i.SystemInit)
    T12_OM_Handler                           0x11004c21   Thumb Code   102  emo_ram.o(i.T12_OM_Handler)
    T12_PM_Handler                           0x11004ca9   Thumb Code    84  emo_ram.o(i.T12_PM_Handler)
    TIMER21_Init                             0x11004d19   Thumb Code    28  timer2x.o(i.TIMER21_Init)
    TIMER2_Init                              0x11004d39   Thumb Code    26  timer2x.o(i.TIMER2_Init)
    TIMER3_Init                              0x11004d59   Thumb Code     2  timer3.o(i.TIMER3_Init)
    TLE_Init                                 0x11004d5b   Thumb Code    86  tle_device.o(i.TLE_Init)
    TestMode_FactoryTest                     0x11004db1   Thumb Code    22  testmode.o(i.TestMode_FactoryTest)
    TestMode_TestMOS                         0x110050dd   Thumb Code    32  testmode.o(i.TestMode_TestMOS)
    TestMode_UartDebugPeriodTask             0x11005101   Thumb Code   592  testmode.o(i.TestMode_UartDebugPeriodTask)
    Timer2CaptureHandler                     0x11005371   Thumb Code     4  isrhandler.o(i.Timer2CaptureHandler)
    Timer2OverflowHandler                    0x11005375   Thumb Code     4  isrhandler.o(i.Timer2OverflowHandler)
    UART1_IRQHandler                         0x11005379   Thumb Code    80  isr.o(i.UART1_IRQHandler)
    UART1_Init                               0x110053d5   Thumb Code    34  uart.o(i.UART1_Init)
    UART1_RI_Brk_Handler                     0x11005401   Thumb Code     4  lin_isr.o(i.UART1_RI_Brk_Handler)
    UART2_IRQHandler                         0x11005405   Thumb Code    56  isr.o(i.UART2_IRQHandler)
    UART2_Init                               0x11005445   Thumb Code    36  uart.o(i.UART2_Init)
    Uart2RxHandler                           0x11005471   Thumb Code     4  isrhandler.o(i.Uart2RxHandler)
    Uart2TxHandler                           0x11005475   Thumb Code     4  isrhandler.o(i.Uart2TxHandler)
    UsageFault_Handler                       0x110054c3   Thumb Code     2  isr.o(i.UsageFault_Handler)
    VoltageDiag                              0x110054c5   Thumb Code    26  ecufaultdiag.o(i.VoltageDiag)
    VoltageDiag_Init                         0x110054df   Thumb Code     4  ecufaultdiag.o(i.VoltageDiag_Init)
    WDT1_Init                                0x110054e5   Thumb Code    16  wdt1.o(i.WDT1_Init)
    WDT1_SOW_Service                         0x110054fd   Thumb Code    16  wdt1.o(i.WDT1_SOW_Service)
    WDT1_Service                             0x11005515   Thumb Code    34  wdt1.o(i.WDT1_Service)
    WDT1_Stop                                0x11005541   Thumb Code    14  wdt1.o(i.WDT1_Stop)
    __scatterload_copy                       0x1100554f   Thumb Code    14  handlers.o(i.__scatterload_copy)
    __scatterload_null                       0x1100555d   Thumb Code     2  handlers.o(i.__scatterload_null)
    __scatterload_zeroinit                   0x1100555f   Thumb Code    14  handlers.o(i.__scatterload_zeroinit)
    asr_s32                                  0x1100556d   Thumb Code    16  appmain.o(i.asr_s32)
    l_bool_wr_b                              0x1100557d   Thumb Code    24  lin_common_api.o(i.l_bool_wr_b)
    l_bytes_rd                               0x11005599   Thumb Code    40  lin_common_api.o(i.l_bytes_rd)
    l_bytes_wr_b                             0x110055c5   Thumb Code    50  lin_common_api.o(i.l_bytes_wr_b)
    l_flg_clr                                0x110055fd   Thumb Code    34  lin_common_api.o(i.l_flg_clr)
    l_flg_tst                                0x11005629   Thumb Code    34  lin_common_api.o(i.l_flg_tst)
    l_ifc_init                               0x11005655   Thumb Code     4  lin_common_api.o(i.l_ifc_init)
    l_sys_init                               0x11005659   Thumb Code    10  lin_common_api.o(i.l_sys_init)
    l_u16_rd                                 0x11005665   Thumb Code    14  lin_common_api.o(i.l_u16_rd)
    l_u16_wr_b                               0x11005679   Thumb Code    30  lin_common_api.o(i.l_u16_wr_b)
    l_u8_rd                                  0x1100569d   Thumb Code    12  lin_common_api.o(i.l_u8_rd)
    l_u8_wr                                  0x110056ad   Thumb Code     8  lin_common_api.o(i.l_u8_wr)
    l_u8_wr_b                                0x110056b9   Thumb Code    24  lin_common_api.o(i.l_u8_wr_b)
    ld_read_by_id_callout                    0x110056d5   Thumb Code    32  lin_cfg.o(i.ld_read_by_id_callout)
    lin_bus_activity_timeout                 0x110056f5   Thumb Code    14  lin_common_proto.o(i.lin_bus_activity_timeout)
    lin_checksum                             0x11005703   Thumb Code    44  lin_sw.o(i.lin_checksum)
    lin_diagservice_assign_frame_id_range    0x11005731   Thumb Code   104  lin_diagnostic_service.o(i.lin_diagservice_assign_frame_id_range)
    lin_diagservice_read_by_identifier       0x110057a1   Thumb Code    90  lin_diagnostic_service.o(i.lin_diagservice_read_by_identifier)
    lin_get_frame_index                      0x11005809   Thumb Code    28  lin_common_proto.o(i.lin_get_frame_index)
    lin_goto_idle_state                      0x11005829   Thumb Code    38  lin_lld_sci.o(i.lin_goto_idle_state)
    lin_handle_error                         0x11005855   Thumb Code    72  lin_common_proto.o(i.lin_handle_error)
    lin_lld_ignore_response                  0x110058ad   Thumb Code    14  lin_sw.o(i.lin_lld_ignore_response)
    lin_lld_init                             0x110058c1   Thumb Code    20  lin_sw.o(i.lin_lld_init)
    lin_lld_rx_response                      0x110058d9   Thumb Code    18  lin_sw.o(i.lin_lld_rx_response)
    lin_lld_sci_get_state                    0x110058f1   Thumb Code     6  lin_lld_sci.o(i.lin_lld_sci_get_state)
    lin_lld_sci_ignore_response              0x110058fd   Thumb Code     4  lin_lld_sci.o(i.lin_lld_sci_ignore_response)
    lin_lld_sci_init                         0x11005901   Thumb Code   106  lin_lld_sci.o(i.lin_lld_sci_init)
    lin_lld_sci_isr                          0x11005979   Thumb Code   754  lin_lld_sci.o(i.lin_lld_sci_isr)
    lin_lld_sci_rx_response                  0x11005c79   Thumb Code    18  lin_lld_sci.o(i.lin_lld_sci_rx_response)
    lin_lld_sci_set_low_power_mode           0x11005c91   Thumb Code    22  lin_lld_sci.o(i.lin_lld_sci_set_low_power_mode)
    lin_lld_sci_timeout                      0x11005cad   Thumb Code    94  lin_lld_sci.o(i.lin_lld_sci_timeout)
    lin_lld_sci_tx_response                  0x11005d11   Thumb Code    62  lin_lld_sci.o(i.lin_lld_sci_tx_response)
    lin_lld_set_low_power_mode               0x11005d59   Thumb Code    14  lin_sw.o(i.lin_lld_set_low_power_mode)
    lin_lld_set_response                     0x11005d6d   Thumb Code    32  lin_sw.o(i.lin_lld_set_response)
    lin_lld_timer_S12_init                   0x11005d95   Thumb Code     2  lin_lld_timesrv.o(i.lin_lld_timer_S12_init)
    lin_lld_timer_init                       0x11005d97   Thumb Code     4  lin_sw.o(i.lin_lld_timer_init)
    lin_lld_timer_isr                        0x11005d9b   Thumb Code     4  lin_lld_timesrv.o(i.lin_lld_timer_isr)
    lin_make_res_evnt_frame                  0x11005da1   Thumb Code    24  lin_lin21_proto.o(i.lin_make_res_evnt_frame)
    lin_pid_response_callback_handler        0x11005dbd   Thumb Code    42  lin_common_proto.o(i.lin_pid_response_callback_handler)
    lin_process_parity                       0x11005de7   Thumb Code    70  lin_sw.o(i.lin_process_parity)
    lin_process_pid                          0x11005e2d   Thumb Code   136  lin_common_proto.o(i.lin_process_pid)
    lin_process_uncd_frame                   0x11005ecd   Thumb Code   490  lin_common_proto.o(i.lin_process_uncd_frame)
    lin_tl_attach_service                    0x110060d5   Thumb Code    56  lin_commontl_proto.o(i.lin_tl_attach_service)
    lin_tl_get_pdu                           0x11006115   Thumb Code    26  lin_commontl_proto.o(i.lin_tl_get_pdu)
    lin_tl_handler                           0x11006139   Thumb Code    66  lin_commontl_proto.o(i.lin_tl_handler)
    lin_tl_make_slaveres_pdu                 0x1100618d   Thumb Code   234  lin_commontl_proto.o(i.lin_tl_make_slaveres_pdu)
    lin_tl_put_pdu                           0x1100628d   Thumb Code    26  lin_commontl_proto.o(i.lin_tl_put_pdu)
    lin_update_err_signal                    0x110062b5   Thumb Code    20  lin_lin21_proto.o(i.lin_update_err_signal)
    lin_update_frame_flag                    0x110062d5   Thumb Code    22  lin_common_api.o(i.lin_update_frame_flag)
    lin_update_rx                            0x110062f9   Thumb Code    58  lin_common_proto.o(i.lin_update_rx)
    lin_update_rx_diag_frame                 0x11006345   Thumb Code    34  lin_common_proto.o(i.lin_update_rx_diag_frame)
    lin_update_tx                            0x11006371   Thumb Code    78  lin_common_proto.o(i.lin_update_tx)
    lin_update_tx_flags                      0x110063d9   Thumb Code    44  lin_common_proto.o(i.lin_update_tx_flags)
    lin_update_word_status_lin21             0x1100640d   Thumb Code    48  lin_lin21_proto.o(i.lin_update_word_status_lin21)
    look1_is16lu32n16Ds32_binlcs             0x11006451   Thumb Code   112  appmain.o(i.look1_is16lu32n16Ds32_binlcs)
    main                                     0x110064c1   Thumb Code   318  main.o(i.main)
    mul_u32_sat                              0x1100662d   Thumb Code    26  appmain.o(i.mul_u32_sat)
    mul_wide_u32                             0x11006647   Thumb Code    64  appmain.o(i.mul_wide_u32)
    ProductVersion                           0x11006726   Data           6  globalvars.o(.constdata)
    Emo_Focpar_Cfg                           0x1100672c   Data          92  emo_cfg.o(.constdata)
    Table_Sin                                0x110067a0   Data        2560  table.o(.constdata)
    Table_ArcTan                             0x110071a0   Data        2050  table.o(.constdata)
    Table_Amp                                0x110079a2   Data        2068  table.o(.constdata)
    Table_sqrtmqu                            0x110081b6   Data         514  table.o(.constdata)
    Table_Sin60                              0x110083b8   Data         512  table.o(.constdata)
    M                                        0x110085b8   Data           4  appmain.o(.constdata)
    ConstP                                   0x110085bc   Data          44  appmain_data.o(.constdata)
    lin_virtual_ifc                          0x110085e8   Data           1  lin_cfg.o(.constdata)
    lin_signal_tbl                           0x110085ec   Data         144  lin_cfg.o(.constdata)
    LI0_EcpmEcm_Lin3Fr01_ECM_LIN3_signal     0x1100867c   Data          32  lin_cfg.o(.constdata)
    LI0_EcmEcm_Lin3Fr02_ECM_LIN3_signal      0x1100869c   Data           4  lin_cfg.o(.constdata)
    lin_frame_tbl                            0x110086a0   Data          32  lin_cfg.o(.constdata)
    lin_max_frame_res_timeout_val            0x110086c0   Data          16  lin_cfg.o(.constdata)
    lin_initial_NAD                          0x110086d0   Data           1  lin_cfg.o(.constdata)
    product_id                               0x110086d2   Data           6  lin_cfg.o(.constdata)
    response_error                           0x110086d8   Data           1  lin_cfg.o(.constdata)
    USER_CFLASH_WR_PROT_EN                   0x110086dc   Data           4  bootrom.o(.constdata)
    USER_MAPRAM_INIT                         0x110086e0   Data           4  bootrom.o(.constdata)
    USER_ERASE_SECTOR                        0x110086e4   Data           4  bootrom.o(.constdata)
    USER_NVM_ECC_CHECK                       0x110086e8   Data           4  bootrom.o(.constdata)
    Region$$Table$$Base                      0x110086ec   Number         0  anon$$obj.o(Region$$Table)
    Region$$Table$$Limit                     0x1100870c   Number         0  anon$$obj.o(Region$$Table)
    FlashCheckSum                            0x1100afe8   Data           4  userinfo.o(.constdata)
    FlashECUInfo                             0x1100afec   Data          12  userinfo.o(.constdata)
    p_NACNAD                                 0x1100affc   Data           4  system_tle987x.o(.ARM.__at_0x1100AFFC)
    MsCnt1                                   0x1800001a   Data           2  main.o(.data)
    IsInTestMode                             0x18000022   Data           1  testmode.o(.data)
    IsInFctTestMode                          0x18000023   Data           1  testmode.o(.data)
    IsInTerminalTestMode                     0x18000024   Data           1  testmode.o(.data)
    FctTestMOSEn                             0x18000025   Data           1  testmode.o(.data)
    FctTestPwmOut5HzEn                       0x18000026   Data           1  testmode.o(.data)
    PwmIn                                    0x18000036   Data          12  pwmin.o(.data)
    ADCSample_Temp                           0x18000046   Data           2  adcsample.o(.data)
    DryRunningCurrent                        0x18000058   Data           4  motorapi.o(.data)
    DryRunningCurrentTHR                     0x1800005c   Data           4  motorapi.o(.data)
    CSAZeroFault                             0x18000068   Data           1  motorapi.o(.data)
    FlashCheckSumCal                         0x18000080   Data           4  sdk.o(.data)
    ECUFaults                                0x1800008c   Data           4  sdk.o(.data)
    DtcDataSwRstEn                           0x18000090   Data           1  dtc.o(.data)
    DtcIShuntWriteEn                         0x18000091   Data           1  dtc.o(.data)
    DTCVarBytesLen                           0x18000094   Data           2  dtc.o(.data)
    PowerUpTimeMs                            0x180000b4   Data           4  globalvars.o(.data)
    DTCSave_ENABLE                           0x180000b8   Data           1  lindatapro.o(.data)
    LinRx                                    0x180000ba   Data           4  lindatapro.o(.data)
    LinTx                                    0x180000be   Data           8  lindatapro.o(.data)
    Emo_Status                               0x180000e0   Data           8  emo.o(.data)
    AngleOffset                              0x180000e8   Data           2  emo_ram.o(.data)
    AdcResult0                               0x180000ea   Data           2  emo_ram.o(.data)
    AdcResult1                               0x180000ec   Data           2  emo_ram.o(.data)
    R0mioffs                                 0x180000ee   Data           2  emo_ram.o(.data)
    OffsmiR1                                 0x180000f0   Data           2  emo_ram.o(.data)
    R1miR0                                   0x180000f2   Data           2  emo_ram.o(.data)
    Tempu                                    0x180000f4   Data           2  emo_ram.o(.data)
    deltaphi                                 0x180000f6   Data           2  emo_ram.o(.data)
    domega                                   0x180000f8   Data           2  emo_ram.o(.data)
    Flux                                     0x1800012c   Data           4  emo_ram.o(.data)
    pTable_Cos                               0x18000130   Data           4  table.o(.data)
    lin_save_configuration_flg               0x18000136   Data           1  lin_cfg.o(.data)
    LI0_D_EWP_Setspeed_data                  0x18000137   Data           2  lin_cfg.o(.data)
    LI0_D_EWP_Post_running_mode_data         0x18000139   Data           1  lin_cfg.o(.data)
    LI0_Setspeed_data                        0x1800013a   Data           1  lin_cfg.o(.data)
    LI0_Actual_speed_data                    0x1800013b   Data           1  lin_cfg.o(.data)
    LI0_Voltage_data                         0x1800013c   Data           1  lin_cfg.o(.data)
    LI0_Temperature_data                     0x1800013d   Data           1  lin_cfg.o(.data)
    LI0_Current_data                         0x1800013e   Data           1  lin_cfg.o(.data)
    LI0_Wakeup_status_data                   0x1800013f   Data           1  lin_cfg.o(.data)
    LI0_RPM_Monitoring_data                  0x18000140   Data           1  lin_cfg.o(.data)
    LI0_Status_Emergency_mode_data           0x18000141   Data           1  lin_cfg.o(.data)
    LI0_Over_temperature_data                0x18000142   Data           1  lin_cfg.o(.data)
    LI0_Overcurren_data                      0x18000143   Data           1  lin_cfg.o(.data)
    LI0_Dry_run_data                         0x18000144   Data           1  lin_cfg.o(.data)
    LI0_Voltage_Error_data                   0x18000145   Data           1  lin_cfg.o(.data)
    LI0_Deblocking_data                      0x18000146   Data           1  lin_cfg.o(.data)
    LI0_Electrical_error_data                0x18000147   Data           1  lin_cfg.o(.data)
    LI0_Status_Post_running_mode_data        0x18000148   Data           1  lin_cfg.o(.data)
    LI0_Communication_error_data             0x18000149   Data           1  lin_cfg.o(.data)
    lin_frame_flag_tbl                       0x1800014a   Data           4  lin_cfg.o(.data)
    lin_flag_frame_handle_tbl                0x1800014e   Data           4  lin_cfg.o(.data)
    lin_configuration_RAM                    0x18000152   Data           6  lin_cfg.o(.data)
    lin_configured_NAD                       0x18000158   Data           1  lin_cfg.o(.data)
    tx_single_pdu_data                       0x18000159   Data           8  lin_cfg.o(.data)
    rx_single_pdu_data                       0x18000161   Data           8  lin_cfg.o(.data)
    tl_slaveresp_cnt                         0x18000169   Data           1  lin_cfg.o(.data)
    lin_successful_transfer                  0x1800016a   Data           1  lin_cfg.o(.data)
    lin_error_in_response                    0x1800016b   Data           1  lin_cfg.o(.data)
    lin_goto_sleep_flg                       0x1800016c   Data           1  lin_cfg.o(.data)
    lin_word_status                          0x1800016e   Data           2  lin_cfg.o(.data)
    tl_current_tx_pdu_ptr                    0x18000170   Data           4  lin_cfg.o(.data)
    tl_current_rx_pdu_ptr                    0x18000174   Data           4  lin_cfg.o(.data)
    IDEA_TimeOut                             0x1800017e   Data           1  lin_lld_sci.o(.data)
    Lin_Error_Flag                           0x1800017f   Data           1  lin_lld_sci.o(.data)
    frame_signal_error                       0x18000194   Data           1  lin_common_proto.o(.data)
    frame_index                              0x18000195   Data           1  lin_common_proto.o(.data)
    frm_index_b                              0x18000196   Data           1  lin_common_proto.o(.data)
    WD_Counter                               0x180001a4   Data           4  wdt1.o(.data)
    ADCResults                               0x18000268   Data          44  adcsample.o(.bss)
    MotorAPIVar                              0x18000294   Data          48  motorapi.o(.bss)
    DTCVar                                   0x18000322   Data         102  dtc.o(.bss)
    Emo_Ctrl                                 0x180003ac   Data         232  emo_ram.o(.bss)
    Emo_Foc                                  0x18000494   Data         116  emo_ram.o(.bss)
    Emo_Svm                                  0x18000508   Data          48  emo_ram.o(.bss)
    Emo_AdcResult                            0x18000538   Data          20  emo_ram.o(.bss)
    CompareVal                               0x1800054c   Data          40  emo_ram.o(.bss)
    B                                        0x18000574   Data          44  appmain.o(.bss)
    DW                                       0x180005a0   Data         142  appmain.o(.bss)
    U                                        0x1800062e   Data          24  appmain.o(.bss)
    Y                                        0x18000646   Data          14  appmain.o(.bss)
    lin_signal_flag_tbl                      0x18000654   Data          18  lin_cfg.o(.bss)
    lin_flag_signal_handle_tbl               0x18000666   Data          18  lin_cfg.o(.bss)
    lin_lld_response_buffer                  0x18000678   Data          10  lin_cfg.o(.bss)
    __initial_sp                             0x18000a88   Data           0  startup_tle987x.o(STACK)



==============================================================================

Memory Map of the image

  Image Entry point : 0x11000081

  Load Region LR_IROM1 (Base: 0x11000000, Size: 0x0000889c, Max: 0x0000afe8, ABSOLUTE, COMPRESSED[0x00008748])

    Execution Region ER_IROM1 (Exec base: 0x11000000, Load base: 0x11000000, Size: 0x0000870c, Max: 0x0000afe8, ABSOLUTE)

    Exec Addr    Load Addr    Size         Type   Attr      Idx    E Section Name        Object

    0x11000000   0x11000000   0x00000080   Data   RO         3826    RESET               startup_tle987x.o
    0x11000080   0x11000080   0x00000000   Code   RO         4139  * .ARM.Collect$$$$00000000  mc_w.l(entry.o)
    0x11000080   0x11000080   0x00000004   Code   RO         4180    .ARM.Collect$$$$00000001  mc_w.l(entry2.o)
    0x11000084   0x11000084   0x00000004   Code   RO         4183    .ARM.Collect$$$$00000004  mc_w.l(entry5.o)
    0x11000088   0x11000088   0x00000000   Code   RO         4185    .ARM.Collect$$$$00000008  mc_w.l(entry7b.o)
    0x11000088   0x11000088   0x00000000   Code   RO         4187    .ARM.Collect$$$$0000000A  mc_w.l(entry8b.o)
    0x11000088   0x11000088   0x00000008   Code   RO         4188    .ARM.Collect$$$$0000000B  mc_w.l(entry9a.o)
    0x11000090   0x11000090   0x00000004   Code   RO         4195    .ARM.Collect$$$$0000000E  mc_w.l(entry12b.o)
    0x11000094   0x11000094   0x00000000   Code   RO         4190    .ARM.Collect$$$$0000000F  mc_w.l(entry10a.o)
    0x11000094   0x11000094   0x00000000   Code   RO         4192    .ARM.Collect$$$$00000011  mc_w.l(entry11a.o)
    0x11000094   0x11000094   0x00000004   Code   RO         4181    .ARM.Collect$$$$00002712  mc_w.l(entry2.o)
    0x11000098   0x11000098   0x00000040   Code   RO         3827    .text               startup_tle987x.o
    0x110000d8   0x110000d8   0x00000008   Code   RO         4144    .text               mc_w.l(siabs.o)
    0x110000e0   0x110000e0   0x00000024   Code   RO         4148    .text               mc_w.l(memcpya.o)
    0x11000104   0x11000104   0x00000024   Code   RO         4150    .text               mc_w.l(memseta.o)
    0x11000128   0x11000128   0x00000064   Code   RO         4154    .text               mf_w.l(fmul.o)
    0x1100018c   0x1100018c   0x0000007c   Code   RO         4156    .text               mf_w.l(fdiv.o)
    0x11000208   0x11000208   0x00000018   Code   RO         4158    .text               mf_w.l(fscalb.o)
    0x11000220   0x11000220   0x000000e4   Code   RO         4160    .text               mf_w.l(dmul.o)
    0x11000304   0x11000304   0x000000de   Code   RO         4162    .text               mf_w.l(ddiv.o)
    0x110003e2   0x110003e2   0x0000002e   Code   RO         4164    .text               mf_w.l(dscalb.o)
    0x11000410   0x11000410   0x0000000a   Code   RO         4166    .text               mf_w.l(ffltui.o)
    0x1100041a   0x1100041a   0x00000032   Code   RO         4168    .text               mf_w.l(ffixi.o)
    0x1100044c   0x1100044c   0x00000028   Code   RO         4170    .text               mf_w.l(ffixui.o)
    0x11000474   0x11000474   0x0000003e   Code   RO         4172    .text               mf_w.l(dfixi.o)
    0x110004b2   0x110004b2   0x00000032   Code   RO         4174    .text               mf_w.l(dfixui.o)
    0x110004e4   0x110004e4   0x00000026   Code   RO         4176    .text               mf_w.l(f2d.o)
    0x1100050a   0x1100050a   0x00000038   Code   RO         4178    .text               mf_w.l(d2f.o)
    0x11000542   0x11000542   0x0000001e   Code   RO         4196    .text               mc_w.l(llshl.o)
    0x11000560   0x11000560   0x00000020   Code   RO         4198    .text               mc_w.l(llushr.o)
    0x11000580   0x11000580   0x00000000   Code   RO         4200    .text               mc_w.l(iusefp.o)
    0x11000580   0x11000580   0x0000006e   Code   RO         4201    .text               mf_w.l(fepilogue.o)
    0x110005ee   0x110005ee   0x000000ba   Code   RO         4203    .text               mf_w.l(depilogue.o)
    0x110006a8   0x110006a8   0x00000024   Code   RO         4205    .text               mc_w.l(init.o)
    0x110006cc   0x110006cc   0x00000056   Code   RO         4215    .text               mc_w.l(__dczerorl2.o)
    0x11000722   0x11000722   0x00000002   PAD
    0x11000724   0x11000724   0x00000024   Code   RO         2945    i.ADC1_GetChResult  adc1.o
    0x11000748   0x11000748   0x0000007c   Code   RO         2949    i.ADC1_Init         adc1.o
    0x110007c4   0x110007c4   0x0000005c   Code   RO         3035    i.ADC2_Init         adc2.o
    0x11000820   0x11000820   0x00000094   Code   RO          421    i.ADCSample_BatVoltageFilter  adcsample.o
    0x110008b4   0x110008b4   0x00000048   Code   RO          422    i.ADCSample_GetAmbT  adcsample.o
    0x110008fc   0x110008fc   0x00000024   Code   RO          423    i.ADCSample_GetBat  adcsample.o
    0x11000920   0x11000920   0x000000b0   Code   RO          424    i.ADCSample_PeriodTask  adcsample.o
    0x110009d0   0x110009d0   0x0000010c   Code   RO         1962    i.AmbTOverDiag      rt_sys_ecufaultdiag_0.o
    0x11000adc   0x11000adc   0x00000014   Code   RO         1963    i.AmbTOverDiag_Init  rt_sys_ecufaultdiag_0.o
    0x11000af0   0x11000af0   0x0000001c   Code   RO         1637    i.AmbTemperatureDiag  ecufaultdiag.o
    0x11000b0c   0x11000b0c   0x00000004   Code   RO         1638    i.AmbTemperatureDiag_Init  ecufaultdiag.o
    0x11000b10   0x11000b10   0x0000006c   Code   RO         1537    i.AppMain_initialize  appmain.o
    0x11000b7c   0x11000b7c   0x00000120   Code   RO         1538    i.AppMain_step      appmain.o
    0x11000c9c   0x11000c9c   0x00000034   Code   RO          961    i.AppTimeBaseHandler  isrhandler.o
    0x11000cd0   0x11000cd0   0x0000000c   Code   RO         3062    i.BDRV_Clr_Sts      bdrv.o
    0x11000cdc   0x11000cdc   0x0000005c   Code   RO         3064    i.BDRV_Init         bdrv.o
    0x11000d38   0x11000d38   0x00000074   Code   RO         3066    i.BDRV_Set_Bridge   bdrv.o
    0x11000dac   0x11000dac   0x00000060   Code   RO         1814    i.BufDataSameFirstCnt  pwmintargetspeedeval.o
    0x11000e0c   0x11000e0c   0x00000002   Code   RO         3427    i.BusFault_Handler  isr.o
    0x11000e0e   0x11000e0e   0x00000002   PAD
    0x11000e10   0x11000e10   0x00000050   Code   RO         3428    i.CCU6SR1_IRQHandler  isr.o
    0x11000e60   0x11000e60   0x00000070   Code   RO         3211    i.CCU6_Init         ccu6.o
    0x11000ed0   0x11000ed0   0x00000014   Code   RO         3244    i.CSA_Init          csa.o
    0x11000ee4   0x11000ee4   0x00000014   Code   RO          270    i.Common_CopyMem    common.o
    0x11000ef8   0x11000ef8   0x0000006e   Code   RO          271    i.Common_ExeLookUpTable  common.o
    0x11000f66   0x11000f66   0x0000001e   Code   RO          272    i.Common_SetStatusDelay  common.o
    0x11000f84   0x11000f84   0x00000014   Code   RO         3288    i.DMA_Init          dma.o
    0x11000f98   0x11000f98   0x00000048   Code   RO          779    i.DTCPowerCntUpdate  dtc.o
    0x11000fe0   0x11000fe0   0x00000028   Code   RO          780    i.DTCVarReset       dtc.o
    0x11001008   0x11001008   0x00000028   Code   RO          781    i.DTC_CaculateCheckSum  dtc.o
    0x11001030   0x11001030   0x000000b8   Code   RO          782    i.DTC_DataSave      dtc.o
    0x110010e8   0x110010e8   0x00000024   Code   RO          783    i.DTC_GetRecord     dtc.o
    0x1100110c   0x1100110c   0x0000004c   Code   RO          784    i.DTC_Init          dtc.o
    0x11001158   0x11001158   0x000002f0   Code   RO          785    i.DTC_PeriodTask    dtc.o
    0x11001448   0x11001448   0x0000002c   Code   RO         1076    i.DTC_SaveJudgments  lindatapro.o
    0x11001474   0x11001474   0x00000038   Code   RO          786    i.DTC_UpdateFaultRePowerInfo  dtc.o
    0x110014ac   0x110014ac   0x00000028   Code   RO          787    i.DTC_UpdateFaultTotalCnt  dtc.o
    0x110014d4   0x110014d4   0x00000028   Code   RO          788    i.DTC_isDtcDataValid  dtc.o
    0x110014fc   0x110014fc   0x00000070   Code   RO         1686    i.DelayOut          feedback.o
    0x1100156c   0x1100156c   0x0000000c   Code   RO         1687    i.DelayOut_Init     feedback.o
    0x11001578   0x11001578   0x00000050   Code   RO         4082    i.Delay_us          wdt1.o
    0x110015c8   0x110015c8   0x0000001e   Code   RO         1815    i.DutyBufUpdate     pwmintargetspeedeval.o
    0x110015e6   0x110015e6   0x000000b2   Code   RO         1816    i.DutyFilter        pwmintargetspeedeval.o
    0x11001698   0x11001698   0x00000016   Code   RO         1818    i.DutyFilter_Init   pwmintargetspeedeval.o
    0x110016ae   0x110016ae   0x00000012   Code   RO         1819    i.DutyFilter_Reset  pwmintargetspeedeval.o
    0x110016c0   0x110016c0   0x0000003e   Code   RO         1639    i.ECUFaultDiag      ecufaultdiag.o
    0x110016fe   0x110016fe   0x0000001e   Code   RO         1640    i.ECUFaultDiag_Init  ecufaultdiag.o
    0x1100171c   0x1100171c   0x00000054   Code   RO         1125    i.Emo_CaculateIShunt  emo.o
    0x11001770   0x11001770   0x00000108   Code   RO         1126    i.Emo_IShuntLimit   emo.o
    0x11001878   0x11001878   0x00000024   Code   RO         1127    i.Emo_Init          emo.o
    0x1100189c   0x1100189c   0x000001d8   Code   RO         1128    i.Emo_MLowTask      emo.o
    0x11001a74   0x11001a74   0x000000bc   Code   RO         1290    i.Emo_RAM_CurrAdc1  emo_ram.o
    0x11001b30   0x11001b30   0x00000710   Code   RO         1291    i.Emo_RAM_MHighTask  emo_ram.o
    0x11002240   0x11002240   0x00000164   Code   RO         1292    i.Emo_RAM_T2C       emo_ram.o
    0x110023a4   0x110023a4   0x000000a8   Code   RO         1129    i.Emo_StartMotor    emo.o
    0x1100244c   0x1100244c   0x00000048   Code   RO         1130    i.Emo_StopMotor     emo.o
    0x11002494   0x11002494   0x00000084   Code   RO            4    i.Emo_calIShuntZero  main.o
    0x11002518   0x11002518   0x00000134   Code   RO         1131    i.Emo_calcIShuntZero  emo.o
    0x1100264c   0x1100264c   0x000005e0   Code   RO         1132    i.Emo_lInitFocPar   emo.o
    0x11002c2c   0x11002c2c   0x000000a8   Code   RO         1133    i.Emo_lInitFocVar   emo.o
    0x11002cd4   0x11002cd4   0x0000000c   Code   RO          862    i.FanComTest_GetRxID  fancomtest.o
    0x11002ce0   0x11002ce0   0x00000014   Code   RO          864    i.FanComTest_ReadU8  fancomtest.o
    0x11002cf4   0x11002cf4   0x00000010   Code   RO          865    i.FanComTest_ResetU8  fancomtest.o
    0x11002d04   0x11002d04   0x000000cc   Code   RO          866    i.FanComTest_RxHandler  fancomtest.o
    0x11002dd0   0x11002dd0   0x00000030   Code   RO          867    i.FanComTest_StartFrameTransmission  fancomtest.o
    0x11002e00   0x11002e00   0x00000068   Code   RO          868    i.FanComTest_TxHandler  fancomtest.o
    0x11002e68   0x11002e68   0x00000010   Code   RO          869    i.FanComTest_UartErrHandle  fancomtest.o
    0x11002e78   0x11002e78   0x00000024   Code   RO          870    i.FanComTest_WriteS16  fancomtest.o
    0x11002e9c   0x11002e9c   0x00000024   Code   RO          871    i.FanComTest_WriteU16  fancomtest.o
    0x11002ec0   0x11002ec0   0x00000010   Code   RO          872    i.FanComTest_WriteU8  fancomtest.o
    0x11002ed0   0x11002ed0   0x00000084   Code   RO          297    i.Fct_CalIShuntZero  testmode.o
    0x11002f54   0x11002f54   0x000001d8   Code   RO         1688    i.FeedBack          feedback.o
    0x1100312c   0x1100312c   0x00000036   Code   RO         1689    i.FeedBackDelay     feedback.o
    0x11003162   0x11003162   0x00000006   Code   RO         1690    i.FeedBackDelay_Init  feedback.o
    0x11003168   0x11003168   0x00000044   Code   RO         1691    i.FeedBack_Init     feedback.o
    0x110031ac   0x110031ac   0x00000090   Code   RO         1820    i.FreqValidJudge    pwmintargetspeedeval.o
    0x1100323c   0x1100323c   0x0000000e   Code   RO         1821    i.FreqValidJudge_Init  pwmintargetspeedeval.o
    0x1100324a   0x1100324a   0x0000000e   Code   RO         1822    i.FreqValidJudge_Reset  pwmintargetspeedeval.o
    0x11003258   0x11003258   0x0000003c   Code   RO         3352    i.GPT12E_Init       gpt12e.o
    0x11003294   0x11003294   0x00000040   Code   RO         3429    i.GPT1_IRQHandler   isr.o
    0x110032d4   0x110032d4   0x00000024   Code   RO          964    i.GPT1_T2_Handler   isrhandler.o
    0x110032f8   0x110032f8   0x00000002   Code   RO          965    i.GPT1_T4_Handler   isrhandler.o
    0x110032fa   0x110032fa   0x00000002   Code   RO         3430    i.HardFault_Handler  isr.o
    0x110032fc   0x110032fc   0x0000009c   Code   RO         3397    i.INT_Init          int.o
    0x11003398   0x11003398   0x00000028   Code   RO         3564    i.LIN_Init          lin.o
    0x110033c0   0x110033c0   0x00000024   Code   RO         1077    i.LIN_Rx            lindatapro.o
    0x110033e4   0x110033e4   0x00000208   Code   RO         1078    i.LIN_Tx            lindatapro.o
    0x110035ec   0x110035ec   0x00000010   Code   RO         3598    i.MON_Init          mon.o
    0x110035fc   0x110035fc   0x00000064   Code   RO            5    i.Main_AppMainInputUpdate  main.o
    0x11003660   0x11003660   0x00000020   Code   RO         1134    i.Mat_ExeLp_without_min_max  emo.o
    0x11003680   0x11003680   0x00000020   Code   RO         1135    i.Mat_Ramp          emo.o
    0x110036a0   0x110036a0   0x00000002   Code   RO         3431    i.MemManage_Handler  isr.o
    0x110036a2   0x110036a2   0x00000002   PAD
    0x110036a4   0x110036a4   0x00000084   Code   RO          476    i.MotorAPI_MotorDryRunningMonitor  motorapi.o
    0x11003728   0x11003728   0x00000018   Code   RO          477    i.MotorAPI_MotorInit  motorapi.o
    0x11003740   0x11003740   0x00000048   Code   RO          478    i.MotorAPI_MotorOnShortMonitor  motorapi.o
    0x11003788   0x11003788   0x00000158   Code   RO          479    i.MotorAPI_MotorPeriodTask  motorapi.o
    0x110038e0   0x110038e0   0x000000e0   Code   RO          480    i.MotorAPI_MotorSetSpeed  motorapi.o
    0x110039c0   0x110039c0   0x0000010c   Code   RO          481    i.MotorAPI_MotorSpeedMonitor  motorapi.o
    0x11003acc   0x11003acc   0x00000048   Code   RO          482    i.MotorAPI_OverCurrentMonitor  motorapi.o
    0x11003b14   0x11003b14   0x000001d8   Code   RO         1737    i.MotorRestartAndFaultCnt  motorrestartandfaultcnt.o
    0x11003cec   0x11003cec   0x00000018   Code   RO         1738    i.MotorRestartAndFaultCnt_Init  motorrestartandfaultcnt.o
    0x11003d04   0x11003d04   0x0000000a   Code   RO         1771    i.MotorTargetSpeedMux  motortargetspeedmux.o
    0x11003d0e   0x11003d0e   0x00000002   PAD
    0x11003d10   0x11003d10   0x0000004c   Code   RO         3636    i.PMU_Init          pmu.o
    0x11003d5c   0x11003d5c   0x00000044   Code   RO         3671    i.PORT_Init         port.o
    0x11003da0   0x11003da0   0x0000006e   Code   RO         3154    i.ProgramPage       bootrom.o
    0x11003e0e   0x11003e0e   0x00000002   PAD
    0x11003e10   0x11003e10   0x00000064   Code   RO         1823    i.PwmInNotShort     pwmintargetspeedeval.o
    0x11003e74   0x11003e74   0x00000018   Code   RO         1824    i.PwmInNotShort_Disable  pwmintargetspeedeval.o
    0x11003e8c   0x11003e8c   0x00000024   Code   RO         1825    i.PwmInNotShort_Init  pwmintargetspeedeval.o
    0x11003eb0   0x11003eb0   0x00000018   Code   RO         1826    i.PwmInNotShort_Reset  pwmintargetspeedeval.o
    0x11003ec8   0x11003ec8   0x00000018   Code   RO         1793    i.PwmInParamEval    pwminparameval.o
    0x11003ee0   0x11003ee0   0x00000044   Code   RO         1827    i.PwmInShort        pwmintargetspeedeval.o
    0x11003f24   0x11003f24   0x00000010   Code   RO         1828    i.PwmInShort_Init   pwmintargetspeedeval.o
    0x11003f34   0x11003f34   0x00000010   Code   RO         1829    i.PwmInShort_Reset  pwmintargetspeedeval.o
    0x11003f44   0x11003f44   0x00000150   Code   RO         1830    i.PwmInSpeedCtrl    pwmintargetspeedeval.o
    0x11004094   0x11004094   0x0000001c   Code   RO         1831    i.PwmInSpeedCtrl_Disable  pwmintargetspeedeval.o
    0x110040b0   0x110040b0   0x00000030   Code   RO         1832    i.PwmInSpeedCtrl_Init  pwmintargetspeedeval.o
    0x110040e0   0x110040e0   0x0000004c   Code   RO         1833    i.PwmInTargetSpeedEval  pwmintargetspeedeval.o
    0x1100412c   0x1100412c   0x00000010   Code   RO         1834    i.PwmInTargetSpeedEval_Init  pwmintargetspeedeval.o
    0x1100413c   0x1100413c   0x000000a8   Code   RO          374    i.PwmIn_CaptureHandler  pwmin.o
    0x110041e4   0x110041e4   0x0000002c   Code   RO          375    i.PwmIn_CaptureTimerOverFlowHandler  pwmin.o
    0x11004210   0x11004210   0x00000038   Code   RO         1794    i.PwmInshortDetect  pwminparameval.o
    0x11004248   0x11004248   0x00000144   Code   RO         3724    i.SCU_ClkInit       scu.o
    0x1100438c   0x1100438c   0x00000054   Code   RO         3725    i.SCU_EnterSleepMode  scu.o
    0x110043e0   0x110043e0   0x00000034   Code   RO         3728    i.SCU_Init          scu.o
    0x11004414   0x11004414   0x00000058   Code   RO          545    i.SDK_ADCGetChResult  sdk.o
    0x1100446c   0x1100446c   0x00000034   Code   RO          546    i.SDK_BDRVGetShortStatus  sdk.o
    0x110044a0   0x110044a0   0x00000014   Code   RO          547    i.SDK_BDRV_Off      sdk.o
    0x110044b4   0x110044b4   0x000000c4   Code   RO          548    i.SDK_BDRV_TestMos  sdk.o
    0x11004578   0x11004578   0x00000014   Code   RO          550    i.SDK_EEPROM_Read   sdk.o
    0x1100458c   0x1100458c   0x000002c0   Code   RO          552    i.SDK_EcuFaultDiag  sdk.o
    0x1100484c   0x1100484c   0x00000004   Code   RO          553    i.SDK_FeedWDog      sdk.o
    0x11004850   0x11004850   0x00000004   Code   RO          554    i.SDK_GoToSleepMode  sdk.o
    0x11004854   0x11004854   0x0000000e   Code   RO          555    i.SDK_HardwareInit  sdk.o
    0x11004862   0x11004862   0x00000002   PAD
    0x11004864   0x11004864   0x00000068   Code   RO          556    i.SDK_Mem_Check     sdk.o
    0x110048cc   0x110048cc   0x00000020   Code   RO          557    i.SDK_NVM_ECC_Check  sdk.o
    0x110048ec   0x110048ec   0x00000030   Code   RO          558    i.SDK_PMU_VDDEXT_ForceOn  sdk.o
    0x1100491c   0x1100491c   0x0000001c   Code   RO          559    i.SDK_PwmInCaptureTimerReset  sdk.o
    0x11004938   0x11004938   0x00000014   Code   RO          561    i.SDK_PwmInGetCaptureCnt  sdk.o
    0x1100494c   0x1100494c   0x00000010   Code   RO          565    i.SDK_PwmInSetCaptureRisingEdge  sdk.o
    0x1100495c   0x1100495c   0x00000078   Code   RO          570    i.SDK_RAM_Check     sdk.o
    0x110049d4   0x110049d4   0x0000000c   Code   RO          571    i.SDK_SystemReset   sdk.o
    0x110049e0   0x110049e0   0x0000000c   Code   RO          572    i.SDK_UartReadU8    sdk.o
    0x110049ec   0x110049ec   0x00000010   Code   RO          573    i.SDK_UartWriteU8   sdk.o
    0x110049fc   0x110049fc   0x0000003c   Code   RO          574    i.SDK_clrDFlashError  sdk.o
    0x11004a38   0x11004a38   0x00000048   Code   RO          575    i.SDK_writeDFlash   sdk.o
    0x11004a80   0x11004a80   0x00000020   Code   RO         3794    i.SSC1_Init         ssc.o
    0x11004aa0   0x11004aa0   0x0000001c   Code   RO         3795    i.SSC2_Init         ssc.o
    0x11004abc   0x11004abc   0x00000010   Code   RO         1739    i.Short             motorrestartandfaultcnt.o
    0x11004acc   0x11004acc   0x000000a2   Code   RO         1835    i.SpeedCurve        pwmintargetspeedeval.o
    0x11004b6e   0x11004b6e   0x0000003a   Code   RO         1836    i.SpeedDelayOut     pwmintargetspeedeval.o
    0x11004ba8   0x11004ba8   0x0000000c   Code   RO         1837    i.SpeedDelayOut_Init  pwmintargetspeedeval.o
    0x11004bb4   0x11004bb4   0x00000014   Code   RO         3432    i.SysTick_Handler   isr.o
    0x11004bc8   0x11004bc8   0x00000028   Code   RO         4083    i.SysTick_Init      wdt1.o
    0x11004bf0   0x11004bf0   0x00000030   Code   RO         3834    i.SystemInit        system_tle987x.o
    0x11004c20   0x11004c20   0x00000088   Code   RO         1293    i.T12_OM_Handler    emo_ram.o
    0x11004ca8   0x11004ca8   0x00000070   Code   RO         1294    i.T12_PM_Handler    emo_ram.o
    0x11004d18   0x11004d18   0x00000020   Code   RO         3864    i.TIMER21_Init      timer2x.o
    0x11004d38   0x11004d38   0x00000020   Code   RO         3866    i.TIMER2_Init       timer2x.o
    0x11004d58   0x11004d58   0x00000002   Code   RO         3918    i.TIMER3_Init       timer3.o
    0x11004d5a   0x11004d5a   0x00000056   Code   RO         3996    i.TLE_Init          tle_device.o
    0x11004db0   0x11004db0   0x0000001c   Code   RO          298    i.TestMode_FactoryTest  testmode.o
    0x11004dcc   0x11004dcc   0x00000310   Code   RO          299    i.TestMode_FctTest  testmode.o
    0x110050dc   0x110050dc   0x00000024   Code   RO          300    i.TestMode_TestMOS  testmode.o
    0x11005100   0x11005100   0x00000270   Code   RO          301    i.TestMode_UartDebugPeriodTask  testmode.o
    0x11005370   0x11005370   0x00000004   Code   RO          967    i.Timer2CaptureHandler  isrhandler.o
    0x11005374   0x11005374   0x00000004   Code   RO          968    i.Timer2OverflowHandler  isrhandler.o
    0x11005378   0x11005378   0x0000005c   Code   RO         3433    i.UART1_IRQHandler  isr.o
    0x110053d4   0x110053d4   0x0000002c   Code   RO         4033    i.UART1_Init        uart.o
    0x11005400   0x11005400   0x00000004   Code   RO         2084    i.UART1_RI_Brk_Handler  lin_isr.o
    0x11005404   0x11005404   0x00000040   Code   RO         3434    i.UART2_IRQHandler  isr.o
    0x11005444   0x11005444   0x0000002c   Code   RO         4035    i.UART2_Init        uart.o
    0x11005470   0x11005470   0x00000004   Code   RO          969    i.Uart2RxHandler    isrhandler.o
    0x11005474   0x11005474   0x00000004   Code   RO          970    i.Uart2TxHandler    isrhandler.o
    0x11005478   0x11005478   0x0000004a   Code   RO         1964    i.UpdateStateCnt    rt_sys_ecufaultdiag_0.o
    0x110054c2   0x110054c2   0x00000002   Code   RO         3435    i.UsageFault_Handler  isr.o
    0x110054c4   0x110054c4   0x0000001a   Code   RO         1641    i.VoltageDiag       ecufaultdiag.o
    0x110054de   0x110054de   0x00000004   Code   RO         1642    i.VoltageDiag_Init  ecufaultdiag.o
    0x110054e2   0x110054e2   0x00000002   PAD
    0x110054e4   0x110054e4   0x00000018   Code   RO         4084    i.WDT1_Init         wdt1.o
    0x110054fc   0x110054fc   0x00000018   Code   RO         4085    i.WDT1_SOW_Service  wdt1.o
    0x11005514   0x11005514   0x0000002c   Code   RO         4086    i.WDT1_Service      wdt1.o
    0x11005540   0x11005540   0x0000000e   Code   RO         4087    i.WDT1_Stop         wdt1.o
    0x1100554e   0x1100554e   0x0000000e   Code   RO         4209    i.__scatterload_copy  mc_w.l(handlers.o)
    0x1100555c   0x1100555c   0x00000002   Code   RO         4210    i.__scatterload_null  mc_w.l(handlers.o)
    0x1100555e   0x1100555e   0x0000000e   Code   RO         4211    i.__scatterload_zeroinit  mc_w.l(handlers.o)
    0x1100556c   0x1100556c   0x00000010   Code   RO         1539    i.asr_s32           appmain.o
    0x1100557c   0x1100557c   0x0000001c   Code   RO         2295    i.l_bool_wr_b       lin_common_api.o
    0x11005598   0x11005598   0x0000002c   Code   RO         2296    i.l_bytes_rd        lin_common_api.o
    0x110055c4   0x110055c4   0x00000038   Code   RO         2298    i.l_bytes_wr_b      lin_common_api.o
    0x110055fc   0x110055fc   0x0000002c   Code   RO         2299    i.l_flg_clr         lin_common_api.o
    0x11005628   0x11005628   0x0000002c   Code   RO         2300    i.l_flg_tst         lin_common_api.o
    0x11005654   0x11005654   0x00000004   Code   RO         2303    i.l_ifc_init        lin_common_api.o
    0x11005658   0x11005658   0x0000000a   Code   RO         2308    i.l_sys_init        lin_common_api.o
    0x11005662   0x11005662   0x00000002   PAD
    0x11005664   0x11005664   0x00000014   Code   RO         2311    i.l_u16_rd          lin_common_api.o
    0x11005678   0x11005678   0x00000024   Code   RO         2313    i.l_u16_wr_b        lin_common_api.o
    0x1100569c   0x1100569c   0x00000010   Code   RO         2315    i.l_u8_rd           lin_common_api.o
    0x110056ac   0x110056ac   0x0000000c   Code   RO         2316    i.l_u8_wr           lin_common_api.o
    0x110056b8   0x110056b8   0x0000001c   Code   RO         2317    i.l_u8_wr_b         lin_common_api.o
    0x110056d4   0x110056d4   0x00000020   Code   RO         2001    i.ld_read_by_id_callout  lin_cfg.o
    0x110056f4   0x110056f4   0x0000000e   Code   RO         2467    i.lin_bus_activity_timeout  lin_common_proto.o
    0x11005702   0x11005702   0x0000002c   Code   RO         2712    i.lin_checksum      lin_sw.o
    0x1100572e   0x1100572e   0x00000002   PAD
    0x11005730   0x11005730   0x00000070   Code   RO         2679    i.lin_diagservice_assign_frame_id_range  lin_diagnostic_service.o
    0x110057a0   0x110057a0   0x00000068   Code   RO         2680    i.lin_diagservice_read_by_identifier  lin_diagnostic_service.o
    0x11005808   0x11005808   0x00000020   Code   RO         2468    i.lin_get_frame_index  lin_common_proto.o
    0x11005828   0x11005828   0x0000002c   Code   RO         2115    i.lin_goto_idle_state  lin_lld_sci.o
    0x11005854   0x11005854   0x00000058   Code   RO         2469    i.lin_handle_error  lin_common_proto.o
    0x110058ac   0x110058ac   0x00000014   Code   RO         2716    i.lin_lld_ignore_response  lin_sw.o
    0x110058c0   0x110058c0   0x00000018   Code   RO         2717    i.lin_lld_init      lin_sw.o
    0x110058d8   0x110058d8   0x00000018   Code   RO         2721    i.lin_lld_rx_response  lin_sw.o
    0x110058f0   0x110058f0   0x0000000c   Code   RO         2119    i.lin_lld_sci_get_state  lin_lld_sci.o
    0x110058fc   0x110058fc   0x00000004   Code   RO         2121    i.lin_lld_sci_ignore_response  lin_lld_sci.o
    0x11005900   0x11005900   0x00000078   Code   RO         2122    i.lin_lld_sci_init  lin_lld_sci.o
    0x11005978   0x11005978   0x00000300   Code   RO         2125    i.lin_lld_sci_isr   lin_lld_sci.o
    0x11005c78   0x11005c78   0x00000018   Code   RO         2129    i.lin_lld_sci_rx_response  lin_lld_sci.o
    0x11005c90   0x11005c90   0x0000001c   Code   RO         2130    i.lin_lld_sci_set_low_power_mode  lin_lld_sci.o
    0x11005cac   0x11005cac   0x00000064   Code   RO         2131    i.lin_lld_sci_timeout  lin_lld_sci.o
    0x11005d10   0x11005d10   0x00000048   Code   RO         2133    i.lin_lld_sci_tx_response  lin_lld_sci.o
    0x11005d58   0x11005d58   0x00000014   Code   RO         2722    i.lin_lld_set_low_power_mode  lin_sw.o
    0x11005d6c   0x11005d6c   0x00000028   Code   RO         2723    i.lin_lld_set_response  lin_sw.o
    0x11005d94   0x11005d94   0x00000002   Code   RO         2263    i.lin_lld_timer_S12_init  lin_lld_timesrv.o
    0x11005d96   0x11005d96   0x00000004   Code   RO         2724    i.lin_lld_timer_init  lin_sw.o
    0x11005d9a   0x11005d9a   0x00000004   Code   RO         2264    i.lin_lld_timer_isr  lin_lld_timesrv.o
    0x11005d9e   0x11005d9e   0x00000002   PAD
    0x11005da0   0x11005da0   0x0000001c   Code   RO         2643    i.lin_make_res_evnt_frame  lin_lin21_proto.o
    0x11005dbc   0x11005dbc   0x0000002a   Code   RO         2471    i.lin_pid_response_callback_handler  lin_common_proto.o
    0x11005de6   0x11005de6   0x00000046   Code   RO         2726    i.lin_process_parity  lin_sw.o
    0x11005e2c   0x11005e2c   0x000000a0   Code   RO         2472    i.lin_process_pid   lin_common_proto.o
    0x11005ecc   0x11005ecc   0x00000208   Code   RO         2473    i.lin_process_uncd_frame  lin_common_proto.o
    0x110060d4   0x110060d4   0x00000040   Code   RO         2861    i.lin_tl_attach_service  lin_commontl_proto.o
    0x11006114   0x11006114   0x00000024   Code   RO         2862    i.lin_tl_get_pdu    lin_commontl_proto.o
    0x11006138   0x11006138   0x00000054   Code   RO         2863    i.lin_tl_handler    lin_commontl_proto.o
    0x1100618c   0x1100618c   0x00000100   Code   RO         2864    i.lin_tl_make_slaveres_pdu  lin_commontl_proto.o
    0x1100628c   0x1100628c   0x00000028   Code   RO         2865    i.lin_tl_put_pdu    lin_commontl_proto.o
    0x110062b4   0x110062b4   0x00000020   Code   RO         2644    i.lin_update_err_signal  lin_lin21_proto.o
    0x110062d4   0x110062d4   0x00000024   Code   RO         2318    i.lin_update_frame_flag  lin_common_api.o
    0x110062f8   0x110062f8   0x0000004c   Code   RO         2474    i.lin_update_rx     lin_common_proto.o
    0x11006344   0x11006344   0x0000002c   Code   RO         2475    i.lin_update_rx_diag_frame  lin_common_proto.o
    0x11006370   0x11006370   0x00000068   Code   RO         2476    i.lin_update_tx     lin_common_proto.o
    0x110063d8   0x110063d8   0x00000034   Code   RO         2477    i.lin_update_tx_flags  lin_common_proto.o
    0x1100640c   0x1100640c   0x00000044   Code   RO         2645    i.lin_update_word_status_lin21  lin_lin21_proto.o
    0x11006450   0x11006450   0x00000070   Code   RO         1540    i.look1_is16lu32n16Ds32_binlcs  appmain.o
    0x110064c0   0x110064c0   0x0000016c   Code   RO            6    i.main              main.o
    0x1100662c   0x1100662c   0x0000001a   Code   RO         1541    i.mul_u32_sat       appmain.o
    0x11006646   0x11006646   0x00000040   Code   RO         1542    i.mul_wide_u32      appmain.o
    0x11006686   0x11006686   0x000000a0   Data   RO          426    .constdata          adcsample.o
    0x11006726   0x11006726   0x00000006   Data   RO          945    .constdata          globalvars.o
    0x1100672c   0x1100672c   0x0000005c   Data   RO         1258    .constdata          emo_cfg.o
    0x11006788   0x11006788   0x00000018   Data   RO         1297    .constdata          emo_ram.o
    0x110067a0   0x110067a0   0x00000a00   Data   RO         1511    .constdata          table.o
    0x110071a0   0x110071a0   0x00000802   Data   RO         1512    .constdata          table.o
    0x110079a2   0x110079a2   0x00000814   Data   RO         1513    .constdata          table.o
    0x110081b6   0x110081b6   0x00000202   Data   RO         1514    .constdata          table.o
    0x110083b8   0x110083b8   0x00000200   Data   RO         1515    .constdata          table.o
    0x110085b8   0x110085b8   0x00000004   Data   RO         1544    .constdata          appmain.o
    0x110085bc   0x110085bc   0x0000002c   Data   RO         1621    .constdata          appmain_data.o
    0x110085e8   0x110085e8   0x00000001   Data   RO         2006    .constdata          lin_cfg.o
    0x110085e9   0x110085e9   0x00000003   PAD
    0x110085ec   0x110085ec   0x00000090   Data   RO         2007    .constdata          lin_cfg.o
    0x1100867c   0x1100867c   0x00000020   Data   RO         2008    .constdata          lin_cfg.o
    0x1100869c   0x1100869c   0x00000004   Data   RO         2009    .constdata          lin_cfg.o
    0x110086a0   0x110086a0   0x00000020   Data   RO         2010    .constdata          lin_cfg.o
    0x110086c0   0x110086c0   0x00000010   Data   RO         2011    .constdata          lin_cfg.o
    0x110086d0   0x110086d0   0x00000001   Data   RO         2013    .constdata          lin_cfg.o
    0x110086d1   0x110086d1   0x00000001   PAD
    0x110086d2   0x110086d2   0x00000006   Data   RO         2014    .constdata          lin_cfg.o
    0x110086d8   0x110086d8   0x00000001   Data   RO         2015    .constdata          lin_cfg.o
    0x110086d9   0x110086d9   0x00000003   PAD
    0x110086dc   0x110086dc   0x00000004   Data   RO         3155    .constdata          bootrom.o
    0x110086e0   0x110086e0   0x00000004   Data   RO         3171    .constdata          bootrom.o
    0x110086e4   0x110086e4   0x00000004   Data   RO         3174    .constdata          bootrom.o
    0x110086e8   0x110086e8   0x00000004   Data   RO         3176    .constdata          bootrom.o
    0x110086ec   0x110086ec   0x00000020   Data   RO         4207    Region$$Table       anon$$obj.o


    Execution Region RW_IRAM2 (Exec base: 0x18000000, Load base: 0x11008748, Size: 0x00000000, Max: 0x00000010, ABSOLUTE)

    **** No section assigned to this execution region ****


    Execution Region RW_IRAM1 (Exec base: 0x18000018, Load base: 0x1100870c, Size: 0x00000a70, Max: 0x00000be8, ABSOLUTE, COMPRESSED[0x0000003c])

    Exec Addr    Load Addr    Size         Type   Attr      Idx    E Section Name        Object

    0x18000018   COMPRESSED   0x0000000a   Data   RW            7    .data               main.o
    0x18000022   COMPRESSED   0x00000010   Data   RW          302    .data               testmode.o
    0x18000032   COMPRESSED   0x00000010   Data   RW          378    .data               pwmin.o
    0x18000042   COMPRESSED   0x00000002   PAD
    0x18000044   COMPRESSED   0x00000010   Data   RW          427    .data               adcsample.o
    0x18000054   COMPRESSED   0x00000014   Data   RW          484    .data               motorapi.o
    0x18000068   COMPRESSED   0x00000001   Data   RW          486    .data               motorapi.o
    0x18000069   COMPRESSED   0x00000003   PAD
    0x1800006c   COMPRESSED   0x00000024   Data   RW          577    .data               sdk.o
    0x18000090   COMPRESSED   0x00000010   Data   RW          790    .data               dtc.o
    0x180000a0   COMPRESSED   0x00000011   Data   RW          874    .data               fancomtest.o
    0x180000b1   COMPRESSED   0x00000003   PAD
    0x180000b4   COMPRESSED   0x00000004   Data   RW          946    .data               globalvars.o
    0x180000b8   COMPRESSED   0x0000000e   Data   RW         1079    .data               lindatapro.o
    0x180000c6   COMPRESSED   0x00000002   PAD
    0x180000c8   COMPRESSED   0x00000020   Data   RW         1136    .data               emo.o
    0x180000e8   COMPRESSED   0x00000048   Data   RW         1298    .data               emo_ram.o
    0x18000130   COMPRESSED   0x00000004   Data   RW         1516    .data               table.o
    0x18000134   COMPRESSED   0x00000002   Data   RW         1545    .data               appmain.o
    0x18000136   COMPRESSED   0x00000001   Data   RW         2016    .data               lin_cfg.o
    0x18000137   COMPRESSED   0x00000002   Data   RW         2017    .data               lin_cfg.o
    0x18000139   COMPRESSED   0x00000001   Data   RW         2018    .data               lin_cfg.o
    0x1800013a   COMPRESSED   0x00000001   Data   RW         2019    .data               lin_cfg.o
    0x1800013b   COMPRESSED   0x00000001   Data   RW         2020    .data               lin_cfg.o
    0x1800013c   COMPRESSED   0x00000001   Data   RW         2021    .data               lin_cfg.o
    0x1800013d   COMPRESSED   0x00000001   Data   RW         2022    .data               lin_cfg.o
    0x1800013e   COMPRESSED   0x00000001   Data   RW         2023    .data               lin_cfg.o
    0x1800013f   COMPRESSED   0x00000001   Data   RW         2024    .data               lin_cfg.o
    0x18000140   COMPRESSED   0x00000001   Data   RW         2025    .data               lin_cfg.o
    0x18000141   COMPRESSED   0x00000001   Data   RW         2026    .data               lin_cfg.o
    0x18000142   COMPRESSED   0x00000001   Data   RW         2027    .data               lin_cfg.o
    0x18000143   COMPRESSED   0x00000001   Data   RW         2028    .data               lin_cfg.o
    0x18000144   COMPRESSED   0x00000001   Data   RW         2029    .data               lin_cfg.o
    0x18000145   COMPRESSED   0x00000001   Data   RW         2030    .data               lin_cfg.o
    0x18000146   COMPRESSED   0x00000001   Data   RW         2031    .data               lin_cfg.o
    0x18000147   COMPRESSED   0x00000001   Data   RW         2032    .data               lin_cfg.o
    0x18000148   COMPRESSED   0x00000001   Data   RW         2033    .data               lin_cfg.o
    0x18000149   COMPRESSED   0x00000001   Data   RW         2034    .data               lin_cfg.o
    0x1800014a   COMPRESSED   0x00000004   Data   RW         2035    .data               lin_cfg.o
    0x1800014e   COMPRESSED   0x00000004   Data   RW         2036    .data               lin_cfg.o
    0x18000152   COMPRESSED   0x00000006   Data   RW         2037    .data               lin_cfg.o
    0x18000158   COMPRESSED   0x00000001   Data   RW         2038    .data               lin_cfg.o
    0x18000159   COMPRESSED   0x00000008   Data   RW         2039    .data               lin_cfg.o
    0x18000161   COMPRESSED   0x00000008   Data   RW         2040    .data               lin_cfg.o
    0x18000169   COMPRESSED   0x00000001   Data   RW         2041    .data               lin_cfg.o
    0x1800016a   COMPRESSED   0x00000001   Data   RW         2042    .data               lin_cfg.o
    0x1800016b   COMPRESSED   0x00000001   Data   RW         2043    .data               lin_cfg.o
    0x1800016c   COMPRESSED   0x00000001   Data   RW         2044    .data               lin_cfg.o
    0x1800016d   COMPRESSED   0x00000001   PAD
    0x1800016e   COMPRESSED   0x00000002   Data   RW         2045    .data               lin_cfg.o
    0x18000170   COMPRESSED   0x00000004   Data   RW         2047    .data               lin_cfg.o
    0x18000174   COMPRESSED   0x00000004   Data   RW         2048    .data               lin_cfg.o
    0x18000178   COMPRESSED   0x0000001c   Data   RW         2135    .data               lin_lld_sci.o
    0x18000194   COMPRESSED   0x00000002   Data   RW         2478    .data               lin_common_proto.o
    0x18000196   COMPRESSED   0x00000001   Data   RW         2479    .data               lin_common_proto.o
    0x18000197   COMPRESSED   0x00000001   PAD
    0x18000198   COMPRESSED   0x00000008   Data   RW         4036    .data               uart.o
    0x180001a0   COMPRESSED   0x00000008   Data   RW         4088    .data               wdt1.o
    0x180001a8        -       0x000000c0   Zero   RW          377    .bss                pwmin.o
    0x18000268        -       0x0000002c   Zero   RW          425    .bss                adcsample.o
    0x18000294        -       0x00000030   Zero   RW          483    .bss                motorapi.o
    0x180002c4        -       0x000000c4   Zero   RW          789    .bss                dtc.o
    0x18000388        -       0x00000024   Zero   RW          873    .bss                fancomtest.o
    0x180003ac        -       0x000001a0   Zero   RW         1295    .bss                emo_ram.o
    0x1800054c        -       0x00000028   Zero   RW         1296    .bss                emo_ram.o
    0x18000574        -       0x000000e0   Zero   RW         1543    .bss                appmain.o
    0x18000654        -       0x00000012   Zero   RW         2002    .bss                lin_cfg.o
    0x18000666        -       0x00000012   Zero   RW         2003    .bss                lin_cfg.o
    0x18000678        -       0x0000000a   Zero   RW         2004    .bss                lin_cfg.o
    0x18000682   COMPRESSED   0x00000006   PAD
    0x18000688        -       0x00000400   Zero   RW         3824    STACK               startup_tle987x.o



  Load Region LR_IROM2 (Base: 0x1100afe8, Size: 0x00000018, Max: 0x00000018, ABSOLUTE)

    Execution Region ER_IROM2 (Exec base: 0x1100afe8, Load base: 0x1100afe8, Size: 0x00000018, Max: 0x00000018, ABSOLUTE)

    Exec Addr    Load Addr    Size         Type   Attr      Idx    E Section Name        Object

    0x1100afe8   0x1100afe8   0x00000004   Data   RO          357    .constdata          userinfo.o
    0x1100afec   0x1100afec   0x0000000c   Data   RO          358    .constdata          userinfo.o
    0x1100aff8   0x1100aff8   0x00000004   PAD
    0x1100affc   0x1100affc   0x00000004   Data   RW         3835    .ARM.__at_0x1100AFFC  system_tle987x.o


==============================================================================

Image component sizes


      Code (inc. data)   RO Data    RW Data    ZI Data      Debug   Object Name

       160         16          0          0          0      12723   adc1.o
        92         20          0          0          0        452   adc2.o
       432         36        160         16         44       6918   adcsample.o
       614         16          4          2        224      12856   appmain.o
         0          0         44          0          0       4142   appmain_data.o
       220         32          0          0          0      11491   bdrv.o
       110          0         16          0          0       6276   bootrom.o
       112          4          0          0          0      16456   ccu6.o
       160          0          0          0          0       2389   common.o
        20          4          0          0          0        411   csa.o
        20          8          0          0          0        415   dma.o
      1336        130          0         16        196       8563   dtc.o
       154          0          0          0          0       4869   ecufaultdiag.o
      3140        238          0         32          0      56021   emo.o
         0          0         92          0          0       7695   emo_cfg.o
      2600        156         24         72        456      36844   emo_ram.o
       508         58          0         17         36       6457   fancomtest.o
       724         28          0          0          0       6061   feedback.o
         0          0          6          4          0       1211   globalvars.o
        60          4          0          0          0        458   gpt12e.o
       156         30          0          0          0        523   int.o
       328         38          0          0          0      40284   isr.o
       106         20          0          0          0       3434   isrhandler.o
        40          4          0          0          0       3543   lin.o
        32          0        237         65         46      25929   lin_cfg.o
       378         72          0          0          0       7842   lin_common_api.o
      1132        142          0          3          0      14460   lin_common_proto.o
       480         72          0          0          0       3118   lin_commontl_proto.o
       216         22          0          0          0       1769   lin_diagnostic_service.o
         4          0          0          0          0        435   lin_isr.o
       128         36          0          0          0       1497   lin_lin21_proto.o
      1172         86          0         28          0       6688   lin_lld_sci.o
         6          0          0          0          0        893   lin_lld_timesrv.o
       246         30          0          0          0      10551   lin_sw.o
       600         36          0         14          0       2687   lindatapro.o
       596         88          0         10          0      35633   main.o
        16          6          0          0          0        407   mon.o
      1136         92          0         21         48       8114   motorapi.o
       512          4          0          0          0       5129   motorrestartandfaultcnt.o
        10          0          0          0          0        714   motortargetspeedmux.o
        76          6          0          0          0        463   pmu.o
        68          4          0          0          0        460   port.o
       212         14          0         16        192       3211   pwmin.o
        80         16          0          0          0        992   pwminparameval.o
      1536        100          0          0          0      16865   pwmintargetspeedeval.o
       362          4          0          0          0       3963   rt_sys_ecufaultdiag_0.o
       460         22          0          0          0       6926   scu.o
      1642        134          0         36          0      56082   sdk.o
        60         10          0          0          0        840   ssc.o
        64         12        128          0       1024        844   startup_tle987x.o
        48         14          0          4          0        704   system_tle987x.o
         0          0       7704          4          0        896   table.o
      1604        110          0         16          0       5473   testmode.o
        64         10          0          0          0        873   timer2x.o
         2          0          0          0          0        414   timer3.o
        86          0          0          0          0        535   tle_device.o
        88         18          0          8          0       2826   uart.o
         0          0         16          0          0        629   userinfo.o
       226         26          0          8          0       4133   wdt1.o

    ----------------------------------------------------------------------
     24452       2028       8470        408       2272     483487   Object Totals
         0          0         32          0          0          0   (incl. Generated)
        18          0          7         16          6          0   (incl. Padding)

    ----------------------------------------------------------------------

      Code (inc. data)   RO Data    RW Data    ZI Data      Debug   Library Member Name

        86          0          0          0          0          0   __dczerorl2.o
         0          0          0          0          0          0   entry.o
         0          0          0          0          0          0   entry10a.o
         0          0          0          0          0          0   entry11a.o
         4          0          0          0          0          0   entry12b.o
         8          4          0          0          0          0   entry2.o
         4          0          0          0          0          0   entry5.o
         0          0          0          0          0          0   entry7b.o
         0          0          0          0          0          0   entry8b.o
         8          4          0          0          0          0   entry9a.o
        30          0          0          0          0          0   handlers.o
        36          8          0          0          0         68   init.o
         0          0          0          0          0          0   iusefp.o
        30          0          0          0          0         68   llshl.o
        32          0          0          0          0         68   llushr.o
        36          0          0          0          0         68   memcpya.o
        36          0          0          0          0        108   memseta.o
         8          0          0          0          0         68   siabs.o
        56          0          0          0          0         88   d2f.o
       222          0          0          0          0        100   ddiv.o
       186          0          0          0          0        176   depilogue.o
        62          0          0          0          0         80   dfixi.o
        50          0          0          0          0         76   dfixui.o
       228          0          0          0          0         96   dmul.o
        46          0          0          0          0         80   dscalb.o
        38          0          0          0          0         68   f2d.o
       124          0          0          0          0         88   fdiv.o
       110          0          0          0          0        168   fepilogue.o
        50          0          0          0          0         68   ffixi.o
        40          0          0          0          0         68   ffixui.o
        10          0          0          0          0         68   ffltui.o
       100          0          0          0          0         76   fmul.o
        24          0          0          0          0         68   fscalb.o

    ----------------------------------------------------------------------
      1666         16          0          0          0       1816   Library Totals
         2          0          0          0          0          0   (incl. Padding)

    ----------------------------------------------------------------------

      Code (inc. data)   RO Data    RW Data    ZI Data      Debug   Library Name

       318         16          0          0          0        448   mc_w.l
      1346          0          0          0          0       1368   mf_w.l

    ----------------------------------------------------------------------
      1666         16          0          0          0       1816   Library Totals

    ----------------------------------------------------------------------

==============================================================================


      Code (inc. data)   RO Data    RW Data    ZI Data      Debug   

     26118       2044       8470        408       2272     472431   Grand Totals
     26118       2044       8470         68       2272     472431   ELF Image Totals (compressed)
     26118       2044       8470         68          0          0   ROM Totals

==============================================================================

    Total RO  Size (Code + RO Data)                34588 (  33.78kB)
    Total RW  Size (RW Data + ZI Data)              2680 (   2.62kB)
    Total ROM Size (Code + RO Data + RW Data)      34656 (  33.84kB)

==============================================================================

