Component: ARM Compiler 5.06 update 7 (build 960) Tool: armlink [4d3601]

==============================================================================

Section Cross References

    startup_stm32f103xe.o(STACK) refers (Special) to heapauxi.o(.text) for __use_two_region_memory
    startup_stm32f103xe.o(HEAP) refers (Special) to heapauxi.o(.text) for __use_two_region_memory
    startup_stm32f103xe.o(RESET) refers (Special) to heapauxi.o(.text) for __use_two_region_memory
    startup_stm32f103xe.o(RESET) refers to startup_stm32f103xe.o(STACK) for __initial_sp
    startup_stm32f103xe.o(RESET) refers to startup_stm32f103xe.o(.text) for Reset_Handler
    startup_stm32f103xe.o(RESET) refers to stm32f1xx_it.o(i.NMI_Handler) for NMI_Handler
    startup_stm32f103xe.o(RESET) refers to stm32f1xx_it.o(i.HardFault_Handler) for HardFault_Handler
    startup_stm32f103xe.o(RESET) refers to stm32f1xx_it.o(i.MemManage_Handler) for MemManage_Handler
    startup_stm32f103xe.o(RESET) refers to stm32f1xx_it.o(i.BusFault_Handler) for BusFault_Handler
    startup_stm32f103xe.o(RESET) refers to stm32f1xx_it.o(i.UsageFault_Handler) for UsageFault_Handler
    startup_stm32f103xe.o(RESET) refers to stm32f1xx_it.o(i.SVC_Handler) for SVC_Handler
    startup_stm32f103xe.o(RESET) refers to stm32f1xx_it.o(i.DebugMon_Handler) for DebugMon_Handler
    startup_stm32f103xe.o(RESET) refers to stm32f1xx_it.o(i.PendSV_Handler) for PendSV_Handler
    startup_stm32f103xe.o(RESET) refers to stm32f1xx_it.o(i.SysTick_Handler) for SysTick_Handler
    startup_stm32f103xe.o(RESET) refers to rtc.o(i.RTC_IRQHandler) for RTC_IRQHandler
    startup_stm32f103xe.o(RESET) refers to key_exti.o(i.EXTI0_IRQHandler) for EXTI0_IRQHandler
    startup_stm32f103xe.o(RESET) refers to key_exti.o(i.EXTI2_IRQHandler) for EXTI2_IRQHandler
    startup_stm32f103xe.o(RESET) refers to key_exti.o(i.EXTI3_IRQHandler) for EXTI3_IRQHandler
    startup_stm32f103xe.o(RESET) refers to key_exti.o(i.EXTI4_IRQHandler) for EXTI4_IRQHandler
    startup_stm32f103xe.o(RESET) refers to stepping_motor.o(i.TIM1_UP_IRQHandler) for TIM1_UP_IRQHandler
    startup_stm32f103xe.o(RESET) refers to usart.o(i.USART1_IRQHandler) for USART1_IRQHandler
    startup_stm32f103xe.o(RESET) refers to esp8266.o(i.USART2_IRQHandler) for USART2_IRQHandler
    startup_stm32f103xe.o(RESET) refers to btim.o(i.TIM6_IRQHandler) for TIM6_IRQHandler
    startup_stm32f103xe.o(.text) refers (Special) to heapauxi.o(.text) for __use_two_region_memory
    startup_stm32f103xe.o(.text) refers to system_stm32f1xx.o(i.SystemInit) for SystemInit
    startup_stm32f103xe.o(.text) refers to __main.o(!!!main) for __main
    startup_stm32f103xe.o(.text) refers to startup_stm32f103xe.o(HEAP) for Heap_Mem
    startup_stm32f103xe.o(.text) refers to startup_stm32f103xe.o(STACK) for Stack_Mem
    main.o(i.main) refers to _printf_percent.o(.ARM.Collect$$_printf_percent$$00000000) for _printf_percent
    main.o(i.main) refers to _printf_d.o(.ARM.Collect$$_printf_percent$$00000009) for _printf_d
    main.o(i.main) refers to _printf_dec.o(.text) for _printf_int_dec
    main.o(i.main) refers to _printf_pad.o(.text) for _printf_pre_padding
    main.o(i.main) refers to _printf_s.o(.ARM.Collect$$_printf_percent$$00000014) for _printf_s
    main.o(i.main) refers to _printf_str.o(.text) for _printf_str
    main.o(i.main) refers to stm32f1xx_hal.o(i.HAL_Init) for HAL_Init
    main.o(i.main) refers to sys.o(i.sys_stm32_clock_init) for sys_stm32_clock_init
    main.o(i.main) refers to delay.o(i.delay_init) for delay_init
    main.o(i.main) refers to usart.o(i.Usart1_Init) for Usart1_Init
    main.o(i.main) refers to usart.o(i.Usart2_Init) for Usart2_Init
    main.o(i.main) refers to led.o(i.led_init) for led_init
    main.o(i.main) refers to beep.o(i.beep_init) for beep_init
    main.o(i.main) refers to lcd.o(i.lcd_init) for lcd_init
    main.o(i.main) refers to my_adc.o(i.my_adc_nch_dma_init) for my_adc_nch_dma_init
    main.o(i.main) refers to my_adc.o(i.my_adc_dma_enable) for my_adc_dma_enable
    main.o(i.main) refers to btim.o(i.btim_tim6_int_init) for btim_tim6_int_init
    main.o(i.main) refers to servo.o(i.Servo_Init) for Servo_Init
    main.o(i.main) refers to key_exti.o(i.key_extix_init) for key_extix_init
    main.o(i.main) refers to dht11.o(i.dht11_init) for dht11_init
    main.o(i.main) refers to 24cxx.o(i.at24cxx_init) for at24cxx_init
    main.o(i.main) refers to rtc.o(i.rtc_init) for rtc_init
    main.o(i.main) refers to usart.o(i.UsartPrintf) for UsartPrintf
    main.o(i.main) refers to esp8266.o(i.ESP8266_Init) for ESP8266_Init
    main.o(i.main) refers to delay.o(i.delay_ms) for delay_ms
    main.o(i.main) refers to onenet.o(i.OneNet_DevLink) for OneNet_DevLink
    main.o(i.main) refers to stm32f1xx_hal_gpio.o(i.HAL_GPIO_WritePin) for HAL_GPIO_WritePin
    main.o(i.main) refers to onenet.o(i.OneNet_Subscribe) for OneNet_Subscribe
    main.o(i.main) refers to 24cxx.o(i.at24cxx_read_one_byte) for at24cxx_read_one_byte
[...]
    beep_init                                0x08007c0d   Thumb Code   150  beep.o(i.beep_init)
    btim_tim6_int_init                       0x08007cb1   Thumb Code    34  btim.o(i.btim_tim6_int_init)
    cJSON_Delete                             0x08007d25   Thumb Code    84  cjson.o(i.cJSON_Delete)
    cJSON_GetErrorPtr                        0x08007d7d   Thumb Code    12  cjson.o(i.cJSON_GetErrorPtr)
    cJSON_GetObjectItem                      0x08007d8d   Thumb Code    18  cjson.o(i.cJSON_GetObjectItem)
    cJSON_Parse                              0x08007db9   Thumb Code    16  cjson.o(i.cJSON_Parse)
    cJSON_ParseWithLengthOpts                0x08007dc9   Thumb Code   204  cjson.o(i.cJSON_ParseWithLengthOpts)
    cJSON_ParseWithOpts                      0x08007e9d   Thumb Code    40  cjson.o(i.cJSON_ParseWithOpts)
    ct_iic_ack                               0x08007f0d   Thumb Code    78  ctiic.o(i.ct_iic_ack)
    ct_iic_init                              0x08007f71   Thumb Code   114  ctiic.o(i.ct_iic_init)
    ct_iic_nack                              0x08007ff1   Thumb Code    58  ctiic.o(i.ct_iic_nack)
    ct_iic_read_byte                         0x08008035   Thumb Code    90  ctiic.o(i.ct_iic_read_byte)
    ct_iic_send_byte                         0x08008099   Thumb Code   104  ctiic.o(i.ct_iic_send_byte)
    ct_iic_start                             0x08008109   Thumb Code    74  ctiic.o(i.ct_iic_start)
    ct_iic_stop                              0x0800815d   Thumb Code    60  ctiic.o(i.ct_iic_stop)
    ct_iic_wait_ack                          0x080081a1   Thumb Code   102  ctiic.o(i.ct_iic_wait_ack)
    delay_init                               0x08008211   Thumb Code     6  delay.o(i.delay_init)
    delay_ms                                 0x0800821d   Thumb Code    18  delay.o(i.delay_ms)
    delay_us                                 0x08008231   Thumb Code    68  delay.o(i.delay_us)
    dht11_check                              0x08008279   Thumb Code    82  dht11.o(i.dht11_check)
    dht11_init                               0x080082d1   Thumb Code    72  dht11.o(i.dht11_init)
    dht11_read_bit                           0x08008321   Thumb Code    88  dht11.o(i.dht11_read_bit)
    dht11_read_data                          0x0800839b   Thumb Code    88  dht11.o(i.dht11_read_data)
    frexp                                    0x08008429   Thumb Code    80  frexp.o(i.frexp)
    gt9xxx_init                              0x080084d9   Thumb Code   316  gt9xxx.o(i.gt9xxx_init)
    gt9xxx_rd_reg                            0x0800863d   Thumb Code    98  gt9xxx.o(i.gt9xxx_rd_reg)
    gt9xxx_scan                              0x080086a1   Thumb Code   732  gt9xxx.o(i.gt9xxx_scan)
    gt9xxx_wr_reg                            0x08008991   Thumb Code    92  gt9xxx.o(i.gt9xxx_wr_reg)
    gtim2_init                               0x080089ed   Thumb Code   138  gtim.o(i.gtim2_init)
    iic_ack                                  0x08008a8d   Thumb Code    76  myiic.o(i.iic_ack)
    iic_init                                 0x08008ae9   Thumb Code   112  myiic.o(i.iic_init)
    iic_nack                                 0x08008b61   Thumb Code    58  myiic.o(i.iic_nack)
    iic_read_byte                            0x08008ba1   Thumb Code    88  myiic.o(i.iic_read_byte)
    iic_send_byte                            0x08008bfd   Thumb Code   102  myiic.o(i.iic_send_byte)
    iic_start                                0x08008c69   Thumb Code    72  myiic.o(i.iic_start)
    iic_stop                                 0x08008cb5   Thumb Code    58  myiic.o(i.iic_stop)
    iic_wait_ack                             0x08008cf5   Thumb Code    96  myiic.o(i.iic_wait_ack)
    key_extix_init                           0x08008d59   Thumb Code   274  key_exti.o(i.key_extix_init)
    lcd_clear                                0x08008e81   Thumb Code    42  lcd.o(i.lcd_clear)
    lcd_display_dir                          0x08008eb5   Thumb Code   360  lcd.o(i.lcd_display_dir)
    lcd_draw_point                           0x08009021   Thumb Code    26  lcd.o(i.lcd_draw_point)
    lcd_ex_ili9341_reginit                   0x08009041   Thumb Code   556  lcd.o(i.lcd_ex_ili9341_reginit)
    lcd_ex_ili9806_reginit                   0x0800926d   Thumb Code   832  lcd.o(i.lcd_ex_ili9806_reginit)
    lcd_ex_nt35310_reginit                   0x080095ad   Thumb Code  3826  lcd.o(i.lcd_ex_nt35310_reginit)
    lcd_ex_nt35510_reginit                   0x0800a49f   Thumb Code  3836  lcd.o(i.lcd_ex_nt35510_reginit)
    lcd_ex_ssd1963_reginit                   0x0800b39b   Thumb Code   366  lcd.o(i.lcd_ex_ssd1963_reginit)
    lcd_ex_st7789_reginit                    0x0800b509   Thumb Code   424  lcd.o(i.lcd_ex_st7789_reginit)
    lcd_ex_st7796_reginit                    0x0800b6b1   Thumb Code   454  lcd.o(i.lcd_ex_st7796_reginit)
    lcd_fill                                 0x0800b879   Thumb Code    80  lcd.o(i.lcd_fill)
    lcd_init                                 0x0800b8cd   Thumb Code  1098  lcd.o(i.lcd_init)
    lcd_scan_dir                             0x0800bd5d   Thumb Code   568  lcd.o(i.lcd_scan_dir)
    lcd_set_cursor                           0x0800bf99   Thumb Code   282  lcd.o(i.lcd_set_cursor)
    lcd_show_char                            0x0800c0b9   Thumb Code   294  lcd.o(i.lcd_show_char)
    lcd_show_string                          0x0800c1f9   Thumb Code   106  lcd.o(i.lcd_show_string)
    lcd_show_xnum                            0x0800c263   Thumb Code   198  lcd.o(i.lcd_show_xnum)
    lcd_ssd_backlight_set                    0x0800c329   Thumb Code    80  lcd.o(i.lcd_ssd_backlight_set)
    lcd_wr_data                              0x0800c37d   Thumb Code    18  lcd.o(i.lcd_wr_data)
    lcd_wr_regno                             0x0800c395   Thumb Code    18  lcd.o(i.lcd_wr_regno)
    lcd_write_ram_prepare                    0x0800c3ad   Thumb Code    10  lcd.o(i.lcd_write_ram_prepare)
    lcd_write_reg                            0x0800c3c1   Thumb Code    10  lcd.o(i.lcd_write_reg)
    ldexp                                    0x0800c3d1   Thumb Code   116  ldexp.o(i.ldexp)
    led_init                                 0x0800c445   Thumb Code   132  led.o(i.led_init)
    lsens_get_val                            0x0800c4d5   Thumb Code    24  my_adc.o(i.lsens_get_val)
    main                                     0x0800c4ed   Thumb Code  2664  main.o(i.main)
    my_adc_dma_enable                        0x0800cfa1   Thumb Code    80  my_adc.o(i.my_adc_dma_enable)
    my_adc_nch_dma_init                      0x0800cff9   Thumb Code   326  my_adc.o(i.my_adc_nch_dma_init)
    my_get_value                             0x0800d159   Thumb Code    42  my_adc.o(i.my_get_value)
    rtc_get_time                             0x0800d8c1   Thumb Code   254  rtc.o(i.rtc_get_time)
    rtc_get_week                             0x0800d9dd   Thumb Code    80  rtc.o(i.rtc_get_week)
    rtc_init                                 0x0800da2d   Thumb Code   174  rtc.o(i.rtc_init)
    rtc_read_bkr                             0x0800db1d   Thumb Code    20  rtc.o(i.rtc_read_bkr)
    rtc_set_time                             0x0800db35   Thumb Code   154  rtc.o(i.rtc_set_time)
    rtc_write_bkr                            0x0800dbdd   Thumb Code    22  rtc.o(i.rtc_write_bkr)
    strtod                                   0x0800dc35   Thumb Code    28  strtod.o(i.strtod)
    sys_stm32_clock_init                     0x0800dc51   Thumb Code   102  sys.o(i.sys_stm32_clock_init)
    tp_init                                  0x0800dcb9   Thumb Code    76  touch.o(i.tp_init)
    tp_scan                                  0x0800dd11   Thumb Code    12  touch.o(i.tp_scan)
    _get_lc_ctype                            0x0800de4d   Thumb Code    44  lc_ctype_c.o(locale$$code)
    _get_lc_numeric                          0x0800de79   Thumb Code    44  lc_numeric_c.o(locale$$code)
    __aeabi_d2f                              0x0800dea5   Thumb Code     0  d2f.o(x$fpl$d2f)
    _d2f                                     0x0800dea5   Thumb Code    98  d2f.o(x$fpl$d2f)
    __fpl_dcheck_NaN1                        0x0800df09   Thumb Code    10  dcheck1.o(x$fpl$dcheck1)
    __fpl_dcmp_Inf                           0x0800df19   Thumb Code    24  dcmpi.o(x$fpl$dcmpinf)
    __aeabi_cdcmpeq                          0x0800df31   Thumb Code     0  deqf.o(x$fpl$deqf)
    _dcmpeq                                  0x0800df31   Thumb Code   120  deqf.o(x$fpl$deqf)
    __aeabi_d2iz                             0x0800dfa9   Thumb Code     0  dfix.o(x$fpl$dfix)
    _dfix                                    0x0800dfa9   Thumb Code    94  dfix.o(x$fpl$dfix)
    __aeabi_d2uiz                            0x0800e009   Thumb Code     0  dfixu.o(x$fpl$dfixu)
    _dfixu                                   0x0800e009   Thumb Code    90  dfixu.o(x$fpl$dfixu)
    __aeabi_ui2d                             0x0800e063   Thumb Code     0  dflt_clz.o(x$fpl$dfltu)
    _dfltu                                   0x0800e063   Thumb Code    38  dflt_clz.o(x$fpl$dfltu)
    __aeabi_cdcmple                          0x0800e089   Thumb Code     0  dleqf.o(x$fpl$dleqf)
    _dcmple                                  0x0800e089   Thumb Code   120  dleqf.o(x$fpl$dleqf)
    __fpl_dcmple_InfNaN                      0x0800e0eb   Thumb Code     0  dleqf.o(x$fpl$dleqf)
    __aeabi_dmul                             0x0800e101   Thumb Code     0  dmul.o(x$fpl$dmul)
    _dmul                                    0x0800e101   Thumb Code   332  dmul.o(x$fpl$dmul)
    __fpl_dnaninf                            0x0800e255   Thumb Code   156  dnaninf.o(x$fpl$dnaninf)
    __fpl_dretinf                            0x0800e2f1   Thumb Code    12  dretinf.o(x$fpl$dretinf)
    __aeabi_cdrcmple                         0x0800e2fd   Thumb Code     0  drleqf.o(x$fpl$drleqf)
    _drcmple                                 0x0800e2fd   Thumb Code   108  drleqf.o(x$fpl$drleqf)
    __aeabi_fadd                             0x0800e369   Thumb Code     0  faddsub_clz.o(x$fpl$fadd)
    _fadd                                    0x0800e369   Thumb Code   196  faddsub_clz.o(x$fpl$fadd)
    __aeabi_fdiv                             0x0800e42d   Thumb Code     0  fdiv.o(x$fpl$fdiv)
    _fdiv                                    0x0800e42d   Thumb Code   384  fdiv.o(x$fpl$fdiv)
    __aeabi_f2uiz                            0x0800e5b1   Thumb Code     0  ffixu.o(x$fpl$ffixu)
    _ffixu                                   0x0800e5b1   Thumb Code    62  ffixu.o(x$fpl$ffixu)
    __aeabi_fmul                             0x0800e5f1   Thumb Code     0  fmul.o(x$fpl$fmul)
    _fmul                                    0x0800e5f1   Thumb Code   258  fmul.o(x$fpl$fmul)
    __fpl_fnaninf                            0x0800e6f3   Thumb Code   140  fnaninf.o(x$fpl$fnaninf)
    __fpl_fretinf                            0x0800e77f   Thumb Code    10  fretinf.o(x$fpl$fretinf)
    __aeabi_fsub                             0x0800e789   Thumb Code     0  faddsub_clz.o(x$fpl$fsub)
    _fsub                                    0x0800e789   Thumb Code   234  faddsub_clz.o(x$fpl$fsub)
    __ieee_status                            0x0800e873   Thumb Code     6  istatus.o(x$fpl$ieeestatus)
    _printf_fp_dec                           0x0800e879   Thumb Code     4  printf1.o(x$fpl$printf1)
    _printf_fp_hex                           0x0800e87d   Thumb Code     4  printf2.o(x$fpl$printf2)
    __fpl_return_NaN                         0x0800e881   Thumb Code   100  retnan.o(x$fpl$retnan)
    __ARM_scalbn                             0x0800e8e5   Thumb Code    92  scalbn.o(x$fpl$scalbn)
    _scanf_real                              0x0800e941   Thumb Code     4  scanf1.o(x$fpl$scanf1)
    _scanf_hex_real                          0x0800e945   Thumb Code     4  scanf2.o(x$fpl$scanf2)
    _scanf_infnan                            0x0800e949   Thumb Code     4  scanf2.o(x$fpl$scanf2)
    __fpl_cmpreturn                          0x0800e94d   Thumb Code    48  trapv.o(x$fpl$trapveneer)
    __I$use$fp                               0x0800e97c   Number         0  usenofp.o(x$fpl$usenofp)
    devPubTopic                              0x0800e97c   Data          28  main.o(.constdata)
    AHBPrescTable                            0x0800e998   Data          16  system_stm32f1xx.o(.constdata)
    APBPrescTable                            0x0800e9a8   Data           8  system_stm32f1xx.o(.constdata)
    asc2_1206                                0x0800e9b0   Data        1140  lcd.o(.constdata)
    asc2_1608                                0x0800ee24   Data        1520  lcd.o(.constdata)
    asc2_2412                                0x0800f414   Data        3420  lcd.o(.constdata)
    asc2_3216                                0x08010170   Data        6080  lcd.o(.constdata)
    Clock                                    0x08011930   Data        2048  lcd.o(.constdata)
    Mode                                     0x08012130   Data        2048  lcd.o(.constdata)
    Setting                                  0x08012930   Data        2048  lcd.o(.constdata)
    Music                                    0x08013130   Data        2048  lcd.o(.constdata)
    Control                                  0x08013930   Data        2048  lcd.o(.constdata)
    envir_data                               0x08014130   Data        2048  lcd.o(.constdata)
    wifi                                     0x08014930   Data          72  lcd.o(.constdata)
    wifi2                                    0x08014978   Data          32  lcd.o(.constdata)
    left                                     0x08014998   Data         288  lcd.o(.constdata)
    right                                    0x08014ab8   Data         288  lcd.o(.constdata)
    In                                       0x08014bd8   Data         288  lcd.o(.constdata)
    Back                                     0x08014cf8   Data         288  lcd.o(.constdata)
    Add                                      0x08014e18   Data          72  lcd.o(.constdata)
    Sub                                      0x08014e60   Data          72  lcd.o(.constdata)
    Add_Sub                                  0x08014ea8   Data         117  lcd.o(.constdata)
    On_Off                                   0x08014f1d   Data         128  lcd.o(.constdata)
    Music_Play                               0x08014f9d   Data         480  lcd.o(.constdata)
    Music_Stop                               0x0801517d   Data         480  lcd.o(.constdata)
    Music_End                                0x0801535d   Data         288  lcd.o(.constdata)
    Voice_Add                                0x0801547d   Data         128  lcd.o(.constdata)
    Voice_Sub                                0x080154fd   Data         128  lcd.o(.constdata)
    Next_File                                0x0801557d   Data         288  lcd.o(.constdata)
    Last_File                                0x0801569d   Data         288  lcd.o(.constdata)
    Cloud_Music                              0x080157bd   Data        2048  lcd.o(.constdata)
    CD                                       0x08015fbd   Data        2048  lcd.o(.constdata)
    AQ                                       0x080167bd   Data         128  lcd.o(.constdata)
    Weather                                  0x0801683d   Data        2048  lcd.o(.constdata)
    Light_bmp                                0x0801703d   Data         128  lcd.o(.constdata)
    Humi_bmp                                 0x080170bd   Data         128  lcd.o(.constdata)
    Temp_bmp                                 0x0801713d   Data         128  lcd.o(.constdata)
    Clock_Add                                0x080171bd   Data          96  lcd.o(.constdata)
    Clock_Sub                                0x0801721d   Data          96  lcd.o(.constdata)
    Clock_Open                               0x0801727d   Data         288  lcd.o(.constdata)
    Clock_Close                              0x0801739d   Data         288  lcd.o(.constdata)
    Add2                                     0x080174bd   Data         288  lcd.o(.constdata)
    Sub2                                     0x080175dd   Data         288  lcd.o(.constdata)
    sunny_bmp                                0x080176fd   Data         512  lcd.o(.constdata)
    overcast_bmp                             0x080178fd   Data         512  lcd.o(.constdata)
    cloudy_bmp                               0x08017afd   Data         512  lcd.o(.constdata)
    Light_rain_bmp                           0x08017cfd   Data         512  lcd.o(.constdata)
    Moderate_rain_bmp                        0x08017efd   Data         512  lcd.o(.constdata)
    Heavy_rain_bmp                           0x080180fd   Data         512  lcd.o(.constdata)
    shower_bmp                               0x080182fd   Data         512  lcd.o(.constdata)
    Thunder_shower_bmp                       0x080184fd   Data         512  lcd.o(.constdata)
    Torrential_rain_bmp                      0x080186fd   Data         512  lcd.o(.constdata)
    skyman                                   0x080188fd   Data       85728  lcd.o(.constdata)
    GT9XXX_TPX_TBL                           0x0802d7de   Data          20  gt9xxx.o(.constdata)
    Region$$Table$$Base                      0x0802d950   Number         0  anon$$obj.o(Region$$Table)
    Region$$Table$$Limit                     0x0802d970   Number         0  anon$$obj.o(Region$$Table)
    __aeabi_HUGE_VAL                         0x0802d970   Data           0  fpconst.o(c$$dinf)
    __aeabi_HUGE_VALL                        0x0802d970   Data           0  fpconst.o(c$$dinf)
    __aeabi_INFINITY                         0x0802d970   Data           0  fpconst.o(c$$dinf)
    __dInf                                   0x0802d970   Data           0  fpconst.o(c$$dinf)
    __huge_val                               0x0802d970   Data           0  fpconst.o(c$$dinf)
    __dbl_max                                0x0802d978   Data           0  fpconst.o(c$$dmax)
    __ctype                                  0x0802d98d   Data           0  lc_ctype_c.o(locale$$data)
    alarm_flag                               0x20000000   Data           1  main.o(.data)
    alarm_is_free                            0x20000001   Data           1  main.o(.data)
    Temperature                              0x20000002   Data           1  main.o(.data)
    Humidity                                 0x20000003   Data           1  main.o(.data)
    Light                                    0x20000004   Data           1  main.o(.data)
    AirQuality                               0x20000005   Data           1  main.o(.data)
    TemperatureMax                           0x20000006   Data           1  main.o(.data)
    HumidityMax                              0x20000007   Data           1  main.o(.data)
    LightMax                                 0x20000008   Data           1  main.o(.data)
    AirQualityMin                            0x20000009   Data           1  main.o(.data)
    Lcd_Page                                 0x2000000a   Data           1  main.o(.data)
    changeflag                               0x2000000b   Data           1  main.o(.data)
    Curtain_Status                           0x2000000c   Data           1  main.o(.data)
    lastmove                                 0x2000000d   Data           1  main.o(.data)
    pulse                                    0x20000010   Data           4  main.o(.data)
    Windows_Status                           0x20000014   Data           1  main.o(.data)
    HomeMode                                 0x20000015   Data           1  main.o(.data)
    LED1_Status                              0x20000016   Data           1  main.o(.data)
    BEEP1_Status                             0x20000017   Data           1  main.o(.data)
    weekdays                                 0x20000018   Data          28  main.o(.data)
    devSubTopic                              0x20000034   Data           4  main.o(.data)
    SystemCoreClock                          0x20000038   Data           4  system_stm32f1xx.o(.data)
    uwTick                                   0x20000040   Data           4  stm32f1xx_hal.o(.data)
    uwTickPrio                               0x20000044   Data           4  stm32f1xx_hal.o(.data)
    uwTickFreq                               0x20000048   Data           1  stm32f1xx_hal.o(.data)
    g_point_color                            0x2000004c   Data           4  lcd.o(.data)
    g_back_color                             0x20000050   Data           4  lcd.o(.data)
    esp8266_cnt                              0x20000054   Data           2  esp8266.o(.data)
    esp8266_cntPre                           0x20000056   Data           2  esp8266.o(.data)
    g_gt_tnum                                0x20000078   Data           1  gt9xxx.o(.data)
    tp_dev                                   0x2000007c   Data          72  touch.o(.data)
    g_adc_dma_buf                            0x200000c8   Data         100  main.o(.bss)
    PUB_BUF                                  0x2000012c   Data         256  main.o(.bss)
    g_sram_handle                            0x2000022c   Data          72  lcd.o(.bss)
    lcddev                                   0x20000274   Data          14  lcd.o(.bss)
    g_dma_nch_handle                         0x20000284   Data          68  my_adc.o(.bss)
    g_adc_nch_handle                         0x200002c8   Data          48  my_adc.o(.bss)
    g_timx_handle                            0x200002f8   Data          72  btim.o(.bss)
    g_tim2_gpio_init_struct                  0x20000340   Data          16  gtim.o(.bss)
    g_tim2_init_handle                       0x20000350   Data          72  gtim.o(.bss)
    g_tim2_oc_init_handle                    0x20000398   Data          28  gtim.o(.bss)
    g_tim5_gpio_init_struct                  0x200003b4   Data          16  gtim.o(.bss)
    g_tim5_init_handle                       0x200003c4   Data          72  gtim.o(.bss)
    g_tim5_oc_init_handle                    0x2000040c   Data          28  gtim.o(.bss)
    usartInitStruct1                         0x20000428   Data          64  usart.o(.bss)
    usartInitStruct2                         0x20000468   Data          64  usart.o(.bss)
    esp8266_buf                              0x200004a8   Data         128  esp8266.o(.bss)
    g_tim_handle                             0x20000528   Data          72  stepping_motor.o(.bss)
    g_rtc_handle                             0x20000570   Data          20  rtc.o(.bss)
    calendar                                 0x20000584   Data          10  rtc.o(.bss)
    __libspace_start                         0x20000590   Data          96  libspace.o(.bss)
    __temporary_stack_top$libspace           0x200005f0   Data           0  libspace.o(.bss)



==============================================================================

Memory Map of the image

  Image Entry point : 0x08000131

  Load Region LR_IROM1 (Base: 0x08000000, Size: 0x0002db74, Max: 0x00080000, ABSOLUTE)

    Execution Region ER_IROM1 (Exec base: 0x08000000, Load base: 0x08000000, Size: 0x0002daac, Max: 0x00080000, ABSOLUTE)

    Exec Addr    Load Addr    Size         Type   Attr      Idx    E Section Name        Object

    0x08000000   0x08000000   0x00000130   Data   RO            3    RESET               startup_stm32f103xe.o
    0x08000130   0x08000130   0x00000008   Code   RO         6375  * !!!main             c_w.l(__main.o)
    0x08000138   0x08000138   0x00000034   Code   RO         6841    !!!scatter          c_w.l(__scatter.o)
    0x0800016c   0x0800016c   0x0000001a   Code   RO         6843    !!handler_copy      c_w.l(__scatter_copy.o)
    0x08000186   0x08000186   0x00000002   PAD
    0x08000188   0x08000188   0x0000001c   Code   RO         6845    !!handler_zi        c_w.l(__scatter_zi.o)
    0x080001a4   0x080001a4   0x00000000   Code   RO         6346    .ARM.Collect$$_printf_percent$$00000000  c_w.l(_printf_percent.o)
    0x080001a4   0x080001a4   0x00000006   Code   RO         6498    .ARM.Collect$$_printf_percent$$00000001  c_w.l(_printf_n.o)
    0x080001aa   0x080001aa   0x00000006   Code   RO         6499    .ARM.Collect$$_printf_percent$$00000002  c_w.l(_printf_p.o)
    0x080001b0   0x080001b0   0x00000006   Code   RO         6502    .ARM.Collect$$_printf_percent$$00000003  c_w.l(_printf_f.o)
    0x080001b6   0x080001b6   0x00000006   Code   RO         6503    .ARM.Collect$$_printf_percent$$00000004  c_w.l(_printf_e.o)
    0x080001bc   0x080001bc   0x00000006   Code   RO         6345    .ARM.Collect$$_printf_percent$$00000005  c_w.l(_printf_g.o)
    0x080001c2   0x080001c2   0x00000006   Code   RO         6504    .ARM.Collect$$_printf_percent$$00000006  c_w.l(_printf_a.o)
    0x080001c8   0x080001c8   0x0000000a   Code   RO         6509    .ARM.Collect$$_printf_percent$$00000007  c_w.l(_printf_ll.o)
    0x080001d2   0x080001d2   0x00000006   Code   RO         6343    .ARM.Collect$$_printf_percent$$00000008  c_w.l(_printf_i.o)
    0x080001d8   0x080001d8   0x00000006   Code   RO         6344    .ARM.Collect$$_printf_percent$$00000009  c_w.l(_printf_d.o)
    0x080001de   0x080001de   0x00000006   Code   RO         6501    .ARM.Collect$$_printf_percent$$0000000A  c_w.l(_printf_u.o)
    0x080001e4   0x080001e4   0x00000006   Code   RO         6500    .ARM.Collect$$_printf_percent$$0000000B  c_w.l(_printf_o.o)
    0x080001ea   0x080001ea   0x00000006   Code   RO         6342    .ARM.Collect$$_printf_percent$$0000000C  c_w.l(_printf_x.o)
    0x080001f0   0x080001f0   0x00000006   Code   RO         6506    .ARM.Collect$$_printf_percent$$0000000D  c_w.l(_printf_lli.o)
    0x080001f6   0x080001f6   0x00000006   Code   RO         6507    .ARM.Collect$$_printf_percent$$0000000E  c_w.l(_printf_lld.o)
    0x080001fc   0x080001fc   0x00000006   Code   RO         6508    .ARM.Collect$$_printf_percent$$0000000F  c_w.l(_printf_llu.o)
    0x08000202   0x08000202   0x00000006   Code   RO         6513    .ARM.Collect$$_printf_percent$$00000010  c_w.l(_printf_llo.o)
    0x08000208   0x08000208   0x00000006   Code   RO         6514    .ARM.Collect$$_printf_percent$$00000011  c_w.l(_printf_llx.o)
    0x0800020e   0x0800020e   0x0000000a   Code   RO         6510    .ARM.Collect$$_printf_percent$$00000012  c_w.l(_printf_l.o)
    0x08000218   0x08000218   0x00000006   Code   RO         6497    .ARM.Collect$$_printf_percent$$00000013  c_w.l(_printf_c.o)
    0x0800021e   0x0800021e   0x00000006   Code   RO         6341    .ARM.Collect$$_printf_percent$$00000014  c_w.l(_printf_s.o)
    0x08000224   0x08000224   0x00000006   Code   RO         6511    .ARM.Collect$$_printf_percent$$00000015  c_w.l(_printf_lc.o)
    0x0800022a   0x0800022a   0x00000006   Code   RO         6512    .ARM.Collect$$_printf_percent$$00000016  c_w.l(_printf_ls.o)
    0x08000230   0x08000230   0x00000004   Code   RO         6505    .ARM.Collect$$_printf_percent$$00000017  c_w.l(_printf_percent_end.o)
    0x08000234   0x08000234   0x00000002   Code   RO         6735    .ARM.Collect$$libinit$$00000000  c_w.l(libinit.o)
    0x08000236   0x08000236   0x00000000   Code   RO         6528    .ARM.Collect$$libinit$$00000002  c_w.l(libinit2.o)
    0x08000236   0x08000236   0x00000000   Code   RO         6530    .ARM.Collect$$libinit$$00000004  c_w.l(libinit2.o)
    0x08000236   0x08000236   0x00000008   Code   RO         6531    .ARM.Collect$$libinit$$00000005  c_w.l(libinit2.o)
    0x0800023e   0x0800023e   0x00000000   Code   RO         6533    .ARM.Collect$$libinit$$0000000A  c_w.l(libinit2.o)
    0x0800023e   0x0800023e   0x00000000   Code   RO         6535    .ARM.Collect$$libinit$$0000000C  c_w.l(libinit2.o)
    0x0800023e   0x0800023e   0x00000000   Code   RO         6537    .ARM.Collect$$libinit$$0000000E  c_w.l(libinit2.o)
    0x0800023e   0x0800023e   0x00000006   Code   RO         6538    .ARM.Collect$$libinit$$0000000F  c_w.l(libinit2.o)
    0x08000244   0x08000244   0x00000000   Code   RO         6540    .ARM.Collect$$libinit$$00000011  c_w.l(libinit2.o)
    0x08000244   0x08000244   0x0000000c   Code   RO         6541    .ARM.Collect$$libinit$$00000012  c_w.l(libinit2.o)
    0x08000250   0x08000250   0x00000000   Code   RO         6542    .ARM.Collect$$libinit$$00000013  c_w.l(libinit2.o)
    0x08000250   0x08000250   0x00000000   Code   RO         6544    .ARM.Collect$$libinit$$00000015  c_w.l(libinit2.o)
    0x08000250   0x08000250   0x0000000a   Code   RO         6545    .ARM.Collect$$libinit$$00000016  c_w.l(libinit2.o)
    0x0800025a   0x0800025a   0x00000000   Code   RO         6546    .ARM.Collect$$libinit$$00000017  c_w.l(libinit2.o)
    0x0800025a   0x0800025a   0x00000000   Code   RO         6548    .ARM.Collect$$libinit$$00000019  c_w.l(libinit2.o)
    0x0800025a   0x0800025a   0x00000000   Code   RO         6550    .ARM.Collect$$libinit$$0000001B  c_w.l(libinit2.o)
    0x0800025a   0x0800025a   0x00000000   Code   RO         6552    .ARM.Collect$$libinit$$0000001D  c_w.l(libinit2.o)
    0x0800025a   0x0800025a   0x00000000   Code   RO         6554    .ARM.Collect$$libinit$$0000001F  c_w.l(libinit2.o)
    0x0800025a   0x0800025a   0x00000000   Code   RO         6556    .ARM.Collect$$libinit$$00000021  c_w.l(libinit2.o)
    0x0800025a   0x0800025a   0x00000000   Code   RO         6558    .ARM.Collect$$libinit$$00000023  c_w.l(libinit2.o)
    0x0800025a   0x0800025a   0x00000000   Code   RO         6560    .ARM.Collect$$libinit$$00000025  c_w.l(libinit2.o)
    0x0800025a   0x0800025a   0x00000000   Code   RO         6564    .ARM.Collect$$libinit$$0000002C  c_w.l(libinit2.o)
    0x0800025a   0x0800025a   0x00000000   Code   RO         6566    .ARM.Collect$$libinit$$0000002E  c_w.l(libinit2.o)
    0x0800025a   0x0800025a   0x00000000   Code   RO         6568    .ARM.Collect$$libinit$$00000030  c_w.l(libinit2.o)
    0x0800025a   0x0800025a   0x00000000   Code   RO         6570    .ARM.Collect$$libinit$$00000032  c_w.l(libinit2.o)
    0x0800025a   0x0800025a   0x00000002   Code   RO         6571    .ARM.Collect$$libinit$$00000033  c_w.l(libinit2.o)
    0x0800025c   0x0800025c   0x00000002   Code   RO         6834    .ARM.Collect$$libshutdown$$00000000  c_w.l(libshutdown.o)
    0x0800025e   0x0800025e   0x00000000   Code   RO         6757    .ARM.Collect$$libshutdown$$00000002  c_w.l(libshutdown2.o)
    0x0800025e   0x0800025e   0x00000000   Code   RO         6759    .ARM.Collect$$libshutdown$$00000004  c_w.l(libshutdown2.o)
    0x0800025e   0x0800025e   0x00000000   Code   RO         6761    .ARM.Collect$$libshutdown$$00000006  c_w.l(libshutdown2.o)
    0x0800025e   0x0800025e   0x00000000   Code   RO         6764    .ARM.Collect$$libshutdown$$00000009  c_w.l(libshutdown2.o)
    0x0800025e   0x0800025e   0x00000000   Code   RO         6767    .ARM.Collect$$libshutdown$$0000000C  c_w.l(libshutdown2.o)
    0x0800025e   0x0800025e   0x00000000   Code   RO         6769    .ARM.Collect$$libshutdown$$0000000E  c_w.l(libshutdown2.o)
    0x0800025e   0x0800025e   0x00000000   Code   RO         6772    .ARM.Collect$$libshutdown$$00000011  c_w.l(libshutdown2.o)
    0x0800025e   0x0800025e   0x00000002   Code   RO         6773    .ARM.Collect$$libshutdown$$00000012  c_w.l(libshutdown2.o)
    0x08000260   0x08000260   0x00000000   Code   RO         6437    .ARM.Collect$$rtentry$$00000000  c_w.l(__rtentry.o)
    0x08000260   0x08000260   0x00000000   Code   RO         6595    .ARM.Collect$$rtentry$$00000002  c_w.l(__rtentry2.o)
    0x08000260   0x08000260   0x00000006   Code   RO         6607    .ARM.Collect$$rtentry$$00000004  c_w.l(__rtentry4.o)
    0x08000266   0x08000266   0x00000000   Code   RO         6597    .ARM.Collect$$rtentry$$00000009  c_w.l(__rtentry2.o)
    0x08000266   0x08000266   0x00000004   Code   RO         6598    .ARM.Collect$$rtentry$$0000000A  c_w.l(__rtentry2.o)
    0x0800026a   0x0800026a   0x00000000   Code   RO         6600    .ARM.Collect$$rtentry$$0000000C  c_w.l(__rtentry2.o)
    0x0800026a   0x0800026a   0x00000008   Code   RO         6601    .ARM.Collect$$rtentry$$0000000D  c_w.l(__rtentry2.o)
    0x08000272   0x08000272   0x00000002   Code   RO         6744    .ARM.Collect$$rtexit$$00000000  c_w.l(rtexit.o)
    0x08000274   0x08000274   0x00000000   Code   RO         6791    .ARM.Collect$$rtexit$$00000002  c_w.l(rtexit2.o)
    0x08000274   0x08000274   0x00000004   Code   RO         6792    .ARM.Collect$$rtexit$$00000003  c_w.l(rtexit2.o)
    0x08000278   0x08000278   0x00000006   Code   RO         6793    .ARM.Collect$$rtexit$$00000004  c_w.l(rtexit2.o)
    0x0800027e   0x0800027e   0x00000002   PAD
    0x08000280   0x08000280   0x00000000   Code   RO         6616    .emb_text           c_w.l(maybetermalloc1.o)
    0x08000280   0x08000280   0x00000040   Code   RO            4    .text               startup_stm32f103xe.o
    0x080002c0   0x080002c0   0x0000005e   Code   RO         6222    .text               c_w.l(h1_alloc.o)
    0x0800031e   0x0800031e   0x0000004e   Code   RO         6224    .text               c_w.l(h1_free.o)
    0x0800036c   0x0800036c   0x000000b8   Code   RO         6226    .text               c_w.l(h1_realloc.o)
    0x08000424   0x08000424   0x0000001a   Code   RO         6284    .text               c_w.l(tolower.o)
    0x0800043e   0x0800043e   0x00000002   PAD
    0x08000440   0x08000440   0x00000034   Code   RO         6286    .text               c_w.l(vsnprintf.o)
    0x08000474   0x08000474   0x0000002c   Code   RO         6288    .text               c_w.l(__2sprintf.o)
    0x080004a0   0x080004a0   0x0000004e   Code   RO         6294    .text               c_w.l(_printf_pad.o)
    0x080004ee   0x080004ee   0x00000052   Code   RO         6296    .text               c_w.l(_printf_str.o)
    0x08000540   0x08000540   0x00000078   Code   RO         6298    .text               c_w.l(_printf_dec.o)
    0x080005b8   0x080005b8   0x00000094   Code   RO         6318    .text               c_w.l(_printf_hex_int_ll_ptr.o)
    0x0800064c   0x0800064c   0x00000188   Code   RO         6338    .text               c_w.l(__printf_flags_ss_wp.o)
    0x080007d4   0x080007d4   0x0000001a   Code   RO         6349    .text               c_w.l(atoi.o)
    0x080007ee   0x080007ee   0x00000014   Code   RO         6351    .text               c_w.l(strchr.o)
    0x08000802   0x08000802   0x00000024   Code   RO         6353    .text               c_w.l(strncat.o)
    0x08000826   0x08000826   0x00000024   Code   RO         6355    .text               c_w.l(strstr.o)
    0x0800084a   0x0800084a   0x0000003e   Code   RO         6359    .text               c_w.l(strlen.o)
    0x08000888   0x08000888   0x00000096   Code   RO         6361    .text               c_w.l(strncmp.o)
    0x0800091e   0x0800091e   0x0000008a   Code   RO         6363    .text               c_w.l(rt_memcpy_v6.o)
    0x080009a8   0x080009a8   0x00000064   Code   RO         6365    .text               c_w.l(rt_memcpy_w.o)
    0x08000a0c   0x08000a0c   0x00000044   Code   RO         6367    .text               c_w.l(rt_memclr.o)
    0x08000a50   0x08000a50   0x0000004e   Code   RO         6369    .text               c_w.l(rt_memclr_w.o)
    0x08000a9e   0x08000a9e   0x00000002   PAD
    0x08000aa0   0x08000aa0   0x00000080   Code   RO         6371    .text               c_w.l(strcmpv7m.o)
    0x08000b20   0x08000b20   0x00000006   Code   RO         6373    .text               c_w.l(heapauxi.o)
    0x08000b26   0x08000b26   0x00000002   PAD
    0x08000b28   0x08000b28   0x00000010   Code   RO         6438    .text               c_w.l(rt_ctype_table.o)
    0x08000b38   0x08000b38   0x00000008   Code   RO         6443    .text               c_w.l(rt_heap_descriptor_intlibspace.o)
    0x08000b40   0x08000b40   0x00000008   Code   RO         6448    .text               c_w.l(rt_errno_addr_intlibspace.o)
    0x08000b48   0x08000b48   0x00000004   Code   RO         6450    .text               c_w.l(hguard.o)
    0x08000b4c   0x08000b4c   0x0000008a   Code   RO         6452    .text               c_w.l(init_alloc.o)
    0x08000bd6   0x08000bd6   0x0000000e   Code   RO         6456    .text               c_w.l(h1_init.o)
    0x08000be4   0x08000be4   0x00000024   Code   RO         6470    .text               c_w.l(_printf_truncate.o)
    0x08000c08   0x08000c08   0x000000b2   Code   RO         6472    .text               c_w.l(_printf_intcommon.o)
    0x08000cba   0x08000cba   0x00000028   Code   RO         6474    .text               c_w.l(_printf_charcount.o)
    0x08000ce2   0x08000ce2   0x0000041e   Code   RO         6476    .text               c_w.l(_printf_fp_dec.o)
    0x08001100   0x08001100   0x00000030   Code   RO         6478    .text               c_w.l(_printf_char_common.o)
    0x08001130   0x08001130   0x0000000a   Code   RO         6480    .text               c_w.l(_sputc.o)
    0x0800113a   0x0800113a   0x00000010   Code   RO         6482    .text               c_w.l(_snputc.o)
    0x0800114a   0x0800114a   0x0000002c   Code   RO         6484    .text               c_w.l(_printf_char.o)
    0x08001176   0x08001176   0x00000002   PAD
    0x08001178   0x08001178   0x000000bc   Code   RO         6486    .text               c_w.l(_printf_wctomb.o)
    0x08001234   0x08001234   0x0000007c   Code   RO         6489    .text               c_w.l(_printf_longlong_dec.o)
    0x080012b0   0x080012b0   0x00000070   Code   RO         6495    .text               c_w.l(_printf_oct_int_ll.o)
    0x08001320   0x08001320   0x000004f8   Code   RO         6515    .text               c_w.l(scanf_fp.o)
    0x08001818   0x08001818   0x00000040   Code   RO         6519    .text               c_w.l(_sgetc.o)
    0x08001858   0x08001858   0x000000a4   Code   RO         6521    .text               c_w.l(strtod.o)
    0x080018fc   0x080018fc   0x00000070   Code   RO         6523    .text               c_w.l(strtol.o)
    0x0800196c   0x0800196c   0x00000008   Code   RO         6591    .text               c_w.l(libspace.o)
    0x08001974   0x08001974   0x00000008   Code   RO         6612    .text               c_w.l(rt_locale_intlibspace.o)
    0x0800197c   0x0800197c   0x00000034   Code   RO         6618    .text               c_w.l(h1_extend.o)
    0x080019b0   0x080019b0   0x0000008a   Code   RO         6622    .text               c_w.l(lludiv10.o)
    0x08001a3a   0x08001a3a   0x00000012   Code   RO         6624    .text               c_w.l(isspace.o)
    0x08001a4c   0x08001a4c   0x000002fc   Code   RO         6626    .text               c_w.l(_printf_fp_hex.o)
    0x08001d48   0x08001d48   0x00000080   Code   RO         6629    .text               c_w.l(_printf_fp_infnan.o)
    0x08001dc8   0x08001dc8   0x0000002c   Code   RO         6633    .text               c_w.l(_printf_wchar.o)
    0x08001df4   0x08001df4   0x0000009e   Code   RO         6637    .text               c_w.l(_strtoul.o)
    0x08001e92   0x08001e92   0x00000002   PAD
    0x08001e94   0x08001e94   0x000000e4   Code   RO         6639    .text               c_w.l(bigflt0.o)
    0x08001f78   0x08001f78   0x00000040   Code   RO         6664    .text               c_w.l(_wcrtomb.o)
    0x08001fb8   0x08001fb8   0x0000000e   Code   RO         6672    .text               c_w.l(defsig_rtmem_outer.o)
    0x08001fc6   0x08001fc6   0x00000002   Code   RO         6703    .text               c_w.l(use_no_semi.o)
    0x08001fc8   0x08001fc8   0x00000000   Code   RO         6705    .text               c_w.l(indicate_semi.o)
    0x08001fc8   0x08001fc8   0x0000004a   Code   RO         6706    .text               c_w.l(sys_stackheap_outer.o)
    0x08002012   0x08002012   0x00000016   Code   RO         6712    .text               c_w.l(_rserrno.o)
    0x08002028   0x08002028   0x0000001c   Code   RO         6714    .text               c_w.l(_chval.o)
    0x08002044   0x08002044   0x00000320   Code   RO         6716    .text               c_w.l(scanf_hexfp.o)
    0x08002364   0x08002364   0x00000134   Code   RO         6718    .text               c_w.l(scanf_infnan.o)
    0x08002498   0x08002498   0x00000012   Code   RO         6720    .text               c_w.l(exit.o)
    0x080024aa   0x080024aa   0x0000000a   Code   RO         6722    .text               c_w.l(defsig_exit.o)
    0x080024b4   0x080024b4   0x00000050   Code   RO         6724    .text               c_w.l(defsig_rtmem_inner.o)
    0x08002504   0x08002504   0x0000000c   Code   RO         6742    .text               c_w.l(sys_exit.o)
    0x08002510   0x08002510   0x00000026   Code   RO         6750    .text               c_w.l(llshl.o)
    0x08002536   0x08002536   0x00000032   Code   RO         6754    .text               c_w.l(defsig_general.o)
    0x08002568   0x08002568   0x0000000e   Code   RO         6788    .text               c_w.l(sys_wrch.o)
    0x08002576   0x08002576   0x0000003e   Code   RO         6642    CL$$btod_d2e        c_w.l(btod.o)
    0x080025b4   0x080025b4   0x00000046   Code   RO         6644    CL$$btod_d2e_denorm_low  c_w.l(btod.o)
    0x080025fa   0x080025fa   0x00000060   Code   RO         6643    CL$$btod_d2e_norm_op1  c_w.l(btod.o)
    0x0800265a   0x0800265a   0x00000338   Code   RO         6652    CL$$btod_div_common  c_w.l(btod.o)
    0x08002992   0x08002992   0x00000002   PAD
    0x08002994   0x08002994   0x00000084   Code   RO         6650    CL$$btod_e2d        c_w.l(btod.o)
    0x08002a18   0x08002a18   0x000000dc   Code   RO         6649    CL$$btod_e2e        c_w.l(btod.o)
    0x08002af4   0x08002af4   0x0000002a   Code   RO         6646    CL$$btod_ediv       c_w.l(btod.o)
    0x08002b1e   0x08002b1e   0x0000002a   Code   RO         6648    CL$$btod_edivd      c_w.l(btod.o)
    0x08002b48   0x08002b48   0x0000002a   Code   RO         6645    CL$$btod_emul       c_w.l(btod.o)
    0x08002b72   0x08002b72   0x0000002a   Code   RO         6647    CL$$btod_emuld      c_w.l(btod.o)
    0x08002b9c   0x08002b9c   0x00000244   Code   RO         6651    CL$$btod_mult_common  c_w.l(btod.o)
    0x08002de0   0x08002de0   0x00000052   Code   RO         3255    i.ADC_ConversionStop_Disable  stm32f1xx_hal_adc.o
    0x08002e32   0x08002e32   0x00000052   Code   RO         3256    i.ADC_DMAConvCplt   stm32f1xx_hal_adc.o
    0x08002e84   0x08002e84   0x0000001e   Code   RO         3257    i.ADC_DMAError      stm32f1xx_hal_adc.o
    0x08002ea2   0x08002ea2   0x0000000e   Code   RO         3258    i.ADC_DMAHalfConvCplt  stm32f1xx_hal_adc.o
    0x08002eb0   0x08002eb0   0x00000084   Code   RO         3259    i.ADC_Enable        stm32f1xx_hal_adc.o
    0x08002f34   0x08002f34   0x00000004   Code   RO          332    i.BusFault_Handler  stm32f1xx_it.o
    0x08002f38   0x08002f38   0x0000002c   Code   RO          948    i.DMA_SetConfig     stm32f1xx_hal_dma.o
    0x08002f64   0x08002f64   0x00000002   Code   RO          333    i.DebugMon_Handler  stm32f1xx_it.o
    0x08002f66   0x08002f66   0x00000002   PAD
    0x08002f68   0x08002f68   0x0000001c   Code   RO         5011    i.ESP8266_Clear     esp8266.o
    0x08002f84   0x08002f84   0x00000050   Code   RO         5012    i.ESP8266_GetIPD    esp8266.o
    0x08002fd4   0x08002fd4   0x00000238   Code   RO         5013    i.ESP8266_Init      esp8266.o
    0x0800320c   0x0800320c   0x00000054   Code   RO         5014    i.ESP8266_SendCmd   esp8266.o
    0x08003260   0x08003260   0x00000048   Code   RO         5015    i.ESP8266_SendData  esp8266.o
    0x080032a8   0x080032a8   0x00000034   Code   RO         5016    i.ESP8266_WaitRecive  esp8266.o
    0x080032dc   0x080032dc   0x00000014   Code   RO         4847    i.EXTI0_IRQHandler  key_exti.o
    0x080032f0   0x080032f0   0x00000014   Code   RO         4848    i.EXTI2_IRQHandler  key_exti.o
    0x08003304   0x08003304   0x00000014   Code   RO         4849    i.EXTI3_IRQHandler  key_exti.o
    0x08003318   0x08003318   0x00000014   Code   RO         4850    i.EXTI4_IRQHandler  key_exti.o
    0x0800332c   0x0800332c   0x00000044   Code   RO         2153    i.FSMC_NORSRAM_Extended_Timing_Init  stm32f1xx_ll_fsmc.o
    0x08003370   0x08003370   0x00000078   Code   RO         2154    i.FSMC_NORSRAM_Init  stm32f1xx_ll_fsmc.o
    0x080033e8   0x080033e8   0x00000042   Code   RO         2155    i.FSMC_NORSRAM_Timing_Init  stm32f1xx_ll_fsmc.o
    0x0800342a   0x0800342a   0x00000002   PAD
    0x0800342c   0x0800342c   0x00000104   Code   RO         3435    i.HAL_ADCEx_Calibration_Start  stm32f1xx_hal_adc_ex.o
    0x08003530   0x08003530   0x00000160   Code   RO         3261    i.HAL_ADC_ConfigChannel  stm32f1xx_hal_adc.o
    0x08003690   0x08003690   0x00000002   Code   RO         3262    i.HAL_ADC_ConvCpltCallback  stm32f1xx_hal_adc.o
    0x08003692   0x08003692   0x00000002   Code   RO         3263    i.HAL_ADC_ConvHalfCpltCallback  stm32f1xx_hal_adc.o
    0x08003694   0x08003694   0x00000002   Code   RO         3265    i.HAL_ADC_ErrorCallback  stm32f1xx_hal_adc.o
    0x08003696   0x08003696   0x00000002   PAD
    0x08003698   0x08003698   0x00000160   Code   RO         3270    i.HAL_ADC_Init      stm32f1xx_hal_adc.o
    0x080037f8   0x080037f8   0x00000002   Code   RO         3273    i.HAL_ADC_MspInit   stm32f1xx_hal_adc.o
    0x080037fa   0x080037fa   0x00000002   PAD
    0x080037fc   0x080037fc   0x00000180   Code   RO         3277    i.HAL_ADC_Start_DMA  stm32f1xx_hal_adc.o
    0x0800397c   0x0800397c   0x0000008c   Code   RO          955    i.HAL_DMA_Init      stm32f1xx_hal_dma.o
    0x08003a08   0x08003a08   0x00000072   Code   RO          958    i.HAL_DMA_Start     stm32f1xx_hal_dma.o
    0x08003a7a   0x08003a7a   0x0000009c   Code   RO          959    i.HAL_DMA_Start_IT  stm32f1xx_hal_dma.o
    0x08003b16   0x08003b16   0x00000002   PAD
    0x08003b18   0x08003b18   0x0000008c   Code   RO         4851    i.HAL_GPIO_EXTI_Callback  key_exti.o
    0x08003ba4   0x08003ba4   0x0000001c   Code   RO         1045    i.HAL_GPIO_EXTI_IRQHandler  stm32f1xx_hal_gpio.o
    0x08003bc0   0x08003bc0   0x00000340   Code   RO         1046    i.HAL_GPIO_Init     stm32f1xx_hal_gpio.o
    0x08003f00   0x08003f00   0x00000010   Code   RO         1048    i.HAL_GPIO_ReadPin  stm32f1xx_hal_gpio.o
    0x08003f10   0x08003f10   0x00000014   Code   RO         1049    i.HAL_GPIO_TogglePin  stm32f1xx_hal_gpio.o
    0x08003f24   0x08003f24   0x0000000c   Code   RO         1050    i.HAL_GPIO_WritePin  stm32f1xx_hal_gpio.o
    0x08003f30   0x08003f30   0x0000000c   Code   RO          663    i.HAL_GetTick       stm32f1xx_hal.o
    0x08003f3c   0x08003f3c   0x00000018   Code   RO          669    i.HAL_IncTick       stm32f1xx_hal.o
    0x08003f54   0x08003f54   0x00000028   Code   RO          670    i.HAL_Init          stm32f1xx_hal.o
    0x08003f7c   0x08003f7c   0x0000004c   Code   RO          671    i.HAL_InitTick      stm32f1xx_hal.o
    0x08003fc8   0x08003fc8   0x00000002   Code   RO          673    i.HAL_MspInit       stm32f1xx_hal.o
    0x08003fca   0x08003fca   0x00000020   Code   RO          828    i.HAL_NVIC_EnableIRQ  stm32f1xx_hal_cortex.o
    0x08003fea   0x08003fea   0x0000007c   Code   RO          834    i.HAL_NVIC_SetPriority  stm32f1xx_hal_cortex.o
    0x08004066   0x08004066   0x00000002   PAD
    0x08004068   0x08004068   0x00000028   Code   RO          835    i.HAL_NVIC_SetPriorityGrouping  stm32f1xx_hal_cortex.o
    0x08004090   0x08004090   0x0000000c   Code   RO         1152    i.HAL_PWR_EnableBkUpAccess  stm32f1xx_hal_pwr.o
    0x0800409c   0x0800409c   0x00000134   Code   RO         1378    i.HAL_RCCEx_GetPeriphCLKFreq  stm32f1xx_hal_rcc_ex.o
    0x080041d0   0x080041d0   0x00000130   Code   RO         1379    i.HAL_RCCEx_PeriphCLKConfig  stm32f1xx_hal_rcc_ex.o
    0x08004300   0x08004300   0x0000018c   Code   RO         1271    i.HAL_RCC_ClockConfig  stm32f1xx_hal_rcc.o
    0x0800448c   0x0800448c   0x0000000c   Code   RO         1276    i.HAL_RCC_GetHCLKFreq  stm32f1xx_hal_rcc.o
    0x08004498   0x08004498   0x00000020   Code   RO         1278    i.HAL_RCC_GetPCLK1Freq  stm32f1xx_hal_rcc.o
    0x080044b8   0x080044b8   0x00000020   Code   RO         1279    i.HAL_RCC_GetPCLK2Freq  stm32f1xx_hal_rcc.o
    0x080044d8   0x080044d8   0x00000094   Code   RO         1280    i.HAL_RCC_GetSysClockFreq  stm32f1xx_hal_rcc.o
    0x0800456c   0x0800456c   0x00000464   Code   RO         1283    i.HAL_RCC_OscConfig  stm32f1xx_hal_rcc.o
    0x080049d0   0x080049d0   0x00000018   Code   RO         3934    i.HAL_RTCEx_BKUPRead  stm32f1xx_hal_rtc_ex.o
    0x080049e8   0x080049e8   0x00000018   Code   RO         3935    i.HAL_RTCEx_BKUPWrite  stm32f1xx_hal_rtc_ex.o
    0x08004a00   0x08004a00   0x000000d0   Code   RO         3767    i.HAL_RTC_Init      stm32f1xx_hal_rtc.o
    0x08004ad0   0x08004ad0   0x00000098   Code   RO         6128    i.HAL_RTC_MspInit   rtc.o
    0x08004b68   0x08004b68   0x00000040   Code   RO         3775    i.HAL_RTC_WaitForSynchro  stm32f1xx_hal_rtc.o
    0x08004ba8   0x08004ba8   0x00000066   Code   RO         2014    i.HAL_SRAM_Init     stm32f1xx_hal_sram.o
    0x08004c0e   0x08004c0e   0x00000002   PAD
    0x08004c10   0x08004c10   0x00000090   Code   RO         4060    i.HAL_SRAM_MspInit  lcd.o
    0x08004ca0   0x08004ca0   0x00000034   Code   RO          839    i.HAL_SYSTICK_Config  stm32f1xx_hal_cortex.o
    0x08004cd4   0x08004cd4   0x00000002   Code   RO         2988    i.HAL_TIMEx_BreakCallback  stm32f1xx_hal_tim_ex.o
    0x08004cd6   0x08004cd6   0x00000002   Code   RO         2989    i.HAL_TIMEx_CommutCallback  stm32f1xx_hal_tim_ex.o
    0x08004cd8   0x08004cd8   0x00000066   Code   RO         2273    i.HAL_TIM_Base_Init  stm32f1xx_hal_tim.o
    0x08004d3e   0x08004d3e   0x00000002   PAD
    0x08004d40   0x08004d40   0x00000048   Code   RO         4798    i.HAL_TIM_Base_MspInit  btim.o
    0x08004d88   0x08004d88   0x00000090   Code   RO         2278    i.HAL_TIM_Base_Start_IT  stm32f1xx_hal_tim.o
    0x08004e18   0x08004e18   0x00000002   Code   RO         2307    i.HAL_TIM_IC_CaptureCallback  stm32f1xx_hal_tim.o
    0x08004e1a   0x08004e1a   0x00000196   Code   RO         2321    i.HAL_TIM_IRQHandler  stm32f1xx_hal_tim.o
    0x08004fb0   0x08004fb0   0x00000002   Code   RO         2324    i.HAL_TIM_OC_DelayElapsedCallback  stm32f1xx_hal_tim.o
    0x08004fb2   0x08004fb2   0x000000fc   Code   RO         2345    i.HAL_TIM_PWM_ConfigChannel  stm32f1xx_hal_tim.o
    0x080050ae   0x080050ae   0x00000066   Code   RO         2348    i.HAL_TIM_PWM_Init  stm32f1xx_hal_tim.o
    0x08005114   0x08005114   0x00000002   Code   RO         2350    i.HAL_TIM_PWM_MspInit  stm32f1xx_hal_tim.o
    0x08005116   0x08005116   0x00000002   Code   RO         2351    i.HAL_TIM_PWM_PulseFinishedCallback  stm32f1xx_hal_tim.o
    0x08005118   0x08005118   0x000000f4   Code   RO         2353    i.HAL_TIM_PWM_Start  stm32f1xx_hal_tim.o
    0x0800520c   0x0800520c   0x00000040   Code   RO         4799    i.HAL_TIM_PeriodElapsedCallback  btim.o
    0x0800524c   0x0800524c   0x00000002   Code   RO         2364    i.HAL_TIM_TriggerCallback  stm32f1xx_hal_tim.o
    0x0800524e   0x0800524e   0x00000072   Code   RO         1438    i.HAL_UART_Init     stm32f1xx_hal_uart.o
    0x080052c0   0x080052c0   0x00000002   Code   RO         1440    i.HAL_UART_MspInit  stm32f1xx_hal_uart.o
    0x080052c2   0x080052c2   0x000000d2   Code   RO         1446    i.HAL_UART_Transmit  stm32f1xx_hal_uart.o
    0x08005394   0x08005394   0x00000004   Code   RO          334    i.HardFault_Handler  stm32f1xx_it.o
    0x08005398   0x08005398   0x00000810   Code   RO         4061    i.LCD_ShowPage      lcd.o
    0x08005ba8   0x08005ba8   0x00000128   Code   RO         4062    i.LCD_ShowPicture   lcd.o
    0x08005cd0   0x08005cd0   0x0000001c   Code   RO         5076    i.MQTT_DeleteBuffer  mqttkit.o
    0x08005cec   0x08005cec   0x0000002e   Code   RO         5077    i.MQTT_DumpLength   mqttkit.o
    0x08005d1a   0x08005d1a   0x00000058   Code   RO         5078    i.MQTT_NewBuffer    mqttkit.o
    0x08005d72   0x08005d72   0x00000002   PAD
    0x08005d74   0x08005d74   0x000002a0   Code   RO         5080    i.MQTT_PacketConnect  mqttkit.o
    0x08006014   0x08006014   0x000001b8   Code   RO         5083    i.MQTT_PacketPublish  mqttkit.o
    0x080061cc   0x080061cc   0x00000048   Code   RO         5085    i.MQTT_PacketPublishComp  mqttkit.o
    0x08006214   0x08006214   0x00000048   Code   RO         5087    i.MQTT_PacketPublishRel  mqttkit.o
    0x0800625c   0x0800625c   0x000000fe   Code   RO         5090    i.MQTT_PacketSubscribe  mqttkit.o
    0x0800635a   0x0800635a   0x00000046   Code   RO         5092    i.MQTT_ReadLength   mqttkit.o
    0x080063a0   0x080063a0   0x0000008c   Code   RO         5093    i.MQTT_UnPacketCmd  mqttkit.o
    0x0800642c   0x0800642c   0x0000001e   Code   RO         5094    i.MQTT_UnPacketConnectAck  mqttkit.o
    0x0800644a   0x0800644a   0x00000002   PAD
    0x0800644c   0x0800644c   0x000001c0   Code   RO         5095    i.MQTT_UnPacketPublish  mqttkit.o
    0x0800660c   0x0800660c   0x0000001e   Code   RO         5096    i.MQTT_UnPacketPublishAck  mqttkit.o
    0x0800662a   0x0800662a   0x0000001e   Code   RO         5097    i.MQTT_UnPacketPublishComp  mqttkit.o
    0x08006648   0x08006648   0x0000001e   Code   RO         5098    i.MQTT_UnPacketPublishRec  mqttkit.o
    0x08006666   0x08006666   0x00000024   Code   RO         5099    i.MQTT_UnPacketPublishRel  mqttkit.o
    0x0800668a   0x0800668a   0x00000002   PAD
    0x0800668c   0x0800668c   0x00000074   Code   RO         5100    i.MQTT_UnPacketRecv  mqttkit.o
    0x08006700   0x08006700   0x00000034   Code   RO         5101    i.MQTT_UnPacketSubscribe  mqttkit.o
    0x08006734   0x08006734   0x00000012   Code   RO         5102    i.MQTT_UnPacketUnSubscribe  mqttkit.o
    0x08006746   0x08006746   0x00000004   Code   RO          335    i.MemManage_Handler  stm32f1xx_it.o
    0x0800674a   0x0800674a   0x00000002   Code   RO          336    i.NMI_Handler       stm32f1xx_it.o
    0x0800674c   0x0800674c   0x00000240   Code   RO         5263    i.OneNet_DevLink    onenet.o
    0x0800698c   0x0800698c   0x0000007c   Code   RO         5264    i.OneNet_Publish    onenet.o
    0x08006a08   0x08006a08   0x000004b0   Code   RO         5265    i.OneNet_RevPro     onenet.o
    0x08006eb8   0x08006eb8   0x0000006c   Code   RO         5266    i.OneNet_Subscribe  onenet.o
    0x08006f24   0x08006f24   0x00000002   Code   RO          337    i.PendSV_Handler    stm32f1xx_it.o
    0x08006f26   0x08006f26   0x00000002   PAD
    0x08006f28   0x08006f28   0x00000028   Code   RO         1284    i.RCC_Delay         stm32f1xx_hal_rcc.o
    0x08006f50   0x08006f50   0x0000003a   Code   RO         3779    i.RTC_EnterInitMode  stm32f1xx_hal_rtc.o
    0x08006f8a   0x08006f8a   0x0000003a   Code   RO         3780    i.RTC_ExitInitMode  stm32f1xx_hal_rtc.o
    0x08006fc4   0x08006fc4   0x00000054   Code   RO         6129    i.RTC_IRQHandler    rtc.o
    0x08007018   0x08007018   0x00000002   Code   RO          338    i.SVC_Handler       stm32f1xx_it.o
    0x0800701a   0x0800701a   0x0000000e   Code   RO         4732    i.Servo_Init        servo.o
    0x08007028   0x08007028   0x00000040   Code   RO         4733    i.Servo_SetAngle    servo.o
    0x08007068   0x08007068   0x000001cc   Code   RO         5999    i.StepMotor_Move    stepping_motor.o
    0x08007234   0x08007234   0x00000030   Code   RO         6000    i.StepMotor_Stop    stepping_motor.o
    0x08007264   0x08007264   0x00000008   Code   RO          339    i.SysTick_Handler   stm32f1xx_it.o
    0x0800726c   0x0800726c   0x00000002   Code   RO          296    i.SystemInit        system_stm32f1xx.o
    0x0800726e   0x0800726e   0x00000002   PAD
    0x08007270   0x08007270   0x000000a0   Code   RO         6002    i.TIM1_UP_IRQHandler  stepping_motor.o
    0x08007310   0x08007310   0x00000010   Code   RO         4800    i.TIM6_IRQHandler   btim.o
    0x08007320   0x08007320   0x0000009c   Code   RO         2366    i.TIM_Base_SetConfig  stm32f1xx_hal_tim.o
    0x080073bc   0x080073bc   0x00000022   Code   RO         2367    i.TIM_CCxChannelCmd  stm32f1xx_hal_tim.o
    0x080073de   0x080073de   0x00000002   PAD
    0x080073e0   0x080073e0   0x00000070   Code   RO         2379    i.TIM_OC1_SetConfig  stm32f1xx_hal_tim.o
    0x08007450   0x08007450   0x0000007c   Code   RO         2380    i.TIM_OC2_SetConfig  stm32f1xx_hal_tim.o
    0x080074cc   0x080074cc   0x00000078   Code   RO         2381    i.TIM_OC3_SetConfig  stm32f1xx_hal_tim.o
    0x08007544   0x08007544   0x00000054   Code   RO         2382    i.TIM_OC4_SetConfig  stm32f1xx_hal_tim.o
    0x08007598   0x08007598   0x000000fc   Code   RO         1465    i.UART_SetConfig    stm32f1xx_hal_uart.o
    0x08007694   0x08007694   0x0000006c   Code   RO         1467    i.UART_WaitOnFlagUntilTimeout  stm32f1xx_hal_uart.o
    0x08007700   0x08007700   0x0000001c   Code   RO         4941    i.USART1_IRQHandler  usart.o
    0x0800771c   0x0800771c   0x0000004c   Code   RO         5017    i.USART2_IRQHandler  esp8266.o
    0x08007768   0x08007768   0x00000064   Code   RO         4942    i.USART_SendData    usart.o
    0x080077cc   0x080077cc   0x00000004   Code   RO          340    i.UsageFault_Handler  stm32f1xx_it.o
    0x080077d0   0x080077d0   0x000000b8   Code   RO         4943    i.Usart1_Init       usart.o
    0x08007888   0x08007888   0x000000b8   Code   RO         4944    i.Usart2_Init       usart.o
    0x08007940   0x08007940   0x0000003a   Code   RO         4945    i.UsartPrintf       usart.o
    0x0800797a   0x0800797a   0x00000002   PAD
    0x0800797c   0x0800797c   0x00000064   Code   RO         4946    i.Usart_SendString  usart.o
    0x080079e0   0x080079e0   0x00000028   Code   RO         6695    i.__ARM_fpclassify  m_ws.l(fpclassify.o)
    0x08007a08   0x08007a08   0x00000010   Code   RO          841    i.__NVIC_GetPriorityGrouping  stm32f1xx_hal_cortex.o
    0x08007a18   0x08007a18   0x00000028   Code   RO          842    i.__NVIC_SetPriority  stm32f1xx_hal_cortex.o
    0x08007a40   0x08007a40   0x0000000e   Code   RO         6805    i.__mathlib_dbl_overflow  m_ws.l(dunder.o)
    0x08007a4e   0x08007a4e   0x00000002   PAD
    0x08007a50   0x08007a50   0x00000010   Code   RO         6807    i.__mathlib_dbl_underflow  m_ws.l(dunder.o)
    0x08007a60   0x08007a60   0x00000010   Code   RO         6697    i.__mathlib_narrow  m_ws.l(narrow.o)
    0x08007a70   0x08007a70   0x000000bc   Code   RO         6698    i.__mathlib_tofloat  m_ws.l(narrow.o)
    0x08007b2c   0x08007b2c   0x00000016   Code   RO         6777    i.__support_ldexp   m_ws.l(ldexp.o)
    0x08007b42   0x08007b42   0x0000000e   Code   RO         6331    i._is_digit         c_w.l(__printf_wp.o)
    0x08007b50   0x08007b50   0x00000018   Code   RO         4569    i.airqu_get_val     my_adc.o
    0x08007b68   0x08007b68   0x00000008   Code   RO         4516    i.at24cxx_init      24cxx.o
    0x08007b70   0x08007b70   0x00000052   Code   RO         4518    i.at24cxx_read_one_byte  24cxx.o
    0x08007bc2   0x08007bc2   0x0000004a   Code   RO         4520    i.at24cxx_write_one_byte  24cxx.o
    0x08007c0c   0x08007c0c   0x000000a4   Code   RO         4656    i.beep_init         beep.o
    0x08007cb0   0x08007cb0   0x0000002c   Code   RO         4801    i.btim_tim6_int_init  btim.o
    0x08007cdc   0x08007cdc   0x00000048   Code   RO         5322    i.buffer_skip_whitespace  cjson.o
    0x08007d24   0x08007d24   0x00000058   Code   RO         5354    i.cJSON_Delete      cjson.o
    0x08007d7c   0x08007d7c   0x00000010   Code   RO         5365    i.cJSON_GetErrorPtr  cjson.o
    0x08007d8c   0x08007d8c   0x00000012   Code   RO         5367    i.cJSON_GetObjectItem  cjson.o
    0x08007d9e   0x08007d9e   0x0000001a   Code   RO         5384    i.cJSON_New_Item    cjson.o
    0x08007db8   0x08007db8   0x00000010   Code   RO         5385    i.cJSON_Parse       cjson.o
    0x08007dc8   0x08007dc8   0x000000d4   Code   RO         5387    i.cJSON_ParseWithLengthOpts  cjson.o
    0x08007e9c   0x08007e9c   0x00000028   Code   RO         5388    i.cJSON_ParseWithOpts  cjson.o
    0x08007ec4   0x08007ec4   0x00000048   Code   RO         5403    i.case_insensitive_strcmp  cjson.o
    0x08007f0c   0x08007f0c   0x00000058   Code   RO         4367    i.ct_iic_ack        ctiic.o
    0x08007f64   0x08007f64   0x0000000a   Code   RO         4368    i.ct_iic_delay      ctiic.o
    0x08007f6e   0x08007f6e   0x00000002   PAD
    0x08007f70   0x08007f70   0x00000080   Code   RO         4369    i.ct_iic_init       ctiic.o
    0x08007ff0   0x08007ff0   0x00000044   Code   RO         4370    i.ct_iic_nack       ctiic.o
    0x08008034   0x08008034   0x00000064   Code   RO         4371    i.ct_iic_read_byte  ctiic.o
    0x08008098   0x08008098   0x00000070   Code   RO         4372    i.ct_iic_send_byte  ctiic.o
    0x08008108   0x08008108   0x00000054   Code   RO         4373    i.ct_iic_start      ctiic.o
    0x0800815c   0x0800815c   0x00000044   Code   RO         4374    i.ct_iic_stop       ctiic.o
    0x080081a0   0x080081a0   0x00000070   Code   RO         4375    i.ct_iic_wait_ack   ctiic.o
    0x08008210   0x08008210   0x0000000c   Code   RO          536    i.delay_init        delay.o
    0x0800821c   0x0800821c   0x00000012   Code   RO          537    i.delay_ms          delay.o
    0x0800822e   0x0800822e   0x00000002   PAD
    0x08008230   0x08008230   0x00000048   Code   RO          538    i.delay_us          delay.o
    0x08008278   0x08008278   0x00000058   Code   RO         4680    i.dht11_check       dht11.o
    0x080082d0   0x080082d0   0x00000050   Code   RO         4681    i.dht11_init        dht11.o
    0x08008320   0x08008320   0x0000005c   Code   RO         4682    i.dht11_read_bit    dht11.o
    0x0800837c   0x0800837c   0x0000001e   Code   RO         4683    i.dht11_read_byte   dht11.o
    0x0800839a   0x0800839a   0x00000058   Code   RO         4684    i.dht11_read_data   dht11.o
    0x080083f2   0x080083f2   0x00000002   PAD
    0x080083f4   0x080083f4   0x00000034   Code   RO         4685    i.dht11_reset       dht11.o
    0x08008428   0x08008428   0x00000058   Code   RO         6739    i.frexp             m_ws.l(frexp.o)
    0x08008480   0x08008480   0x00000004   Code   RO         5409    i.get_decimal_point  cjson.o
    0x08008484   0x08008484   0x00000052   Code   RO         5410    i.get_object_item   cjson.o
    0x080084d6   0x080084d6   0x00000002   PAD
    0x080084d8   0x080084d8   0x00000164   Code   RO         6046    i.gt9xxx_init       gt9xxx.o
    0x0800863c   0x0800863c   0x00000062   Code   RO         6047    i.gt9xxx_rd_reg     gt9xxx.o
    0x0800869e   0x0800869e   0x00000002   PAD
    0x080086a0   0x080086a0   0x000002f0   Code   RO         6048    i.gt9xxx_scan       gt9xxx.o
    0x08008990   0x08008990   0x0000005c   Code   RO         6049    i.gt9xxx_wr_reg     gt9xxx.o
    0x080089ec   0x080089ec   0x000000a0   Code   RO         4905    i.gtim2_init        gtim.o
    0x08008a8c   0x08008a8c   0x00000050   Code   RO         4441    i.iic_ack           myiic.o
    0x08008adc   0x08008adc   0x0000000a   Code   RO         4442    i.iic_delay         myiic.o
    0x08008ae6   0x08008ae6   0x00000002   PAD
    0x08008ae8   0x08008ae8   0x00000078   Code   RO         4443    i.iic_init          myiic.o
    0x08008b60   0x08008b60   0x00000040   Code   RO         4444    i.iic_nack          myiic.o
    0x08008ba0   0x08008ba0   0x0000005c   Code   RO         4445    i.iic_read_byte     myiic.o
    0x08008bfc   0x08008bfc   0x0000006c   Code   RO         4446    i.iic_send_byte     myiic.o
    0x08008c68   0x08008c68   0x0000004c   Code   RO         4447    i.iic_start         myiic.o
    0x08008cb4   0x08008cb4   0x00000040   Code   RO         4448    i.iic_stop          myiic.o
    0x08008cf4   0x08008cf4   0x00000064   Code   RO         4449    i.iic_wait_ack      myiic.o
    0x08008d58   0x08008d58   0x00000128   Code   RO         4852    i.key_extix_init    key_exti.o
    0x08008e80   0x08008e80   0x00000034   Code   RO         4063    i.lcd_clear         lcd.o
    0x08008eb4   0x08008eb4   0x0000016c   Code   RO         4065    i.lcd_display_dir   lcd.o
    0x08009020   0x08009020   0x00000020   Code   RO         4071    i.lcd_draw_point    lcd.o
    0x08009040   0x08009040   0x0000022c   Code   RO         4073    i.lcd_ex_ili9341_reginit  lcd.o
    0x0800926c   0x0800926c   0x00000340   Code   RO         4074    i.lcd_ex_ili9806_reginit  lcd.o
    0x080095ac   0x080095ac   0x00000ef2   Code   RO         4075    i.lcd_ex_nt35310_reginit  lcd.o
    0x0800a49e   0x0800a49e   0x00000efc   Code   RO         4076    i.lcd_ex_nt35510_reginit  lcd.o
    0x0800b39a   0x0800b39a   0x0000016e   Code   RO         4077    i.lcd_ex_ssd1963_reginit  lcd.o
    0x0800b508   0x0800b508   0x000001a8   Code   RO         4078    i.lcd_ex_st7789_reginit  lcd.o
    0x0800b6b0   0x0800b6b0   0x000001c6   Code   RO         4079    i.lcd_ex_st7796_reginit  lcd.o
    0x0800b876   0x0800b876   0x00000002   PAD
    0x0800b878   0x0800b878   0x00000054   Code   RO         4080    i.lcd_fill          lcd.o
    0x0800b8cc   0x0800b8cc   0x00000454   Code   RO         4082    i.lcd_init          lcd.o
    0x0800bd20   0x0800bd20   0x0000000c   Code   RO         4083    i.lcd_opt_delay     lcd.o
    0x0800bd2c   0x0800bd2c   0x00000016   Code   RO         4084    i.lcd_pow           lcd.o
    0x0800bd42   0x0800bd42   0x00000002   PAD
    0x0800bd44   0x0800bd44   0x00000018   Code   RO         4085    i.lcd_rd_data       lcd.o
    0x0800bd5c   0x0800bd5c   0x0000023c   Code   RO         4087    i.lcd_scan_dir      lcd.o
    0x0800bf98   0x0800bf98   0x00000120   Code   RO         4088    i.lcd_set_cursor    lcd.o
    0x0800c0b8   0x0800c0b8   0x00000140   Code   RO         4090    i.lcd_show_char     lcd.o
    0x0800c1f8   0x0800c1f8   0x0000006a   Code   RO         4092    i.lcd_show_string   lcd.o
    0x0800c262   0x0800c262   0x000000c6   Code   RO         4093    i.lcd_show_xnum     lcd.o
    0x0800c328   0x0800c328   0x00000054   Code   RO         4094    i.lcd_ssd_backlight_set  lcd.o
    0x0800c37c   0x0800c37c   0x00000018   Code   RO         4095    i.lcd_wr_data       lcd.o
    0x0800c394   0x0800c394   0x00000018   Code   RO         4096    i.lcd_wr_regno      lcd.o
    0x0800c3ac   0x0800c3ac   0x00000014   Code   RO         4097    i.lcd_write_ram_prepare  lcd.o
    0x0800c3c0   0x0800c3c0   0x00000010   Code   RO         4098    i.lcd_write_reg     lcd.o
    0x0800c3d0   0x0800c3d0   0x00000074   Code   RO         6778    i.ldexp             m_ws.l(ldexp.o)
    0x0800c444   0x0800c444   0x00000090   Code   RO         4036    i.led_init          led.o
    0x0800c4d4   0x0800c4d4   0x00000018   Code   RO         4570    i.lsens_get_val     my_adc.o
    0x0800c4ec   0x0800c4ec   0x00000ab4   Code   RO           13    i.main              main.o
    0x0800cfa0   0x0800cfa0   0x00000058   Code   RO         4571    i.my_adc_dma_enable  my_adc.o
    0x0800cff8   0x0800cff8   0x00000160   Code   RO         4572    i.my_adc_nch_dma_init  my_adc.o
    0x0800d158   0x0800d158   0x0000002a   Code   RO         4573    i.my_get_value      my_adc.o
    0x0800d182   0x0800d182   0x000000f8   Code   RO         5412    i.parse_array       cjson.o
    0x0800d27a   0x0800d27a   0x0000005a   Code   RO         5413    i.parse_hex4        cjson.o
    0x0800d2d4   0x0800d2d4   0x00000138   Code   RO         5414    i.parse_number      cjson.o
    0x0800d40c   0x0800d40c   0x0000013e   Code   RO         5415    i.parse_object      cjson.o
    0x0800d54a   0x0800d54a   0x0000018c   Code   RO         5416    i.parse_string      cjson.o
    0x0800d6d6   0x0800d6d6   0x00000002   PAD
    0x0800d6d8   0x0800d6d8   0x0000013c   Code   RO         5417    i.parse_value       cjson.o
    0x0800d814   0x0800d814   0x000000ac   Code   RO         6130    i.rtc_date2sec      rtc.o
    0x0800d8c0   0x0800d8c0   0x0000011c   Code   RO         6131    i.rtc_get_time      rtc.o
    0x0800d9dc   0x0800d9dc   0x00000050   Code   RO         6132    i.rtc_get_week      rtc.o
    0x0800da2c   0x0800da2c   0x000000bc   Code   RO         6133    i.rtc_init          rtc.o
    0x0800dae8   0x0800dae8   0x00000032   Code   RO         6134    i.rtc_is_leap_year  rtc.o
    0x0800db1a   0x0800db1a   0x00000002   PAD
    0x0800db1c   0x0800db1c   0x00000018   Code   RO         6135    i.rtc_read_bkr      rtc.o
    0x0800db34   0x0800db34   0x000000a8   Code   RO         6137    i.rtc_set_time      rtc.o
    0x0800dbdc   0x0800dbdc   0x0000001c   Code   RO         6138    i.rtc_write_bkr     rtc.o
    0x0800dbf8   0x0800dbf8   0x0000003c   Code   RO         5428    i.skip_utf8_bom     cjson.o
    0x0800dc34   0x0800dc34   0x0000001c   Code   RO         6432    i.strtod            m_ws.l(strtod.o)
    0x0800dc50   0x0800dc50   0x00000066   Code   RO          585    i.sys_stm32_clock_init  sys.o
    0x0800dcb6   0x0800dcb6   0x00000002   PAD
    0x0800dcb8   0x0800dcb8   0x00000058   Code   RO         6092    i.tp_init           touch.o
    0x0800dd10   0x0800dd10   0x00000010   Code   RO         6093    i.tp_scan           touch.o
    0x0800dd20   0x0800dd20   0x0000012c   Code   RO         5431    i.utf16_literal_to_utf8  cjson.o
    0x0800de4c   0x0800de4c   0x0000002c   Code   RO         6667    locale$$code        c_w.l(lc_ctype_c.o)
    0x0800de78   0x0800de78   0x0000002c   Code   RO         6670    locale$$code        c_w.l(lc_numeric_c.o)
    0x0800dea4   0x0800dea4   0x00000062   Code   RO         6736    x$fpl$d2f           fz_ws.l(d2f.o)
    0x0800df06   0x0800df06   0x00000002   PAD
    0x0800df08   0x0800df08   0x00000010   Code   RO         6799    x$fpl$dcheck1       fz_ws.l(dcheck1.o)
    0x0800df18   0x0800df18   0x00000018   Code   RO         6572    x$fpl$dcmpinf       fz_ws.l(dcmpi.o)
    0x0800df30   0x0800df30   0x00000078   Code   RO         6387    x$fpl$deqf          fz_ws.l(deqf.o)
    0x0800dfa8   0x0800dfa8   0x0000005e   Code   RO         6389    x$fpl$dfix          fz_ws.l(dfix.o)
    0x0800e006   0x0800e006   0x00000002   PAD
    0x0800e008   0x0800e008   0x0000005a   Code   RO         6393    x$fpl$dfixu         fz_ws.l(dfixu.o)
    0x0800e062   0x0800e062   0x00000026   Code   RO         6397    x$fpl$dfltu         fz_ws.l(dflt_clz.o)
    0x0800e088   0x0800e088   0x00000078   Code   RO         6403    x$fpl$dleqf         fz_ws.l(dleqf.o)
    0x0800e100   0x0800e100   0x00000154   Code   RO         6405    x$fpl$dmul          fz_ws.l(dmul.o)
    0x0800e254   0x0800e254   0x0000009c   Code   RO         6574    x$fpl$dnaninf       fz_ws.l(dnaninf.o)
    0x0800e2f0   0x0800e2f0   0x0000000c   Code   RO         6576    x$fpl$dretinf       fz_ws.l(dretinf.o)
    0x0800e2fc   0x0800e2fc   0x0000006c   Code   RO         6407    x$fpl$drleqf        fz_ws.l(drleqf.o)
    0x0800e368   0x0800e368   0x000000c4   Code   RO         6411    x$fpl$fadd          fz_ws.l(faddsub_clz.o)
    0x0800e42c   0x0800e42c   0x00000184   Code   RO         6418    x$fpl$fdiv          fz_ws.l(fdiv.o)
    0x0800e5b0   0x0800e5b0   0x0000003e   Code   RO         6421    x$fpl$ffixu         fz_ws.l(ffixu.o)
    0x0800e5ee   0x0800e5ee   0x00000002   PAD
    0x0800e5f0   0x0800e5f0   0x00000102   Code   RO         6425    x$fpl$fmul          fz_ws.l(fmul.o)
    0x0800e6f2   0x0800e6f2   0x0000008c   Code   RO         6578    x$fpl$fnaninf       fz_ws.l(fnaninf.o)
    0x0800e77e   0x0800e77e   0x0000000a   Code   RO         6580    x$fpl$fretinf       fz_ws.l(fretinf.o)
    0x0800e788   0x0800e788   0x000000ea   Code   RO         6413    x$fpl$fsub          fz_ws.l(faddsub_clz.o)
    0x0800e872   0x0800e872   0x00000006   Code   RO         6687    x$fpl$ieeestatus    fz_ws.l(istatus.o)
    0x0800e878   0x0800e878   0x00000004   Code   RO         6427    x$fpl$printf1       fz_ws.l(printf1.o)
    0x0800e87c   0x0800e87c   0x00000004   Code   RO         6582    x$fpl$printf2       fz_ws.l(printf2.o)
    0x0800e880   0x0800e880   0x00000064   Code   RO         6835    x$fpl$retnan        fz_ws.l(retnan.o)
    0x0800e8e4   0x0800e8e4   0x0000005c   Code   RO         6774    x$fpl$scalbn        fz_ws.l(scalbn.o)
    0x0800e940   0x0800e940   0x00000004   Code   RO         6429    x$fpl$scanf1        fz_ws.l(scanf1.o)
    0x0800e944   0x0800e944   0x00000008   Code   RO         6689    x$fpl$scanf2        fz_ws.l(scanf2.o)
    0x0800e94c   0x0800e94c   0x00000030   Code   RO         6837    x$fpl$trapveneer    fz_ws.l(trapv.o)
    0x0800e97c   0x0800e97c   0x00000000   Code   RO         6588    x$fpl$usenofp       fz_ws.l(usenofp.o)
    0x0800e97c   0x0800e97c   0x0000001c   Data   RO           15    .constdata          main.o
    0x0800e998   0x0800e998   0x00000018   Data   RO          297    .constdata          system_stm32f1xx.o
    0x0800e9b0   0x0800e9b0   0x0001ee2d   Data   RO         4100    .constdata          lcd.o
    0x0802d7dd   0x0802d7dd   0x00000001   PAD
    0x0802d7de   0x0802d7de   0x00000014   Data   RO         6050    .constdata          gt9xxx.o
    0x0802d7f2   0x0802d7f2   0x00000028   Data   RO         6319    .constdata          c_w.l(_printf_hex_int_ll_ptr.o)
    0x0802d81a   0x0802d81a   0x00000011   Data   RO         6339    .constdata          c_w.l(__printf_flags_ss_wp.o)
    0x0802d82b   0x0802d82b   0x00000001   PAD
    0x0802d82c   0x0802d82c   0x00000008   Data   RO         6487    .constdata          c_w.l(_printf_wctomb.o)
    0x0802d834   0x0802d834   0x00000026   Data   RO         6627    .constdata          c_w.l(_printf_fp_hex.o)
    0x0802d85a   0x0802d85a   0x00000002   PAD
    0x0802d85c   0x0802d85c   0x00000094   Data   RO         6640    .constdata          c_w.l(bigflt0.o)
    0x0802d8f0   0x0802d8f0   0x0000005d   Data   RO           16    .conststring        main.o
    0x0802d94d   0x0802d94d   0x00000003   PAD
    0x0802d950   0x0802d950   0x00000020   Data   RO         6839    Region$$Table       anon$$obj.o
    0x0802d970   0x0802d970   0x00000008   Data   RO         6681    c$$dinf             fz_ws.l(fpconst.o)
    0x0802d978   0x0802d978   0x00000008   Data   RO         6684    c$$dmax             fz_ws.l(fpconst.o)
    0x0802d980   0x0802d980   0x00000110   Data   RO         6666    locale$$data        c_w.l(lc_ctype_c.o)
    0x0802da90   0x0802da90   0x0000001c   Data   RO         6669    locale$$data        c_w.l(lc_numeric_c.o)


    Execution Region RW_IRAM1 (Exec base: 0x20000000, Load base: 0x0802daac, Size: 0x00000bf0, Max: 0x00010000, ABSOLUTE)

    Exec Addr    Load Addr    Size         Type   Attr      Idx    E Section Name        Object

    0x20000000   0x0802daac   0x00000038   Data   RW           17    .data               main.o
    0x20000038   0x0802dae4   0x00000004   Data   RW          298    .data               system_stm32f1xx.o
    0x2000003c   0x0802dae8   0x00000004   Data   RW          539    .data               delay.o
    0x20000040   0x0802daec   0x00000009   Data   RW          677    .data               stm32f1xx_hal.o
    0x20000049   0x0802daf5   0x00000003   PAD
    0x2000004c   0x0802daf8   0x00000008   Data   RW         4101    .data               lcd.o
    0x20000054   0x0802db00   0x00000004   Data   RW         5019    .data               esp8266.o
    0x20000058   0x0802db04   0x00000002   Data   RW         5267    .data               onenet.o
    0x2000005a   0x0802db06   0x00000002   PAD
    0x2000005c   0x0802db08   0x00000014   Data   RW         5433    .data               cjson.o
    0x20000070   0x0802db1c   0x00000008   Data   RW         6004    .data               stepping_motor.o
    0x20000078   0x0802db24   0x00000002   Data   RW         6051    .data               gt9xxx.o
    0x2000007a   0x0802db26   0x00000002   PAD
    0x2000007c   0x0802db28   0x00000048   Data   RW         6094    .data               touch.o
    0x200000c4   0x0802db70   0x00000002   Data   RW         6140    .data               rtc.o
    0x200000c6   0x0802db72   0x00000002   PAD
    0x200000c8        -       0x00000164   Zero   RW           14    .bss                main.o
    0x2000022c        -       0x00000056   Zero   RW         4099    .bss                lcd.o
    0x20000282   0x0802db72   0x00000002   PAD
    0x20000284        -       0x00000074   Zero   RW         4574    .bss                my_adc.o
    0x200002f8        -       0x00000048   Zero   RW         4802    .bss                btim.o
    0x20000340        -       0x000000e8   Zero   RW         4907    .bss                gtim.o
    0x20000428        -       0x00000080   Zero   RW         4947    .bss                usart.o
    0x200004a8        -       0x00000080   Zero   RW         5018    .bss                esp8266.o
    0x20000528        -       0x00000048   Zero   RW         6003    .bss                stepping_motor.o
    0x20000570        -       0x0000001e   Zero   RW         6139    .bss                rtc.o
    0x2000058e   0x0802db72   0x00000002   PAD
    0x20000590        -       0x00000060   Zero   RW         6592    .bss                c_w.l(libspace.o)
    0x200005f0        -       0x00000200   Zero   RW            2    HEAP                startup_stm32f103xe.o
    0x200007f0        -       0x00000400   Zero   RW            1    STACK               startup_stm32f103xe.o


==============================================================================

Image component sizes


      Code (inc. data)   RO Data    RW Data    ZI Data      Debug   Object Name

       164          0          0          0          0       1692   24cxx.o
       164         14          0          0          0        964   beep.o
       196         40          0          0         72       2818   btim.o
      2686         70          0         20          0      18609   cjson.o
       770         80          0          0          0       5202   ctiic.o
       102         10          0          4          0       1843   delay.o
       430         24          0          0          0       3842   dht11.o
       960        362          0          4        128       5475   esp8266.o
      1298         60         20          2          0       3979   gt9xxx.o
       160         22          0          0        232       1533   gtim.o
       516         58          0          0          0       3778   key_exti.o
     16148        510     126509          8         86      30948   lcd.o
       144         12          0          0          0        903   led.o
      2740        426        121         56        356     532848   main.o
      2672         26          0          0          0      17892   mqttkit.o
       530         34          0          0        116       3893   my_adc.o
       714         42          0          0          0       5066   myiic.o
      2008        926          0          2          0       8260   onenet.o
      1230         88          0          2         30       7682   rtc.o
        78         18          0          0          0        982   servo.o
        64         26        304          0       1536        928   startup_stm32f103xe.o
       668         30          0          8         72       2190   stepping_motor.o
       154         32          0          9          0       6387   stm32f1xx_hal.o
      1436         58          0          0          0       8900   stm32f1xx_hal_adc.o
       260          4          0          0          0       1462   stm32f1xx_hal_adc_ex.o
       304         22          0          0          0      29447   stm32f1xx_hal_cortex.o
       454          8          0          0          0       3506   stm32f1xx_hal_dma.o
       908         44          0          0          0       4579   stm32f1xx_hal_gpio.o
        12          4          0          0          0        515   stm32f1xx_hal_pwr.o
      1784        110          0          0          0       6048   stm32f1xx_hal_rcc.o
       612         46          0          0          0       2437   stm32f1xx_hal_rcc_ex.o
       388          6          0          0          0       3308   stm32f1xx_hal_rtc.o
        48         10          0          0          0       1783   stm32f1xx_hal_rtc_ex.o
       102          0          0          0          0       1208   stm32f1xx_hal_sram.o
      1890        102          0          0          0      12068   stm32f1xx_hal_tim.o
         4          0          0          0          0       1529   stm32f1xx_hal_tim_ex.o
       686          4          0          0          0       4163   stm32f1xx_hal_uart.o
        32          0          0          0          0       6998   stm32f1xx_it.o
       254         10          0          0          0       3839   stm32f1xx_ll_fsmc.o
       102          0          0          0          0        711   sys.o
         2          0         24          4          0       1339   system_stm32f1xx.o
       104         16          0         72          0       1881   touch.o
       654         72          0          0        128       5214   usart.o

    ----------------------------------------------------------------------
     44684       3426     127014        200       2760     768649   Object Totals
         0          0         32          0          0          0   (incl. Generated)
        52          0          4          9          4          0   (incl. Padding)

    ----------------------------------------------------------------------

      Code (inc. data)   RO Data    RW Data    ZI Data      Debug   Library Member Name

        44          6          0          0          0         84   __2sprintf.o
         8          0          0          0          0         68   __main.o
       392          4         17          0          0         92   __printf_flags_ss_wp.o
        14          0          0          0          0         68   __printf_wp.o
         0          0          0          0          0          0   __rtentry.o
        12          0          0          0          0          0   __rtentry2.o
         6          0          0          0          0          0   __rtentry4.o
        52          8          0          0          0          0   __scatter.o
        26          0          0          0          0          0   __scatter_copy.o
        28          0          0          0          0          0   __scatter_zi.o
        28          0          0          0          0         68   _chval.o
         6          0          0          0          0          0   _printf_a.o
         6          0          0          0          0          0   _printf_c.o
        44          0          0          0          0        108   _printf_char.o
        48          6          0          0          0         96   _printf_char_common.o
        40          0          0          0          0         68   _printf_charcount.o
         6          0          0          0          0          0   _printf_d.o
       120         16          0          0          0         92   _printf_dec.o
         6          0          0          0          0          0   _printf_e.o
         6          0          0          0          0          0   _printf_f.o
      1054          0          0          0          0        216   _printf_fp_dec.o
       764          8         38          0          0        100   _printf_fp_hex.o
       128         16          0          0          0         84   _printf_fp_infnan.o
         6          0          0          0          0          0   _printf_g.o
       148          4         40          0          0        160   _printf_hex_int_ll_ptr.o
         6          0          0          0          0          0   _printf_i.o
       178          0          0          0          0         88   _printf_intcommon.o
        10          0          0          0          0          0   _printf_l.o
         6          0          0          0          0          0   _printf_lc.o
        10          0          0          0          0          0   _printf_ll.o
         6          0          0          0          0          0   _printf_lld.o
         6          0          0          0          0          0   _printf_lli.o
         6          0          0          0          0          0   _printf_llo.o
         6          0          0          0          0          0   _printf_llu.o
         6          0          0          0          0          0   _printf_llx.o
       124         16          0          0          0         92   _printf_longlong_dec.o
         6          0          0          0          0          0   _printf_ls.o
         6          0          0          0          0          0   _printf_n.o
         6          0          0          0          0          0   _printf_o.o
       112         10          0          0          0        124   _printf_oct_int_ll.o
         6          0          0          0          0          0   _printf_p.o
        78          0          0          0          0        108   _printf_pad.o
         0          0          0          0          0          0   _printf_percent.o
         4          0          0          0          0          0   _printf_percent_end.o
         6          0          0          0          0          0   _printf_s.o
        82          0          0          0          0         80   _printf_str.o
        36          0          0          0          0         84   _printf_truncate.o
         6          0          0          0          0          0   _printf_u.o
        44          0          0          0          0        108   _printf_wchar.o
       188          6          8          0          0         92   _printf_wctomb.o
         6          0          0          0          0          0   _printf_x.o
        22          0          0          0          0        100   _rserrno.o
        64          0          0          0          0         84   _sgetc.o
        16          0          0          0          0         68   _snputc.o
        10          0          0          0          0         68   _sputc.o
       158          0          0          0          0         92   _strtoul.o
        64          0          0          0          0         92   _wcrtomb.o
        26          0          0          0          0         80   atoi.o
       228          4        148          0          0         96   bigflt0.o
      2152        136          0          0          0        960   btod.o
        10          0          0          0          0         68   defsig_exit.o
        50          0          0          0          0         88   defsig_general.o
        80         58          0          0          0         76   defsig_rtmem_inner.o
        14          0          0          0          0         80   defsig_rtmem_outer.o
        18          0          0          0          0         80   exit.o
        94          0          0          0          0         80   h1_alloc.o
        52          0          0          0          0         68   h1_extend.o
        78          0          0          0          0         80   h1_free.o
        14          0          0          0          0         84   h1_init.o
       184          0          0          0          0         92   h1_realloc.o
         6          0          0          0          0        152   heapauxi.o
         4          0          0          0          0        136   hguard.o
         0          0          0          0          0          0   indicate_semi.o
       138          0          0          0          0        168   init_alloc.o
        18          0          0          0          0         76   isspace.o
        44         10        272          0          0         76   lc_ctype_c.o
        44         10         28          0          0         76   lc_numeric_c.o
         2          0          0          0          0          0   libinit.o
        38          0          0          0          0          0   libinit2.o
         2          0          0          0          0          0   libshutdown.o
         2          0          0          0          0          0   libshutdown2.o
         8          4          0          0         96         68   libspace.o
        38          0          0          0          0         68   llshl.o
       138          0          0          0          0         80   lludiv10.o
         0          0          0          0          0          0   maybetermalloc1.o
        16          4          0          0          0         76   rt_ctype_table.o
         8          4          0          0          0         68   rt_errno_addr_intlibspace.o
         8          4          0          0          0         68   rt_heap_descriptor_intlibspace.o
         8          4          0          0          0         68   rt_locale_intlibspace.o
        68          0          0          0          0         68   rt_memclr.o
        78          0          0          0          0         80   rt_memclr_w.o
       138          0          0          0          0         68   rt_memcpy_v6.o
       100          0          0          0          0         80   rt_memcpy_w.o
         2          0          0          0          0          0   rtexit.o
        10          0          0          0          0          0   rtexit2.o
      1272         16          0          0          0        168   scanf_fp.o
       800         14          0          0          0        100   scanf_hexfp.o
       308         16          0          0          0        100   scanf_infnan.o
        20          0          0          0          0         68   strchr.o
       128          0          0          0          0         68   strcmpv7m.o
        62          0          0          0          0         76   strlen.o
        36          0          0          0          0         76   strncat.o
       150          0          0          0          0         80   strncmp.o
        36          0          0          0          0         80   strstr.o
       164         14          0          0          0        120   strtod.o
       112          0          0          0          0         88   strtol.o
        12          4          0          0          0         68   sys_exit.o
        74          0          0          0          0         80   sys_stackheap_outer.o
        14          0          0          0          0         76   sys_wrch.o
        26          0          0          0          0         76   tolower.o
         2          0          0          0          0         68   use_no_semi.o
        52          4          0          0          0         80   vsnprintf.o
        98          4          0          0          0         92   d2f.o
        16          4          0          0          0         68   dcheck1.o
        24          0          0          0          0         68   dcmpi.o
       120          4          0          0          0         92   deqf.o
        94          4          0          0          0         92   dfix.o
        90          4          0          0          0         92   dfixu.o
        38          0          0          0          0         68   dflt_clz.o
       120          4          0          0          0         92   dleqf.o
       340         12          0          0          0        104   dmul.o
       156          4          0          0          0         92   dnaninf.o
        12          0          0          0          0         68   dretinf.o
       108          0          0          0          0         80   drleqf.o
       430          8          0          0          0        168   faddsub_clz.o
       388         76          0          0          0         96   fdiv.o
        62          4          0          0          0         84   ffixu.o
       258          4          0          0          0         84   fmul.o
       140          4          0          0          0         84   fnaninf.o
         0          0         16          0          0          0   fpconst.o
        10          0          0          0          0         68   fretinf.o
         6          0          0          0          0         68   istatus.o
         4          0          0          0          0         68   printf1.o
         4          0          0          0          0         68   printf2.o
       100          0          0          0          0         68   retnan.o
        92          0          0          0          0         68   scalbn.o
         4          0          0          0          0         68   scanf1.o
         8          0          0          0          0         84   scanf2.o
        48          0          0          0          0         68   trapv.o
         0          0          0          0          0          0   usenofp.o
        30          6          0          0          0        136   dunder.o
        40          0          0          0          0         68   fpclassify.o
        88          8          0          0          0         76   frexp.o
       138          0          0          0          0        160   ldexp.o
       204          4          0          0          0        168   narrow.o
        28          0          0          0          0         80   strtod.o

    ----------------------------------------------------------------------
     14784        562        570          0         96      10304   Library Totals
        24          2          3          0          0          0   (incl. Padding)

    ----------------------------------------------------------------------

      Code (inc. data)   RO Data    RW Data    ZI Data      Debug   Library Name

     11462        406        551          0         96       7464   c_w.l
      2770        136         16          0          0       2152   fz_ws.l
       528         18          0          0          0        688   m_ws.l

    ----------------------------------------------------------------------
     14784        562        570          0         96      10304   Library Totals

    ----------------------------------------------------------------------

==============================================================================


      Code (inc. data)   RO Data    RW Data    ZI Data      Debug   

     59468       3988     127584        200       2856     760593   Grand Totals
     59468       3988     127584        200       2856     760593   ELF Image Totals
     59468       3988     127584        200          0          0   ROM Totals

==============================================================================

    Total RO  Size (Code + RO Data)               187052 ( 182.67kB)
    Total RW  Size (RW Data + ZI Data)              3056 (   2.98kB)
    Total ROM Size (Code + RO Data + RW Data)     187252 ( 182.86kB)

==============================================================================

